Archive member included because of file (symbol)

C:/ISIS/workspace/SecretGlobusSatProject/SecretGlobusSatProject/GlobusSatProject/..//hal/hal/lib\libHALD.a(I2C.o)
                              ./src/SubSystemModules/Communication/SubsystemCommands/Maintanence_Commands.o (I2C_write)
C:/ISIS/workspace/SecretGlobusSatProject/SecretGlobusSatProject/GlobusSatProject/..//hal/hal/lib\libHALD.a(SPI.o)
                              ./src/InitSystem.o (SPI_start)
C:/ISIS/workspace/SecretGlobusSatProject/SecretGlobusSatProject/GlobusSatProject/..//hal/hal/lib\libHALD.a(FRAM.o)
                              ./src/SubSystemModules/Communication/SubsystemCommands/Maintanence_Commands.o (FRAM_start)
C:/ISIS/workspace/SecretGlobusSatProject/SecretGlobusSatProject/GlobusSatProject/..//hal/hal/lib\libHALD.a(Time.o)
                              ./src/InitSystem.o (Time_start)
C:/ISIS/workspace/SecretGlobusSatProject/SecretGlobusSatProject/GlobusSatProject/..//hal/hal/lib\libHALD.a(WatchDogTimerNoOS.o)
                              ./src/main.o (WDT_start)
C:/ISIS/workspace/SecretGlobusSatProject/SecretGlobusSatProject/GlobusSatProject/..//hal/hal/lib\libHALD.a(WatchDogTimerOS.o)
                              ./src/TestingDemos/MainTest.o (WDT_startWatchdogKickTask)
C:/ISIS/workspace/SecretGlobusSatProject/SecretGlobusSatProject/GlobusSatProject/..//hal/hal/lib\libHALD.a(util.o)
                              ./src/TestingDemos/CommandsTestingDemo.o (UTIL_DbguGetIntegerMinMax)
C:/ISIS/workspace/SecretGlobusSatProject/SecretGlobusSatProject/GlobusSatProject/..//hal/hal/lib\libHALD.a(LED.o)
                              C:/ISIS/workspace/SecretGlobusSatProject/SecretGlobusSatProject/GlobusSatProject/..//hal/hal/lib\libHALD.a(WatchDogTimerOS.o) (LED_toggle)
C:/ISIS/workspace/SecretGlobusSatProject/SecretGlobusSatProject/GlobusSatProject/..//hal/hal/lib\libHALD.a(RTC.o)
                              C:/ISIS/workspace/SecretGlobusSatProject/SecretGlobusSatProject/GlobusSatProject/..//hal/hal/lib\libHALD.a(Time.o) (RTC_getTime)
C:/ISIS/workspace/SecretGlobusSatProject/SecretGlobusSatProject/GlobusSatProject/..//hal/hal/lib\libHALD.a(RTT.o)
                              C:/ISIS/workspace/SecretGlobusSatProject/SecretGlobusSatProject/GlobusSatProject/..//hal/hal/lib\libHALD.a(Time.o) (RTT_start)
C:/ISIS/workspace/SecretGlobusSatProject/SecretGlobusSatProject/GlobusSatProject/..//hal/hcc/lib\libHCCD.a(fat_common.o)
                              ./src/TLM_management.o (fn_init)
C:/ISIS/workspace/SecretGlobusSatProject/SecretGlobusSatProject/GlobusSatProject/..//hal/hcc/lib\libHCCD.a(fat_m.o)
                              ./src/TLM_management.o (fm_initvolume)
C:/ISIS/workspace/SecretGlobusSatProject/SecretGlobusSatProject/GlobusSatProject/..//hal/hcc/lib\libHCCD.a(safefat.o)
                              C:/ISIS/workspace/SecretGlobusSatProject/SecretGlobusSatProject/GlobusSatProject/..//hal/hcc/lib\libHCCD.a(fat_common.o) (safe_fix_filelengths)
C:/ISIS/workspace/SecretGlobusSatProject/SecretGlobusSatProject/GlobusSatProject/..//hal/hcc/lib\libHCCD.a(atmel_mcipdc.o)
                              ./src/TLM_management.o (atmel_mcipdc_initfunc)
C:/ISIS/workspace/SecretGlobusSatProject/SecretGlobusSatProject/GlobusSatProject/..//hal/hcc/lib\libHCCD.a(oalp_mutex.o)
                              C:/ISIS/workspace/SecretGlobusSatProject/SecretGlobusSatProject/GlobusSatProject/..//hal/hcc/lib\libHCCD.a(fat_common.o) (oal_mutex_create)
C:/ISIS/workspace/SecretGlobusSatProject/SecretGlobusSatProject/GlobusSatProject/..//hal/hcc/lib\libHCCD.a(oalp_task.o)
                              C:/ISIS/workspace/SecretGlobusSatProject/SecretGlobusSatProject/GlobusSatProject/..//hal/hcc/lib\libHCCD.a(fat_common.o) (oal_task_get_id)
C:/ISIS/workspace/SecretGlobusSatProject/SecretGlobusSatProject/GlobusSatProject/..//hal/hcc/lib\libHCCD.a(atmel_mcipdc_hw.o)
                              C:/ISIS/workspace/SecretGlobusSatProject/SecretGlobusSatProject/GlobusSatProject/..//hal/hcc/lib\libHCCD.a(atmel_mcipdc.o) (mcipdc_hw_init)
C:/ISIS/workspace/SecretGlobusSatProject/SecretGlobusSatProject/GlobusSatProject/..//hal/hcc/lib\libHCCD.a(psp_rand.o)
                              C:/ISIS/workspace/SecretGlobusSatProject/SecretGlobusSatProject/GlobusSatProject/..//hal/hcc/lib\libHCCD.a(fat_common.o) (psp_getrand)
C:/ISIS/workspace/SecretGlobusSatProject/SecretGlobusSatProject/GlobusSatProject/..//hal/hcc/lib\libHCCD.a(psp_rtc.o)
                              C:/ISIS/workspace/SecretGlobusSatProject/SecretGlobusSatProject/GlobusSatProject/..//hal/hcc/lib\libHCCD.a(fat_common.o) (psp_getcurrenttimedate)
C:/ISIS/workspace/SecretGlobusSatProject/SecretGlobusSatProject/GlobusSatProject/..//hal/hcc/lib\libHCCD.a(hcc_mem.o)
                              C:/ISIS/workspace/SecretGlobusSatProject/SecretGlobusSatProject/GlobusSatProject/..//hal/hcc/lib\libHCCD.a(atmel_mcipdc.o) (hcc_mem_alloc)
[...]
Memory Configuration

Name             Origin             Length             Attributes
sram0            0x00200000         0x00004000         w !xr
sram1            0x00300000         0x00004000         w !xr
sdram            0x20000000         0x02000000         w !xr
*default*        0x00000000         0xffffffff

Linker script and memory map

LOAD c:/isis/application/toolchain/bin/../lib/gcc/arm-none-eabi/4.7.4/../../../../arm-none-eabi/lib\libc.a
LOAD ./src/TestingDemos/CommandsTestingDemo.o
LOAD ./src/TestingDemos/EpsTestingDemo.o
LOAD ./src/TestingDemos/FileSystemTestingDemo.o
LOAD ./src/TestingDemos/MainTest.o
LOAD ./src/TestingDemos/MaintenanceTestingDemo.o
LOAD ./src/TestingDemos/TelemetryTestingDemo.o
LOAD ./src/TestingDemos/TrxvuTestingDemo.o
LOAD ./src/SubSystemModules/PowerManagment/EPS.o
LOAD ./src/SubSystemModules/PowerManagment/EPSOperationModes.o
LOAD ./src/SubSystemModules/Maintenance/Maintenance.o
LOAD ./src/SubSystemModules/Maintenance/SatMacros.o
LOAD ./src/SubSystemModules/Housekepping/TelemetryCollector.o
LOAD ./src/SubSystemModules/Communication/SubsystemCommands/EPS_Commands.o
LOAD ./src/SubSystemModules/Communication/SubsystemCommands/FS_Commands.o
LOAD ./src/SubSystemModules/Communication/SubsystemCommands/Freertos_Commands.o
LOAD ./src/SubSystemModules/Communication/SubsystemCommands/Maintanence_Commands.o
LOAD ./src/SubSystemModules/Communication/SubsystemCommands/TRXVU_Commands.o
LOAD ./src/SubSystemModules/Communication/AckHandler.o
LOAD ./src/SubSystemModules/Communication/ActUponCommand.o
LOAD ./src/SubSystemModules/Communication/Beacon.o
LOAD ./src/SubSystemModules/Communication/CommandDictionary.o
LOAD ./src/SubSystemModules/Communication/SatCommandHandler.o
LOAD ./src/SubSystemModules/Communication/SatDataTx.o
LOAD ./src/SubSystemModules/Communication/TRXVU.o
LOAD ./src/InitSystem.o
LOAD ./src/TLM_management.o
LOAD ./src/main.o
LOAD C:/ISIS/workspace/SecretGlobusSatProject/SecretGlobusSatProject/GlobusSatProject/..//hal/hal/lib\libHALD.a
LOAD C:/ISIS/workspace/SecretGlobusSatProject/SecretGlobusSatProject/GlobusSatProject/..//hal/hcc/lib\libHCCD.a
LOAD C:/ISIS/workspace/SecretGlobusSatProject/SecretGlobusSatProject/GlobusSatProject/../\satellite-subsystems\satellite-subsystems\lib\libSatelliteSubsystemsD.a
LOAD C:/ISIS/workspace/SecretGlobusSatProject/SecretGlobusSatProject/GlobusSatProject/..//hal/freertos/lib\libFreeRTOSD.a
LOAD C:/ISIS/workspace/SecretGlobusSatProject/SecretGlobusSatProject/GlobusSatProject/..//hal/at91/lib\libAt91D.a
START GROUP
LOAD c:/isis/application/toolchain/bin/../lib/gcc/arm-none-eabi/4.7.4\libgcc.a
LOAD c:/isis/application/toolchain/bin/../lib/gcc/arm-none-eabi/4.7.4/../../../../arm-none-eabi/lib\libg.a
LOAD c:/isis/application/toolchain/bin/../lib/gcc/arm-none-eabi/4.7.4/../../../../arm-none-eabi/lib\libc.a
END GROUP

.fixed          0x20000000    0x35ccc
                0x20000000                . = ALIGN (0x4)
                0x20000000                _sfixed = .
 *(.startup)
 .startup       0x20000000      0x14c C:/ISIS/workspace/SecretGlobusSatProject/SecretGlobusSatProject/GlobusSatProject/..//hal/at91/lib\libAt91D.a(board_cstartup.o)
                0x20000000                entry
 *(.text)
 .text          0x2000014c       0x64 C:/ISIS/workspace/SecretGlobusSatProject/SecretGlobusSatProject/GlobusSatProject/..//hal/at91/lib\libAt91D.a(cp15_asm.o)
                0x2000014c                _readControlRegister
                0x20000158                _writeControlRegister
                0x20000160                _waitForInterrupt
                0x2000016c                _writeTTB
                0x20000174                _writeDomain
                0x2000017c                _writeITLBLockdown
                0x20000184                _prefetchICacheLine
                0x2000018c                _flushDCache
                0x20000198                _flushWriteBuffer
                0x200001a4                _invalidateIDTLBs
 .text          0x200001b0      0x114 c:/isis/application/toolchain/bin/../lib/gcc/arm-none-eabi/4.7.4\libgcc.a(_udivsi3.o)
                0x200001b0                __aeabi_uidiv
                0x200001b0                __udivsi3
                0x200002a4                __aeabi_uidivmod
 .text          0x200002c4      0x148 c:/isis/application/toolchain/bin/../lib/gcc/arm-none-eabi/4.7.4\libgcc.a(_divsi3.o)
                0x200002c4                __divsi3
                0x200002c4                __aeabi_idiv
                0x200003ec                __aeabi_idivmod
 .text          0x2000040c        0x4 c:/isis/application/toolchain/bin/../lib/gcc/arm-none-eabi/4.7.4\libgcc.a(_dvmd_tls.o)
                0x2000040c                __aeabi_idiv0
                0x2000040c                __aeabi_ldiv0
 .text          0x20000410      0x41c c:/isis/application/toolchain/bin/../lib/gcc/arm-none-eabi/4.7.4\libgcc.a(_arm_addsubdf3.o)
                0x20000410                __aeabi_drsub
                0x20000418                __aeabi_dsub
                0x20000418                __subdf3
                0x2000041c                __aeabi_dadd
                0x2000041c                __adddf3
                0x2000072c                __floatunsidf
                0x2000072c                __aeabi_ui2d
                0x20000750                __floatsidf
                0x20000750                __aeabi_i2d
                0x20000778                __aeabi_f2d
                0x20000778                __extendsfdf2
                0x200007b8                __floatundidf
                0x200007b8                __aeabi_ul2d
                0x200007cc                __floatdidf
                0x200007cc                __aeabi_l2d
 .text          0x2000082c      0x49c c:/isis/application/toolchain/bin/../lib/gcc/arm-none-eabi/4.7.4\libgcc.a(_arm_muldivdf3.o)
                0x2000082c                __aeabi_dmul
                0x2000082c                __muldf3
                0x20000abc                __divdf3
                0x20000abc                __aeabi_ddiv
 .text          0x20000cc8       0x5c c:/isis/application/toolchain/bin/../lib/gcc/arm-none-eabi/4.7.4\libgcc.a(_arm_fixdfsi.o)
                0x20000cc8                __aeabi_d2iz
                0x20000cc8                __fixdfsi
 .text          0x20000d24      0x2ac c:/isis/application/toolchain/bin/../lib/gcc/arm-none-eabi/4.7.4\libgcc.a(_arm_addsubsf3.o)
                0x20000d24                __aeabi_frsub
                0x20000d2c                __subsf3
                0x20000d2c                __aeabi_fsub
                0x20000d30                __aeabi_fadd
                0x20000d30                __addsf3
                0x20000eec                __aeabi_ui2f
                0x20000eec                __floatunsisf
                0x20000ef4                __aeabi_i2f
                0x20000ef4                __floatsisf
                0x20000f14                __aeabi_ul2f
                0x20000f14                __floatundisf
                0x20000f24                __aeabi_l2f
                0x20000f24                __floatdisf
 .text          0x20000fd0      0x2f8 c:/isis/application/toolchain/bin/../lib/gcc/arm-none-eabi/4.7.4\libgcc.a(_arm_muldivsf3.o)
                0x20000fd0                __mulsf3
                0x20000fd0                __aeabi_fmul
                0x20001168                __aeabi_fdiv
                0x20001168                __divsf3
 .text          0x200012c8      0x114 c:/isis/application/toolchain/bin/../lib/gcc/arm-none-eabi/4.7.4\libgcc.a(_arm_cmpsf2.o)
                0x200012c8                __gesf2
                0x200012c8                __gtsf2
                0x200012d0                __lesf2
                0x200012d0                __ltsf2
                0x200012d8                __nesf2
                0x200012d8                __eqsf2
                0x200012d8                __cmpsf2
                0x2000133c                __aeabi_cfrcmple
                0x2000134c                __aeabi_cfcmpeq
                0x2000134c                __aeabi_cfcmple
                0x20001364                __aeabi_fcmpeq
                0x2000137c                __aeabi_fcmplt
                0x20001394                __aeabi_fcmple
                0x200013ac                __aeabi_fcmpge
                0x200013c4                __aeabi_fcmpgt
 .text          0x200013dc       0x54 c:/isis/application/toolchain/bin/../lib/gcc/arm-none-eabi/4.7.4\libgcc.a(_arm_fixunssfsi.o)
                0x200013dc                __fixunssfsi
                0x200013dc                __aeabi_f2uiz
 .text          0x20001430      0x144 c:/isis/application/toolchain/bin/../lib/gcc/arm-none-eabi/4.7.4\libgcc.a(_arm_cmpdf2.o)
                0x20001430                __gtdf2
                0x20001430                __gedf2
                0x20001438                __ltdf2
                0x20001438                __ledf2
                0x20001440                __nedf2
                0x20001440                __eqdf2
                0x20001440                __cmpdf2
                0x200014c8                __aeabi_cdrcmple
                0x200014e4                __aeabi_cdcmpeq
                0x200014e4                __aeabi_cdcmple
                0x200014fc                __aeabi_dcmpeq
                0x20001514                __aeabi_dcmplt
                0x2000152c                __aeabi_dcmple
                0x20001544                __aeabi_dcmpge
                0x2000155c                __aeabi_dcmpgt
 .text          0x20001574       0x3c c:/isis/application/toolchain/bin/../lib/gcc/arm-none-eabi/4.7.4\libgcc.a(_aeabi_uldivmod.o)
                0x20001574                __aeabi_uldivmod
 .text          0x200015b0       0x84 c:/isis/application/toolchain/bin/../lib/gcc/arm-none-eabi/4.7.4\libgcc.a(bpabi.o)
                0x200015b0                __gnu_ldivmod_helper
                0x200015f4                __gnu_uldivmod_helper
 .text          0x20001634      0x4f0 c:/isis/application/toolchain/bin/../lib/gcc/arm-none-eabi/4.7.4\libgcc.a(_divdi3.o)
                0x20001634                __divdi3
 .text          0x20001b24      0x488 c:/isis/application/toolchain/bin/../lib/gcc/arm-none-eabi/4.7.4\libgcc.a(_udivdi3.o)
                0x20001b24                __udivdi3
 .text          0x20001fac       0x48 c:/isis/application/toolchain/bin/../lib/gcc/arm-none-eabi/4.7.4\libgcc.a(_clzsi2.o)
                0x20001fac                __clzsi2
 *(.text*)
 .text.EPS_Init
                0x20001ff4       0xf8 ./src/SubSystemModules/PowerManagment/EPS.o
                0x20001ff4                EPS_Init
 .text.EPS_Conditioning
                0x200020ec      0x164 ./src/SubSystemModules/PowerManagment/EPS.o
                0x200020ec                EPS_Conditioning
 .text.GetBatteryVoltage
                0x20002250       0x54 ./src/SubSystemModules/PowerManagment/EPS.o
                0x20002250                GetBatteryVoltage
 .text.UpdateAlpha
                0x200022a4       0x9c ./src/SubSystemModules/PowerManagment/EPS.o
                0x200022a4                UpdateAlpha
 .text.GetThresholdVoltages
                0x20002340       0x4c ./src/SubSystemModules/PowerManagment/EPS.o
                0x20002340                GetThresholdVoltages
 .text.GetAlpha
                0x2000238c       0x48 ./src/SubSystemModules/PowerManagment/EPS.o
                0x2000238c                GetAlpha
 .text.EnterFullMode
                0x200023d4       0x6c ./src/SubSystemModules/PowerManagment/EPSOperationModes.o
                0x200023d4                EnterFullMode
 .text.EnterCruiseMode
                0x20002440       0x6c ./src/SubSystemModules/PowerManagment/EPSOperationModes.o
                0x20002440                EnterCruiseMode
 .text.EnterSafeMode
                0x200024ac       0x6c ./src/SubSystemModules/PowerManagment/EPSOperationModes.o
                0x200024ac                EnterSafeMode
 .text.EnterCriticalMode
                0x20002518       0x6c ./src/SubSystemModules/PowerManagment/EPSOperationModes.o
                0x20002518                EnterCriticalMode
 .text.SetEPS_ChannelsOn
                0x20002584       0x48 ./src/SubSystemModules/PowerManagment/EPSOperationModes.o
                0x20002584                SetEPS_ChannelsOn
 .text.SetEPS_ChannelsOff
                0x200025cc       0x50 ./src/SubSystemModules/PowerManagment/EPSOperationModes.o
                0x200025cc                SetEPS_ChannelsOff
 .text.EpsGetLowVoltageFlag
                0x2000261c       0x24 ./src/SubSystemModules/PowerManagment/EPSOperationModes.o
                0x2000261c                EpsGetLowVoltageFlag
 .text.EpsSetLowVoltageFlag
                0x20002640       0x2c ./src/SubSystemModules/PowerManagment/EPSOperationModes.o
                0x20002640                EpsSetLowVoltageFlag
 .text.CheckExecutionTime
                0x2000266c       0x70 ./src/SubSystemModules/Maintenance/Maintenance.o
                0x2000266c                CheckExecutionTime
 .text.SaveSatTimeInFRAM
                0x200026dc       0x44 ./src/SubSystemModules/Maintenance/Maintenance.o
                0x200026dc                SaveSatTimeInFRAM
 .text.IsFS_Corrupted
                0x20002720       0x48 ./src/SubSystemModules/Maintenance/Maintenance.o
                0x20002720                IsFS_Corrupted
 .text.WakeupFromResetCMD
                0x20002768       0xec ./src/SubSystemModules/Maintenance/Maintenance.o
                0x20002768                WakeupFromResetCMD
 .text.ResetGroundCommWDT
                0x20002854       0x1c ./src/SubSystemModules/Maintenance/Maintenance.o
                0x20002854                ResetGroundCommWDT
 .text.IsGroundCommunicationWDTKick
                0x20002870       0x78 ./src/SubSystemModules/Maintenance/Maintenance.o
                0x20002870                IsGroundCommunicationWDTKick
 .text.GetGsWdtKickTime
                0x200028e8       0x38 ./src/SubSystemModules/Maintenance/Maintenance.o
                0x200028e8                GetGsWdtKickTime
 .text.Maintenance
                0x20002920       0x4c ./src/SubSystemModules/Maintenance/Maintenance.o
                0x20002920                Maintenance
 .text.GetTelemetryFilenameByType
                0x2000296c      0x29c ./src/SubSystemModules/Housekepping/TelemetryCollector.o
                0x2000296c                GetTelemetryFilenameByType
 .text.InitTelemetryCollrctor
                0x20002c08       0x28 ./src/SubSystemModules/Housekepping/TelemetryCollector.o
                0x20002c08                InitTelemetryCollrctor
 .text.TelemetryCollectorLogic
                0x20002c30      0x128 ./src/SubSystemModules/Housekepping/TelemetryCollector.o
                0x20002c30                TelemetryCollectorLogic
 .text.TelemetryCreateFiles
                0x20002d58      0x2ac ./src/SubSystemModules/Housekepping/TelemetryCollector.o
                0x20002d58                TelemetryCreateFiles
 .text.TelemetrySaveEPS
                0x20003004      0x134 ./src/SubSystemModules/Housekepping/TelemetryCollector.o
                0x20003004                TelemetrySaveEPS
 .text.TelemetrySaveTRXVU
                0x20003138       0x84 ./src/SubSystemModules/Housekepping/TelemetryCollector.o
                0x20003138                TelemetrySaveTRXVU
 .text.TelemetrySaveANT
                0x200031bc       0x88 ./src/SubSystemModules/Housekepping/TelemetryCollector.o
                0x200031bc                TelemetrySaveANT
 .text.TelemetrySaveSolarPanels
                0x20003244      0x1c8 ./src/SubSystemModules/Housekepping/TelemetryCollector.o
                0x20003244                TelemetrySaveSolarPanels
 .text.TelemetrySaveWOD
                0x2000340c       0xd4 ./src/SubSystemModules/Housekepping/TelemetryCollector.o
                0x2000340c                TelemetrySaveWOD
 .text.GetCurrentWODTelemetry
                0x200034e0      0x5f4 ./src/SubSystemModules/Housekepping/TelemetryCollector.o
                0x200034e0                GetCurrentWODTelemetry
 .text.CMD_UpdateSatTime
                0x20003ad4       0x94 ./src/SubSystemModules/Communication/SubsystemCommands/Maintanence_Commands.o
                0x20003ad4                CMD_UpdateSatTime
 .text.CMD_ResetComponent
                0x20003b68      0x228 ./src/SubSystemModules/Communication/SubsystemCommands/Maintanence_Commands.o
                0x20003b68                CMD_ResetComponent
 .text.CMD_StartDump
                0x20003d90       0x34 ./src/SubSystemModules/Communication/SubsystemCommands/TRXVU_Commands.o
                0x20003d90                CMD_StartDump
 .text.CMD_SendDumpAbortRequest
                0x20003dc4       0x24 ./src/SubSystemModules/Communication/SubsystemCommands/TRXVU_Commands.o
                0x20003dc4                CMD_SendDumpAbortRequest
 .text.CMD_ForceDumpAbort
                0x20003de8       0x24 ./src/SubSystemModules/Communication/SubsystemCommands/TRXVU_Commands.o
                0x20003de8                CMD_ForceDumpAbort
 .text.CMD_MuteTRXVU
                0x20003e0c       0x5c ./src/SubSystemModules/Communication/SubsystemCommands/TRXVU_Commands.o
                0x20003e0c                CMD_MuteTRXVU
 .text.CMD_UnMuteTRXVU
                0x20003e68       0x24 ./src/SubSystemModules/Communication/SubsystemCommands/TRXVU_Commands.o
                0x20003e68                CMD_UnMuteTRXVU
 .text.CMD_GetBaudRate
                0x20003e8c       0x4c ./src/SubSystemModules/Communication/SubsystemCommands/TRXVU_Commands.o
                0x20003e8c                CMD_GetBaudRate
 .text.CMD_SetBeaconCycleTime
                0x20003ed8       0x88 ./src/SubSystemModules/Communication/SubsystemCommands/TRXVU_Commands.o
                0x20003ed8                CMD_SetBeaconCycleTime
 .text.CMD_GetBeaconInterval
                0x20003f60       0x60 ./src/SubSystemModules/Communication/SubsystemCommands/TRXVU_Commands.o
                0x20003f60                CMD_GetBeaconInterval
 .text.CMD_SetBeaconInterval
                0x20003fc0       0x88 ./src/SubSystemModules/Communication/SubsystemCommands/TRXVU_Commands.o
                0x20003fc0                CMD_SetBeaconInterval
 .text.CMD_SetBaudRate
                0x20004048       0x48 ./src/SubSystemModules/Communication/SubsystemCommands/TRXVU_Commands.o
                0x20004048                CMD_SetBaudRate
 .text.CMD_GetTxUptime
                0x20004090       0x58 ./src/SubSystemModules/Communication/SubsystemCommands/TRXVU_Commands.o
                0x20004090                CMD_GetTxUptime
 .text.CMD_GetRxUptime
                0x200040e8       0x58 ./src/SubSystemModules/Communication/SubsystemCommands/TRXVU_Commands.o
                0x200040e8                CMD_GetRxUptime
 .text.CMD_GetNumOfDelayedCommands
                0x20004140       0x50 ./src/SubSystemModules/Communication/SubsystemCommands/TRXVU_Commands.o
                0x20004140                CMD_GetNumOfDelayedCommands
 .text.CMD_GetNumOfOnlineCommands
                0x20004190       0x58 ./src/SubSystemModules/Communication/SubsystemCommands/TRXVU_Commands.o
                0x20004190                CMD_GetNumOfOnlineCommands
 .text.CMD_DeleteDelyedCmdByID
                0x200041e8       0x60 ./src/SubSystemModules/Communication/SubsystemCommands/TRXVU_Commands.o
                0x200041e8                CMD_DeleteDelyedCmdByID
 .text.CMD_DeleteAllDelyedBuffer
                0x20004248       0x34 ./src/SubSystemModules/Communication/SubsystemCommands/TRXVU_Commands.o
                0x20004248                CMD_DeleteAllDelyedBuffer
 .text.CMD_AntSetArmStatus
                0x2000427c       0x80 ./src/SubSystemModules/Communication/SubsystemCommands/TRXVU_Commands.o
                0x2000427c                CMD_AntSetArmStatus
 .text.CMD_AntGetArmStatus
                0x200042fc       0x64 ./src/SubSystemModules/Communication/SubsystemCommands/TRXVU_Commands.o
                0x200042fc                CMD_AntGetArmStatus
 .text.CMD_AntGetUptime
                0x20004360       0x58 ./src/SubSystemModules/Communication/SubsystemCommands/TRXVU_Commands.o
                0x20004360                CMD_AntGetUptime
 .text.CMD_AntCancelDeployment
                0x200043b8       0x48 ./src/SubSystemModules/Communication/SubsystemCommands/TRXVU_Commands.o
                0x200043b8                CMD_AntCancelDeployment
 .text.SendAckPacket
                0x20004400       0xdc ./src/SubSystemModules/Communication/AckHandler.o
                0x20004400                SendAckPacket
 .text.SendErrorMSG
                0x200044dc       0x74 ./src/SubSystemModules/Communication/AckHandler.o
                0x200044dc                SendErrorMSG
 .text.SendErrorMSG_IfError
                0x20004550       0x4c ./src/SubSystemModules/Communication/AckHandler.o
                0x20004550                SendErrorMSG_IfError
 .text.ActUponCommand
                0x2000459c       0xe4 ./src/SubSystemModules/Communication/ActUponCommand.o
                0x2000459c                ActUponCommand
 .text.InitBeaconParams
                0x20004680       0x6c ./src/SubSystemModules/Communication/Beacon.o
                0x20004680                InitBeaconParams
 .text.BeaconSetBitrate
                0x200046ec       0xa0 ./src/SubSystemModules/Communication/Beacon.o
                0x200046ec                BeaconSetBitrate
 .text.BeaconLogic
                0x2000478c      0x184 ./src/SubSystemModules/Communication/Beacon.o
                0x2000478c                BeaconLogic
 .text.trxvu_command_router
                0x20004910      0x490 ./src/SubSystemModules/Communication/CommandDictionary.o
                0x20004910                trxvu_command_router
 .text.eps_command_router
                0x20004da0       0x80 ./src/SubSystemModules/Communication/CommandDictionary.o
                0x20004da0                eps_command_router
 .text.telemetry_command_router
                0x20004e20       0x54 ./src/SubSystemModules/Communication/CommandDictionary.o
                0x20004e20                telemetry_command_router
 .text.managment_command_router
                0x20004e74       0xe4 ./src/SubSystemModules/Communication/CommandDictionary.o
                0x20004e74                managment_command_router
 .text.filesystem_command_router
                0x20004f58       0x54 ./src/SubSystemModules/Communication/CommandDictionary.o
                0x20004f58                filesystem_command_router
 .text.freertos_command_router
                0x20004fac       0x54 ./src/SubSystemModules/Communication/CommandDictionary.o
                0x20004fac                freertos_command_router
 .text.ClearDelayedCMD_FromBuffer
                0x20005000       0xd0 ./src/SubSystemModules/Communication/SatCommandHandler.o
                0x20005000                ClearDelayedCMD_FromBuffer
 .text.ParseDataToCommand
                0x200050d0      0x184 ./src/SubSystemModules/Communication/SatCommandHandler.o
                0x200050d0                ParseDataToCommand
 .text.AssembleCommand
                0x20005254      0x150 ./src/SubSystemModules/Communication/SatCommandHandler.o
                0x20005254                AssembleCommand
 .text.isDelayedCommandDue
                0x200053a4       0xa4 ./src/SubSystemModules/Communication/SatCommandHandler.o
                0x200053a4                isDelayedCommandDue
 .text.GetDelayedCommand
                0x20005448      0x100 ./src/SubSystemModules/Communication/SatCommandHandler.o
                0x20005448                GetDelayedCommand
 .text.AddDelayedCommand
                0x20005548       0xf0 ./src/SubSystemModules/Communication/SatCommandHandler.o
                0x20005548                AddDelayedCommand
 .text.GetDelayedCommandBufferCount
                0x20005638       0x50 ./src/SubSystemModules/Communication/SatCommandHandler.o
                0x20005638                GetDelayedCommandBufferCount
 .text.GetOnlineCommand
                0x20005688      0x114 ./src/SubSystemModules/Communication/SatCommandHandler.o
                0x20005688                GetOnlineCommand
 .text.DeleteDelayedCommandByIndex
                0x2000579c       0x80 ./src/SubSystemModules/Communication/SatCommandHandler.o
                0x2000579c                DeleteDelayedCommandByIndex
 .text.DeleteDelayedBuffer
                0x2000581c       0x48 ./src/SubSystemModules/Communication/SatCommandHandler.o
                0x2000581c                DeleteDelayedBuffer
 .text.InitTxModule
                0x20005864       0x68 ./src/SubSystemModules/Communication/SatDataTx.o
                0x20005864                InitTxModule
 .text.muteTRXVU
                0x200058cc       0x78 ./src/SubSystemModules/Communication/SatDataTx.o
                0x200058cc                muteTRXVU
 .text.UnMuteTRXVU
                0x20005944       0x34 ./src/SubSystemModules/Communication/SatDataTx.o
                0x20005944                UnMuteTRXVU
 .text.GetMuteFlag
                0x20005978       0x24 ./src/SubSystemModules/Communication/SatDataTx.o
                0x20005978                GetMuteFlag
 .text.CheckForMuteEnd
                0x2000599c       0x4c ./src/SubSystemModules/Communication/SatDataTx.o
                0x2000599c                CheckForMuteEnd
 .text.GetNumberOfFramesInBuffer
                0x200059e8       0x4c ./src/SubSystemModules/Communication/SatDataTx.o
                0x200059e8                GetNumberOfFramesInBuffer
 .text.CheckTransmitionAllowed
                0x20005a34       0x54 ./src/SubSystemModules/Communication/SatDataTx.o
                0x20005a34                CheckTransmitionAllowed
 .text.GetTrxvuBitrate
                0x20005a88       0x70 ./src/SubSystemModules/Communication/SatDataTx.o
                0x20005a88                GetTrxvuBitrate
 .text.TransmitDataAsSPL_Packet
                0x20005af8      0x10c ./src/SubSystemModules/Communication/SatDataTx.o
                0x20005af8                TransmitDataAsSPL_Packet
 .text.TransmitSplPacket
                0x20005c04       0xf8 ./src/SubSystemModules/Communication/SatDataTx.o
                0x20005c04                TransmitSplPacket
 .text.InitSemaphores
                0x20005cfc       0x98 ./src/SubSystemModules/Communication/TRXVU.o
                0x20005cfc                InitSemaphores
 .text.InitTrxvu
                0x20005d94      0x10c ./src/SubSystemModules/Communication/TRXVU.o
                0x20005d94                InitTrxvu
 .text.TRX_Logic
                0x20005ea0       0xe4 ./src/SubSystemModules/Communication/TRXVU.o
                0x20005ea0                TRX_Logic
 .text.FinishDump
                0x20005f84       0xd0 ./src/SubSystemModules/Communication/TRXVU.o
                0x20005f84                FinishDump
 .text.AbortDump
                0x20006054       0x30 ./src/SubSystemModules/Communication/TRXVU.o
                0x20006054                AbortDump
 .text.SendDumpAbortRequest
                0x20006084       0xc0 ./src/SubSystemModules/Communication/TRXVU.o
                0x20006084                SendDumpAbortRequest
 .text.CheckDumpAbort
                0x20006144       0x58 ./src/SubSystemModules/Communication/TRXVU.o
                0x20006144                CheckDumpAbort
 .text.getTelemetryMetaData
                0x2000619c       0x68 ./src/SubSystemModules/Communication/TRXVU.o
                0x2000619c                getTelemetryMetaData
 .text.DumpTask
                0x20006204      0x358 ./src/SubSystemModules/Communication/TRXVU.o
                0x20006204                DumpTask
 .text.DumpTelemetry
                0x2000655c      0x1f4 ./src/SubSystemModules/Communication/TRXVU.o
                0x2000655c                DumpTelemetry
 .text.CheckForGsModeEnd
                0x20006750       0x5c ./src/SubSystemModules/Communication/TRXVU.o
                0x20006750                CheckForGsModeEnd
 .text.EnterGS_Mode
                0x200067ac       0x60 ./src/SubSystemModules/Communication/TRXVU.o
                0x200067ac                EnterGS_Mode
 .text.ExitGS_Mode
                0x2000680c       0x3c ./src/SubSystemModules/Communication/TRXVU.o
                0x2000680c                ExitGS_Mode
 .text.isFirstActivation
                0x20006848       0x38 ./src/InitSystem.o
                0x20006848                isFirstActivation
 .text.firstActivationProcedure
                0x20006880       0xf8 ./src/InitSystem.o
                0x20006880                firstActivationProcedure
 .text.WriteDefaultValuesToFRAM
                0x20006978      0x180 ./src/InitSystem.o
                0x20006978                WriteDefaultValuesToFRAM
 .text.StartFRAM
                0x20006af8       0x24 ./src/InitSystem.o
                0x20006af8                StartFRAM
 .text.StartI2C
                0x20006b1c       0x30 ./src/InitSystem.o
                0x20006b1c                StartI2C
 .text.StartSPI
                0x20006b4c       0x2c ./src/InitSystem.o
                0x20006b4c                StartSPI
 .text.StartTIME
                0x20006b78       0xa8 ./src/InitSystem.o
                0x20006b78                StartTIME
 .text.DeploySystem
                0x20006c20       0x8c ./src/InitSystem.o
                0x20006c20                DeploySystem
 .text.InitSubsystems
                0x20006cac      0x17c ./src/InitSystem.o
                0x20006cac                InitSubsystems
 .text.getSdIndex
                0x20006e28       0x44 ./src/TLM_management.o
 .text.sd_format
                0x20006e6c       0x28 ./src/TLM_management.o
                0x20006e6c                sd_format
 .text.getNumOfFilesInFS
                0x20006e94       0x44 ./src/TLM_management.o
 .text.setNumOfFilesInFS
                0x20006ed8       0x48 ./src/TLM_management.o
 .text.f_managed_enterFS
                0x20006f20       0x18 ./src/TLM_management.o
                0x20006f20                f_managed_enterFS
 .text.f_managed_open
                0x20006f38      0x124 ./src/TLM_management.o
                0x20006f38                f_managed_open
 .text.f_managed_close
                0x2000705c       0x90 ./src/TLM_management.o
                0x2000705c                f_managed_close
 .text.createSemahores_FS
                0x200070ec       0x48 ./src/TLM_management.o
                0x200070ec                createSemahores_FS
 .text.InitializeFS
                0x20007134      0x17c ./src/TLM_management.o
                0x20007134                InitializeFS
 .text.c_fileCreate
                0x200072b0      0x118 ./src/TLM_management.o
                0x200072b0                c_fileCreate
 .text.writewithEpochtime
                0x200073c8       0x90 ./src/TLM_management.o
 .text.get_C_FILE_struct
                0x20007458       0xe4 ./src/TLM_management.o
 .text.getFileIndex
                0x2000753c       0x84 ./src/TLM_management.o
 .text.get_file_name_by_index
                0x200075c0       0x44 ./src/TLM_management.o
                0x200075c0                get_file_name_by_index
 .text.c_fileWrite
                0x20007604      0x154 ./src/TLM_management.o
                0x20007604                c_fileWrite
 .text.c_fileGetSizeOfElement
                0x20007758       0x68 ./src/TLM_management.o
                0x20007758                c_fileGetSizeOfElement
 .text.c_fileRead
                0x200077c0      0x3a8 ./src/TLM_management.o
                0x200077c0                c_fileRead
 .text.DeInitializeFS
                0x20007b68       0x30 ./src/TLM_management.o
                0x20007b68                DeInitializeFS
 .text.taskMain
                0x20007b98       0x2c ./src/main.o
                0x20007b98                taskMain
 .text.main     0x20007bc4       0x98 ./src/main.o
                0x20007bc4                main
 .text.validateTransferParameters
                0x20007c5c      0x10c C:/ISIS/workspace/SecretGlobusSatProject/SecretGlobusSatProject/GlobusSatProject/..//hal/hal/lib\libHALD.a(I2C.o)
 .text.I2C_queueTransfer
                0x20007d68       0xfc C:/ISIS/workspace/SecretGlobusSatProject/SecretGlobusSatProject/GlobusSatProject/..//hal/hal/lib\libHALD.a(I2C.o)
                0x20007d68                I2C_queueTransfer
 .text.I2C_internalCallback
                0x20007e64       0x64 C:/ISIS/workspace/SecretGlobusSatProject/SecretGlobusSatProject/GlobusSatProject/..//hal/hal/lib\libHALD.a(I2C.o)
 .text.I2C_doBlockingTransfer
                0x20007ec8      0x180 C:/ISIS/workspace/SecretGlobusSatProject/SecretGlobusSatProject/GlobusSatProject/..//hal/hal/lib\libHALD.a(I2C.o)
 .text.I2C_writeRead
                0x20008048      0x17c C:/ISIS/workspace/SecretGlobusSatProject/SecretGlobusSatProject/GlobusSatProject/..//hal/hal/lib\libHALD.a(I2C.o)
                0x20008048                I2C_writeRead
 .text.I2C_start
                0x200081c4      0x2e8 C:/ISIS/workspace/SecretGlobusSatProject/SecretGlobusSatProject/GlobusSatProject/..//hal/hal/lib\libHALD.a(I2C.o)
                0x200081c4                I2C_start
 .text.I2C_stop
                0x200084ac      0x184 C:/ISIS/workspace/SecretGlobusSatProject/SecretGlobusSatProject/GlobusSatProject/..//hal/hal/lib\libHALD.a(I2C.o)
                0x200084ac                I2C_stop
 .text.I2C_setTransferTimeout
                0x20008630       0x48 C:/ISIS/workspace/SecretGlobusSatProject/SecretGlobusSatProject/GlobusSatProject/..//hal/hal/lib\libHALD.a(I2C.o)
                0x20008630                I2C_setTransferTimeout
 .text.clearPDCtransfers
                0x20008678       0xe8 C:/ISIS/workspace/SecretGlobusSatProject/SecretGlobusSatProject/GlobusSatProject/..//hal/hal/lib\libHALD.a(SPI.o)
 .text.SPI_start
                0x20008760      0x4b0 C:/ISIS/workspace/SecretGlobusSatProject/SecretGlobusSatProject/GlobusSatProject/..//hal/hal/lib\libHALD.a(SPI.o)
                0x20008760                SPI_start
 .text.SPI_stop
                0x20008c10      0x244 C:/ISIS/workspace/SecretGlobusSatProject/SecretGlobusSatProject/GlobusSatProject/..//hal/hal/lib\libHALD.a(SPI.o)
                0x20008c10                SPI_stop
 .text.SPI_queueTransfer
                0x20008e54      0x1cc C:/ISIS/workspace/SecretGlobusSatProject/SecretGlobusSatProject/GlobusSatProject/..//hal/hal/lib\libHALD.a(SPI.o)
                0x20008e54                SPI_queueTransfer
 .text.SPI_internalCallback
                0x20009020       0x64 C:/ISIS/workspace/SecretGlobusSatProject/SecretGlobusSatProject/GlobusSatProject/..//hal/hal/lib\libHALD.a(SPI.o)
 .text.SPI_writeRead
                0x20009084      0x1c0 C:/ISIS/workspace/SecretGlobusSatProject/SecretGlobusSatProject/GlobusSatProject/..//hal/hal/lib\libHALD.a(SPI.o)
                0x20009084                SPI_writeRead
 .text.waitForTransfer
                0x20009244       0x78 C:/ISIS/workspace/SecretGlobusSatProject/SecretGlobusSatProject/GlobusSatProject/..//hal/hal/lib\libHALD.a(SPI.o)
 .text.SPI_getDriverState
                0x200092bc       0x58 C:/ISIS/workspace/SecretGlobusSatProject/SecretGlobusSatProject/GlobusSatProject/..//hal/hal/lib\libHALD.a(SPI.o)
                0x200092bc                SPI_getDriverState
 .text.FRAM_start
                0x20009314      0x120 C:/ISIS/workspace/SecretGlobusSatProject/SecretGlobusSatProject/GlobusSatProject/..//hal/hal/lib\libHALD.a(FRAM.o)
                0x20009314                FRAM_start
 .text.FRAM_dummyCallback
                0x20009434       0x24 C:/ISIS/workspace/SecretGlobusSatProject/SecretGlobusSatProject/GlobusSatProject/..//hal/hal/lib\libHALD.a(FRAM.o)
                0x20009434                FRAM_dummyCallback
 .text.FRAM_unlockingCallback
                0x20009458       0x64 C:/ISIS/workspace/SecretGlobusSatProject/SecretGlobusSatProject/GlobusSatProject/..//hal/hal/lib\libHALD.a(FRAM.o)
                0x20009458                FRAM_unlockingCallback
 .text.doBlockingTransfer
                0x200094bc       0x78 C:/ISIS/workspace/SecretGlobusSatProject/SecretGlobusSatProject/GlobusSatProject/..//hal/hal/lib\libHALD.a(FRAM.o)
 .text.FRAM_writePacket
                0x20009534      0x144 C:/ISIS/workspace/SecretGlobusSatProject/SecretGlobusSatProject/GlobusSatProject/..//hal/hal/lib\libHALD.a(FRAM.o)
 .text.FRAM_write
                0x20009678      0x1d8 C:/ISIS/workspace/SecretGlobusSatProject/SecretGlobusSatProject/GlobusSatProject/..//hal/hal/lib\libHALD.a(FRAM.o)
                0x20009678                FRAM_write
 .text.FRAM_readPacket
                0x20009850       0xf0 C:/ISIS/workspace/SecretGlobusSatProject/SecretGlobusSatProject/GlobusSatProject/..//hal/hal/lib\libHALD.a(FRAM.o)
 .text.FRAM_read
                0x20009940      0x1e4 C:/ISIS/workspace/SecretGlobusSatProject/SecretGlobusSatProject/GlobusSatProject/..//hal/hal/lib\libHALD.a(FRAM.o)
                0x20009940                FRAM_read
 .text.Time_start
                0x20009b24      0x150 C:/ISIS/workspace/SecretGlobusSatProject/SecretGlobusSatProject/GlobusSatProject/..//hal/hal/lib\libHALD.a(Time.o)
                0x20009b24                Time_start
 .text.taskTimeSync
                0x20009c74       0x38 C:/ISIS/workspace/SecretGlobusSatProject/SecretGlobusSatProject/GlobusSatProject/..//hal/hal/lib\libHALD.a(Time.o)
 .text.Time_convertEpochToTime
                0x20009cac       0xf4 C:/ISIS/workspace/SecretGlobusSatProject/SecretGlobusSatProject/GlobusSatProject/..//hal/hal/lib\libHALD.a(Time.o)
                0x20009cac                Time_convertEpochToTime
 .text.Time_populateSecondsOfYear
                0x20009da0      0x188 C:/ISIS/workspace/SecretGlobusSatProject/SecretGlobusSatProject/GlobusSatProject/..//hal/hal/lib\libHALD.a(Time.o)
 .text.Time_set
                0x20009f28      0x110 C:/ISIS/workspace/SecretGlobusSatProject/SecretGlobusSatProject/GlobusSatProject/..//hal/hal/lib\libHALD.a(Time.o)
                0x20009f28                Time_set
 .text.Time_isLeapYear
                0x2000a038       0x98 C:/ISIS/workspace/SecretGlobusSatProject/SecretGlobusSatProject/GlobusSatProject/..//hal/hal/lib\libHALD.a(Time.o)
                0x2000a038                Time_isLeapYear
 .text.Time_get
                0x2000a0d0      0x410 C:/ISIS/workspace/SecretGlobusSatProject/SecretGlobusSatProject/GlobusSatProject/..//hal/hal/lib\libHALD.a(Time.o)
                0x2000a0d0                Time_get
 .text.Time_getUnixEpoch
                0x2000a4e0       0xf4 C:/ISIS/workspace/SecretGlobusSatProject/SecretGlobusSatProject/GlobusSatProject/..//hal/hal/lib\libHALD.a(Time.o)
                0x2000a4e0                Time_getUnixEpoch
 .text.Time_secondsOfYearToTime
                0x2000a5d4      0x328 C:/ISIS/workspace/SecretGlobusSatProject/SecretGlobusSatProject/GlobusSatProject/..//hal/hal/lib\libHALD.a(Time.o)
 .text.Time_setUnixEpoch
                0x2000a8fc       0x54 C:/ISIS/workspace/SecretGlobusSatProject/SecretGlobusSatProject/GlobusSatProject/..//hal/hal/lib\libHALD.a(Time.o)
                0x2000a8fc                Time_setUnixEpoch
 .text.Time_sync
                0x2000a950      0x2d8 C:/ISIS/workspace/SecretGlobusSatProject/SecretGlobusSatProject/GlobusSatProject/..//hal/hal/lib\libHALD.a(Time.o)
                0x2000a950                Time_sync
 .text.Time_syncIfNeeded
                0x2000ac28       0x90 C:/ISIS/workspace/SecretGlobusSatProject/SecretGlobusSatProject/GlobusSatProject/..//hal/hal/lib\libHALD.a(Time.o)
                0x2000ac28                Time_syncIfNeeded
 .text.Time_setSyncInterval
                0x2000acb8       0x38 C:/ISIS/workspace/SecretGlobusSatProject/SecretGlobusSatProject/GlobusSatProject/..//hal/hal/lib\libHALD.a(Time.o)
                0x2000acb8                Time_setSyncInterval
 .text.WDT_start
                0x2000acf0       0x48 C:/ISIS/workspace/SecretGlobusSatProject/SecretGlobusSatProject/GlobusSatProject/..//hal/hal/lib\libHALD.a(WatchDogTimerNoOS.o)
                0x2000acf0                WDT_start
 .text.WDT_startWatchdogKickTask
                0x2000ad38       0xb4 C:/ISIS/workspace/SecretGlobusSatProject/SecretGlobusSatProject/GlobusSatProject/..//hal/hal/lib\libHALD.a(WatchDogTimerOS.o)
                0x2000ad38                WDT_startWatchdogKickTask
 .text.WDT_forceKickEveryNms
                0x2000adec       0x50 C:/ISIS/workspace/SecretGlobusSatProject/SecretGlobusSatProject/GlobusSatProject/..//hal/hal/lib\libHALD.a(WatchDogTimerOS.o)
                0x2000adec                WDT_forceKickEveryNms
 .text.LED_glow
                0x2000ae3c       0x58 C:/ISIS/workspace/SecretGlobusSatProject/SecretGlobusSatProject/GlobusSatProject/..//hal/hal/lib\libHALD.a(LED.o)
                0x2000ae3c                LED_glow
 .text.LED_dark
                0x2000ae94       0x58 C:/ISIS/workspace/SecretGlobusSatProject/SecretGlobusSatProject/GlobusSatProject/..//hal/hal/lib\libHALD.a(LED.o)
                0x2000ae94                LED_dark
 .text.LED_toggle
                0x2000aeec       0x50 C:/ISIS/workspace/SecretGlobusSatProject/SecretGlobusSatProject/GlobusSatProject/..//hal/hal/lib\libHALD.a(LED.o)
                0x2000aeec                LED_toggle
 .text.RTC_start
                0x2000af3c       0x3c C:/ISIS/workspace/SecretGlobusSatProject/SecretGlobusSatProject/GlobusSatProject/..//hal/hal/lib\libHALD.a(RTC.o)
                0x2000af3c                RTC_start
 .text.RTC_setTime
                0x2000af78      0x2a4 C:/ISIS/workspace/SecretGlobusSatProject/SecretGlobusSatProject/GlobusSatProject/..//hal/hal/lib\libHALD.a(RTC.o)
                0x2000af78                RTC_setTime
 .text.RTC_getTime
                0x2000b21c      0x224 C:/ISIS/workspace/SecretGlobusSatProject/SecretGlobusSatProject/GlobusSatProject/..//hal/hal/lib\libHALD.a(RTC.o)
                0x2000b21c                RTC_getTime
 .text.RTC_checkTimeValid
                0x2000b440       0xdc C:/ISIS/workspace/SecretGlobusSatProject/SecretGlobusSatProject/GlobusSatProject/..//hal/hal/lib\libHALD.a(RTC.o)
                0x2000b440                RTC_checkTimeValid
 .text.RTT_start
                0x2000b51c       0x24 C:/ISIS/workspace/SecretGlobusSatProject/SecretGlobusSatProject/GlobusSatProject/..//hal/hal/lib\libHALD.a(RTT.o)
                0x2000b51c                RTT_start
 .text.fn_init  0x2000b540      0x2dc C:/ISIS/workspace/SecretGlobusSatProject/SecretGlobusSatProject/GlobusSatProject/..//hal/hcc/lib\libHCCD.a(fat_common.o)
                0x2000b540                fn_init
 .text.fsn_delete
                0x2000b81c       0xc8 C:/ISIS/workspace/SecretGlobusSatProject/SecretGlobusSatProject/GlobusSatProject/..//hal/hcc/lib\libHCCD.a(fat_common.o)
                0x2000b81c                fsn_delete
 .text._f_get16bitl
                0x2000b8e4       0x4c C:/ISIS/workspace/SecretGlobusSatProject/SecretGlobusSatProject/GlobusSatProject/..//hal/hcc/lib\libHCCD.a(fat_common.o)
                0x2000b8e4                _f_get16bitl
 .text._f_set16bitl
                0x2000b930       0x54 C:/ISIS/workspace/SecretGlobusSatProject/SecretGlobusSatProject/GlobusSatProject/..//hal/hcc/lib\libHCCD.a(fat_common.o)
                0x2000b930                _f_set16bitl
 .text._f_get32bitl
                0x2000b984       0x68 C:/ISIS/workspace/SecretGlobusSatProject/SecretGlobusSatProject/GlobusSatProject/..//hal/hcc/lib\libHCCD.a(fat_common.o)
                0x2000b984                _f_get32bitl
 .text._f_set32bitl
                0x2000b9ec       0x78 C:/ISIS/workspace/SecretGlobusSatProject/SecretGlobusSatProject/GlobusSatProject/..//hal/hcc/lib\libHCCD.a(fat_common.o)
                0x2000b9ec                _f_set32bitl
 .text._get8bit
                0x2000ba64       0xa0 C:/ISIS/workspace/SecretGlobusSatProject/SecretGlobusSatProject/GlobusSatProject/..//hal/hcc/lib\libHCCD.a(fat_common.o)
 .text._get16bitl
                0x2000bb04       0x40 C:/ISIS/workspace/SecretGlobusSatProject/SecretGlobusSatProject/GlobusSatProject/..//hal/hcc/lib\libHCCD.a(fat_common.o)
 .text._get32bitl
                0x2000bb44       0x3c C:/ISIS/workspace/SecretGlobusSatProject/SecretGlobusSatProject/GlobusSatProject/..//hal/hcc/lib\libHCCD.a(fat_common.o)
 .text._set8bitzero
                0x2000bb80       0x6c C:/ISIS/workspace/SecretGlobusSatProject/SecretGlobusSatProject/GlobusSatProject/..//hal/hcc/lib\libHCCD.a(fat_common.o)
 .text._set8bit
                0x2000bbec       0xa0 C:/ISIS/workspace/SecretGlobusSatProject/SecretGlobusSatProject/GlobusSatProject/..//hal/hcc/lib\libHCCD.a(fat_common.o)
 .text._set16bitl
                0x2000bc8c       0x3c C:/ISIS/workspace/SecretGlobusSatProject/SecretGlobusSatProject/GlobusSatProject/..//hal/hcc/lib\libHCCD.a(fat_common.o)
 .text._set32bitl
                0x2000bcc8       0x34 C:/ISIS/workspace/SecretGlobusSatProject/SecretGlobusSatProject/GlobusSatProject/..//hal/hcc/lib\libHCCD.a(fat_common.o)
 .text._f_setcardremoved
                0x2000bcfc       0x94 C:/ISIS/workspace/SecretGlobusSatProject/SecretGlobusSatProject/GlobusSatProject/..//hal/hcc/lib\libHCCD.a(fat_common.o)
 .text._f_checkstatus
                0x2000bd90      0x104 C:/ISIS/workspace/SecretGlobusSatProject/SecretGlobusSatProject/GlobusSatProject/..//hal/hcc/lib\libHCCD.a(fat_common.o)
                0x2000bd90                _f_checkstatus
 .text._f_drvgetphy
                0x2000be94      0x114 C:/ISIS/workspace/SecretGlobusSatProject/SecretGlobusSatProject/GlobusSatProject/..//hal/hcc/lib\libHCCD.a(fat_common.o)
 .text._f_drvwritesector
                0x2000bfa8       0xdc C:/ISIS/workspace/SecretGlobusSatProject/SecretGlobusSatProject/GlobusSatProject/..//hal/hcc/lib\libHCCD.a(fat_common.o)
 .text._f_drvreadsector
                0x2000c084       0xa8 C:/ISIS/workspace/SecretGlobusSatProject/SecretGlobusSatProject/GlobusSatProject/..//hal/hcc/lib\libHCCD.a(fat_common.o)
 .text._f_writesector
                0x2000c12c      0x23c C:/ISIS/workspace/SecretGlobusSatProject/SecretGlobusSatProject/GlobusSatProject/..//hal/hcc/lib\libHCCD.a(fat_common.o)
                0x2000c12c                _f_writesector
 .text._f_readsector
                0x2000c368      0x1dc C:/ISIS/workspace/SecretGlobusSatProject/SecretGlobusSatProject/GlobusSatProject/..//hal/hcc/lib\libHCCD.a(fat_common.o)
                0x2000c368                _f_readsector
 .text._f_getmaxcluster
                0x2000c544       0x94 C:/ISIS/workspace/SecretGlobusSatProject/SecretGlobusSatProject/GlobusSatProject/..//hal/hcc/lib\libHCCD.a(fat_common.o)
                0x2000c544                _f_getmaxcluster
 .text._getsectorfromcluster
                0x2000c5d8       0x68 C:/ISIS/workspace/SecretGlobusSatProject/SecretGlobusSatProject/GlobusSatProject/..//hal/hcc/lib\libHCCD.a(fat_common.o)
 .text._f_buildsectors
                0x2000c640      0x268 C:/ISIS/workspace/SecretGlobusSatProject/SecretGlobusSatProject/GlobusSatProject/..//hal/hcc/lib\libHCCD.a(fat_common.o)
 .text._f_getbootrecord
                0x2000c8a8      0x5e4 C:/ISIS/workspace/SecretGlobusSatProject/SecretGlobusSatProject/GlobusSatProject/..//hal/hcc/lib\libHCCD.a(fat_common.o)
 .text._f_readbootrecord
                0x2000ce8c      0x4f8 C:/ISIS/workspace/SecretGlobusSatProject/SecretGlobusSatProject/GlobusSatProject/..//hal/hcc/lib\libHCCD.a(fat_common.o)
 .text._f_writebootrecord
                0x2000d384      0x5e4 C:/ISIS/workspace/SecretGlobusSatProject/SecretGlobusSatProject/GlobusSatProject/..//hal/hcc/lib\libHCCD.a(fat_common.o)
 .text._f_flushcffiles
                0x2000d968      0x17c C:/ISIS/workspace/SecretGlobusSatProject/SecretGlobusSatProject/GlobusSatProject/..//hal/hcc/lib\libHCCD.a(fat_common.o)
                0x2000d968                _f_flushcffiles
 .text._f_fatcache_flush
                0x2000dae4      0x270 C:/ISIS/workspace/SecretGlobusSatProject/SecretGlobusSatProject/GlobusSatProject/..//hal/hcc/lib\libHCCD.a(fat_common.o)
                0x2000dae4                _f_fatcache_flush
 .text._f_writefatsector
                0x2000dd54      0x100 C:/ISIS/workspace/SecretGlobusSatProject/SecretGlobusSatProject/GlobusSatProject/..//hal/hcc/lib\libHCCD.a(fat_common.o)
                0x2000dd54                _f_writefatsector
 .text._f_getfatsector
                0x2000de54      0x3bc C:/ISIS/workspace/SecretGlobusSatProject/SecretGlobusSatProject/GlobusSatProject/..//hal/hcc/lib\libHCCD.a(fat_common.o)
 .text._f_setclustervalue
                0x2000e210      0x490 C:/ISIS/workspace/SecretGlobusSatProject/SecretGlobusSatProject/GlobusSatProject/..//hal/hcc/lib\libHCCD.a(fat_common.o)
                0x2000e210                _f_setclustervalue
 .text._f_getclustervalue
                0x2000e6a0      0x388 C:/ISIS/workspace/SecretGlobusSatProject/SecretGlobusSatProject/GlobusSatProject/..//hal/hcc/lib\libHCCD.a(fat_common.o)
                0x2000e6a0                _f_getclustervalue
 .text._f_close_drive_files
                0x2000ea28       0xac C:/ISIS/workspace/SecretGlobusSatProject/SecretGlobusSatProject/GlobusSatProject/..//hal/hcc/lib\libHCCD.a(fat_common.o)
 .text._f_inc_mount_count
                0x2000ead4       0xa4 C:/ISIS/workspace/SecretGlobusSatProject/SecretGlobusSatProject/GlobusSatProject/..//hal/hcc/lib\libHCCD.a(fat_common.o)
 .text._f_getvolume
                0x2000eb78      0x2f8 C:/ISIS/workspace/SecretGlobusSatProject/SecretGlobusSatProject/GlobusSatProject/..//hal/hcc/lib\libHCCD.a(fat_common.o)
                0x2000eb78                _f_getvolume
 .text.fn_createdriver
                0x2000ee70      0x118 C:/ISIS/workspace/SecretGlobusSatProject/SecretGlobusSatProject/GlobusSatProject/..//hal/hcc/lib\libHCCD.a(fat_common.o)
                0x2000ee70                fn_createdriver
 .text.fn_initvolume
                0x2000ef88      0x12c C:/ISIS/workspace/SecretGlobusSatProject/SecretGlobusSatProject/GlobusSatProject/..//hal/hcc/lib\libHCCD.a(fat_common.o)
                0x2000ef88                fn_initvolume
 .text.fn_releasedriver
                0x2000f0b4       0xf4 C:/ISIS/workspace/SecretGlobusSatProject/SecretGlobusSatProject/GlobusSatProject/..//hal/hcc/lib\libHCCD.a(fat_common.o)
                0x2000f0b4                fn_releasedriver
 .text.fn_initvolumepartition_sub
                0x2000f1a8       0xe0 C:/ISIS/workspace/SecretGlobusSatProject/SecretGlobusSatProject/GlobusSatProject/..//hal/hcc/lib\libHCCD.a(fat_common.o)
 .text.fn_initvolumepartition
                0x2000f288       0xac C:/ISIS/workspace/SecretGlobusSatProject/SecretGlobusSatProject/GlobusSatProject/..//hal/hcc/lib\libHCCD.a(fat_common.o)
                0x2000f288                fn_initvolumepartition
 .text.fn_delvolume
                0x2000f334      0x194 C:/ISIS/workspace/SecretGlobusSatProject/SecretGlobusSatProject/GlobusSatProject/..//hal/hcc/lib\libHCCD.a(fat_common.o)
                0x2000f334                fn_delvolume
 .text._f_clustertopos
                0x2000f4c8       0xf8 C:/ISIS/workspace/SecretGlobusSatProject/SecretGlobusSatProject/GlobusSatProject/..//hal/hcc/lib\libHCCD.a(fat_common.o)
                0x2000f4c8                _f_clustertopos
 .text._f_prepareformat
                0x2000f5c0      0x8b8 C:/ISIS/workspace/SecretGlobusSatProject/SecretGlobusSatProject/GlobusSatProject/..//hal/hcc/lib\libHCCD.a(fat_common.o)
 .text._f_resetfatentries
                0x2000fe78      0x410 C:/ISIS/workspace/SecretGlobusSatProject/SecretGlobusSatProject/GlobusSatProject/..//hal/hcc/lib\libHCCD.a(fat_common.o)
 .text._f_resetrootdir
                0x20010288       0xcc C:/ISIS/workspace/SecretGlobusSatProject/SecretGlobusSatProject/GlobusSatProject/..//hal/hcc/lib\libHCCD.a(fat_common.o)
 .text._f_postformat
                0x20010354      0x178 C:/ISIS/workspace/SecretGlobusSatProject/SecretGlobusSatProject/GlobusSatProject/..//hal/hcc/lib\libHCCD.a(fat_common.o)
 .text.fn_format
                0x200104cc      0x148 C:/ISIS/workspace/SecretGlobusSatProject/SecretGlobusSatProject/GlobusSatProject/..//hal/hcc/lib\libHCCD.a(fat_common.o)
                0x200104cc                fn_format
 .text._f_getcurrsector
                0x20010614      0x6c8 C:/ISIS/workspace/SecretGlobusSatProject/SecretGlobusSatProject/GlobusSatProject/..//hal/hcc/lib\libHCCD.a(fat_common.o)
                0x20010614                _f_getcurrsector
 .text._f_getdecluster
                0x20010cdc       0x90 C:/ISIS/workspace/SecretGlobusSatProject/SecretGlobusSatProject/GlobusSatProject/..//hal/hcc/lib\libHCCD.a(fat_common.o)
                0x20010cdc                _f_getdecluster
 .text._f_setdecluster
                0x20010d6c       0x8c C:/ISIS/workspace/SecretGlobusSatProject/SecretGlobusSatProject/GlobusSatProject/..//hal/hcc/lib\libHCCD.a(fat_common.o)
                0x20010d6c                _f_setdecluster
 .text.fn_getdrive
                0x20010df8       0x30 C:/ISIS/workspace/SecretGlobusSatProject/SecretGlobusSatProject/GlobusSatProject/..//hal/hcc/lib\libHCCD.a(fat_common.o)
                0x20010df8                fn_getdrive
 .text._f_getcurrenttimedate
                0x20010e28      0x138 C:/ISIS/workspace/SecretGlobusSatProject/SecretGlobusSatProject/GlobusSatProject/..//hal/hcc/lib\libHCCD.a(fat_common.o)
                0x20010e28                _f_getcurrenttimedate
 .text._f_initentry
                0x20010f60       0xa0 C:/ISIS/workspace/SecretGlobusSatProject/SecretGlobusSatProject/GlobusSatProject/..//hal/hcc/lib\libHCCD.a(fat_common.o)
                0x20010f60                _f_initentry
 .text._f_alloccluster
                0x20011000      0x344 C:/ISIS/workspace/SecretGlobusSatProject/SecretGlobusSatProject/GlobusSatProject/..//hal/hcc/lib\libHCCD.a(fat_common.o)
                0x20011000                _f_alloccluster
 .text._f_dobadblock
                0x20011344      0x2cc C:/ISIS/workspace/SecretGlobusSatProject/SecretGlobusSatProject/GlobusSatProject/..//hal/hcc/lib\libHCCD.a(fat_common.o)
                0x20011344                _f_dobadblock
 .text._f_checklocked
                0x20011610       0xe4 C:/ISIS/workspace/SecretGlobusSatProject/SecretGlobusSatProject/GlobusSatProject/..//hal/hcc/lib\libHCCD.a(fat_common.o)
                0x20011610                _f_checklocked
 .text._f_checkappendlocked
                0x200116f4      0x110 C:/ISIS/workspace/SecretGlobusSatProject/SecretGlobusSatProject/GlobusSatProject/..//hal/hcc/lib\libHCCD.a(fat_common.o)
                0x200116f4                _f_checkappendlocked
 .text._f_setsyncafile
                0x20011804      0x114 C:/ISIS/workspace/SecretGlobusSatProject/SecretGlobusSatProject/GlobusSatProject/..//hal/hcc/lib\libHCCD.a(fat_common.o)
                0x20011804                _f_setsyncafile
 .text._f_syncfiles
                0x20011918      0x128 C:/ISIS/workspace/SecretGlobusSatProject/SecretGlobusSatProject/GlobusSatProject/..//hal/hcc/lib\libHCCD.a(fat_common.o)
                0x20011918                _f_syncfiles
 .text._f_syncfilescontent
                0x20011a40      0x15c C:/ISIS/workspace/SecretGlobusSatProject/SecretGlobusSatProject/GlobusSatProject/..//hal/hcc/lib\libHCCD.a(fat_common.o)
 .text.fn_getfreespace
                0x20011b9c      0x4c0 C:/ISIS/workspace/SecretGlobusSatProject/SecretGlobusSatProject/GlobusSatProject/..//hal/hcc/lib\libHCCD.a(fat_common.o)
                0x20011b9c                fn_getfreespace
 .text._f_emptywritecache
                0x2001205c      0x4a4 C:/ISIS/workspace/SecretGlobusSatProject/SecretGlobusSatProject/GlobusSatProject/..//hal/hcc/lib\libHCCD.a(fat_common.o)
 .text._f_allocnextcluster
                0x20012500      0x54c C:/ISIS/workspace/SecretGlobusSatProject/SecretGlobusSatProject/GlobusSatProject/..//hal/hcc/lib\libHCCD.a(fat_common.o)
 .text._f_emptywritebuffer
                0x20012a4c      0x20c C:/ISIS/workspace/SecretGlobusSatProject/SecretGlobusSatProject/GlobusSatProject/..//hal/hcc/lib\libHCCD.a(fat_common.o)
 .text._f_writezeros
                0x20012c58       0xf0 C:/ISIS/workspace/SecretGlobusSatProject/SecretGlobusSatProject/GlobusSatProject/..//hal/hcc/lib\libHCCD.a(fat_common.o)
                0x20012c58                _f_writezeros
 .text._f_extend_file
                0x20012d48      0x570 C:/ISIS/workspace/SecretGlobusSatProject/SecretGlobusSatProject/GlobusSatProject/..//hal/hcc/lib\libHCCD.a(fat_common.o)
 .text._f_fseek
                0x200132b8      0x9bc C:/ISIS/workspace/SecretGlobusSatProject/SecretGlobusSatProject/GlobusSatProject/..//hal/hcc/lib\libHCCD.a(fat_common.o)
                0x200132b8                _f_fseek
 .text._f_removechain
                0x20013c74      0x104 C:/ISIS/workspace/SecretGlobusSatProject/SecretGlobusSatProject/GlobusSatProject/..//hal/hcc/lib\libHCCD.a(fat_common.o)
                0x20013c74                _f_removechain
 .text._f_updatefileentry
                0x20013d78      0x1cc C:/ISIS/workspace/SecretGlobusSatProject/SecretGlobusSatProject/GlobusSatProject/..//hal/hcc/lib\libHCCD.a(fat_common.o)
 .text._f_checkreadlocked
                0x20013f44      0x1bc C:/ISIS/workspace/SecretGlobusSatProject/SecretGlobusSatProject/GlobusSatProject/..//hal/hcc/lib\libHCCD.a(fat_common.o)
                0x20013f44                _f_checkreadlocked
 .text._f_check_handle
                0x20014100       0x98 C:/ISIS/workspace/SecretGlobusSatProject/SecretGlobusSatProject/GlobusSatProject/..//hal/hcc/lib\libHCCD.a(fat_common.o)
                0x20014100                _f_check_handle
 .text._f_removesyncafile
                0x20014198      0x1ec C:/ISIS/workspace/SecretGlobusSatProject/SecretGlobusSatProject/GlobusSatProject/..//hal/hcc/lib\libHCCD.a(fat_common.o)
 .text.fn_close
                0x20014384      0x3f8 C:/ISIS/workspace/SecretGlobusSatProject/SecretGlobusSatProject/GlobusSatProject/..//hal/hcc/lib\libHCCD.a(fat_common.o)
                0x20014384                fn_close
 .text.fn_flush
                0x2001477c      0x374 C:/ISIS/workspace/SecretGlobusSatProject/SecretGlobusSatProject/GlobusSatProject/..//hal/hcc/lib\libHCCD.a(fat_common.o)
                0x2001477c                fn_flush
 .text.fn_read  0x20014af0      0x690 C:/ISIS/workspace/SecretGlobusSatProject/SecretGlobusSatProject/GlobusSatProject/..//hal/hcc/lib\libHCCD.a(fat_common.o)
                0x20014af0                fn_read
 .text._f_abortwrite
                0x20015180      0x100 C:/ISIS/workspace/SecretGlobusSatProject/SecretGlobusSatProject/GlobusSatProject/..//hal/hcc/lib\libHCCD.a(fat_common.o)
 .text._f_checkwritecluster
                0x20015280       0xe4 C:/ISIS/workspace/SecretGlobusSatProject/SecretGlobusSatProject/GlobusSatProject/..//hal/hcc/lib\libHCCD.a(fat_common.o)
 .text.fn_write
                0x20015364      0x8a8 C:/ISIS/workspace/SecretGlobusSatProject/SecretGlobusSatProject/GlobusSatProject/..//hal/hcc/lib\libHCCD.a(fat_common.o)
                0x20015364                fn_write
 .text.fn_seek  0x20015c0c      0x270 C:/ISIS/workspace/SecretGlobusSatProject/SecretGlobusSatProject/GlobusSatProject/..//hal/hcc/lib\libHCCD.a(fat_common.o)
                0x20015c0c                fn_seek
 .text.f_enterFS
                0x20015e7c      0x1c0 C:/ISIS/workspace/SecretGlobusSatProject/SecretGlobusSatProject/GlobusSatProject/..//hal/hcc/lib\libHCCD.a(fat_common.o)
                0x20015e7c                f_enterFS
 .text.fnGetTask
                0x2001603c       0xfc C:/ISIS/workspace/SecretGlobusSatProject/SecretGlobusSatProject/GlobusSatProject/..//hal/hcc/lib\libHCCD.a(fat_common.o)
                0x2001603c                fnGetTask
 .text._f_mutex_get
                0x20016138       0x98 C:/ISIS/workspace/SecretGlobusSatProject/SecretGlobusSatProject/GlobusSatProject/..//hal/hcc/lib\libHCCD.a(fat_common.o)
                0x20016138                _f_mutex_get
 .text._f_mutex_put
                0x200161d0       0x54 C:/ISIS/workspace/SecretGlobusSatProject/SecretGlobusSatProject/GlobusSatProject/..//hal/hcc/lib\libHCCD.a(fat_common.o)
                0x200161d0                _f_mutex_put
 .text._fn_initseekdivisor
                0x20016224      0x158 C:/ISIS/workspace/SecretGlobusSatProject/SecretGlobusSatProject/GlobusSatProject/..//hal/hcc/lib\libHCCD.a(fat_common.o)
                0x20016224                _fn_initseekdivisor
 .text._fn_updateseekpos
                0x2001637c       0xc4 C:/ISIS/workspace/SecretGlobusSatProject/SecretGlobusSatProject/GlobusSatProject/..//hal/hcc/lib\libHCCD.a(fat_common.o)
 .text._f_findopensize
                0x20016440       0x2c C:/ISIS/workspace/SecretGlobusSatProject/SecretGlobusSatProject/GlobusSatProject/..//hal/hcc/lib\libHCCD.a(fat_common.o)
                0x20016440                _f_findopensize
 .text.fn_setlasterror
                0x2001646c       0x34 C:/ISIS/workspace/SecretGlobusSatProject/SecretGlobusSatProject/GlobusSatProject/..//hal/hcc/lib\libHCCD.a(fat_common.o)
                0x2001646c                fn_setlasterror
 .text.fn_setlasterror_noret
                0x200164a0       0x2c C:/ISIS/workspace/SecretGlobusSatProject/SecretGlobusSatProject/GlobusSatProject/..//hal/hcc/lib\libHCCD.a(fat_common.o)
                0x200164a0                fn_setlasterror_noret
 .text.fm_initvolume
                0x200164cc       0x70 C:/ISIS/workspace/SecretGlobusSatProject/SecretGlobusSatProject/GlobusSatProject/..//hal/hcc/lib\libHCCD.a(fat_m.o)
                0x200164cc                fm_initvolume
 .text.fm_delvolume
                0x2001653c       0x60 C:/ISIS/workspace/SecretGlobusSatProject/SecretGlobusSatProject/GlobusSatProject/..//hal/hcc/lib\libHCCD.a(fat_m.o)
                0x2001653c                fm_delvolume
 .text.fm_format
                0x2001659c       0x68 C:/ISIS/workspace/SecretGlobusSatProject/SecretGlobusSatProject/GlobusSatProject/..//hal/hcc/lib\libHCCD.a(fat_m.o)
                0x2001659c                fm_format
 .text.fm_getdrive
                0x20016604       0x70 C:/ISIS/workspace/SecretGlobusSatProject/SecretGlobusSatProject/GlobusSatProject/..//hal/hcc/lib\libHCCD.a(fat_m.o)
                0x20016604                fm_getdrive
 .text.fm_getfreespace
                0x20016674       0x68 C:/ISIS/workspace/SecretGlobusSatProject/SecretGlobusSatProject/GlobusSatProject/..//hal/hcc/lib\libHCCD.a(fat_m.o)
                0x20016674                fm_getfreespace
 .text.fm_mkdir
                0x200166dc       0x60 C:/ISIS/workspace/SecretGlobusSatProject/SecretGlobusSatProject/GlobusSatProject/..//hal/hcc/lib\libHCCD.a(fat_m.o)
                0x200166dc                fm_mkdir
 .text.fm_filelength
                0x2001673c       0x60 C:/ISIS/workspace/SecretGlobusSatProject/SecretGlobusSatProject/GlobusSatProject/..//hal/hcc/lib\libHCCD.a(fat_m.o)
                0x2001673c                fm_filelength
 .text.fm_close
                0x2001679c       0x60 C:/ISIS/workspace/SecretGlobusSatProject/SecretGlobusSatProject/GlobusSatProject/..//hal/hcc/lib\libHCCD.a(fat_m.o)
                0x2001679c                fm_close
 .text.fm_flush
                0x200167fc       0x60 C:/ISIS/workspace/SecretGlobusSatProject/SecretGlobusSatProject/GlobusSatProject/..//hal/hcc/lib\libHCCD.a(fat_m.o)
                0x200167fc                fm_flush
 .text.fm_open  0x2001685c       0x68 C:/ISIS/workspace/SecretGlobusSatProject/SecretGlobusSatProject/GlobusSatProject/..//hal/hcc/lib\libHCCD.a(fat_m.o)
                0x2001685c                fm_open
 .text.fm_read  0x200168c4       0x7c C:/ISIS/workspace/SecretGlobusSatProject/SecretGlobusSatProject/GlobusSatProject/..//hal/hcc/lib\libHCCD.a(fat_m.o)
                0x200168c4                fm_read
 .text.fm_write
                0x20016940       0x7c C:/ISIS/workspace/SecretGlobusSatProject/SecretGlobusSatProject/GlobusSatProject/..//hal/hcc/lib\libHCCD.a(fat_m.o)
                0x20016940                fm_write
 .text.fm_seek  0x200169bc       0x70 C:/ISIS/workspace/SecretGlobusSatProject/SecretGlobusSatProject/GlobusSatProject/..//hal/hcc/lib\libHCCD.a(fat_m.o)
                0x200169bc                fm_seek
 .text.fm_getlasterror
                0x20016a2c       0x40 C:/ISIS/workspace/SecretGlobusSatProject/SecretGlobusSatProject/GlobusSatProject/..//hal/hcc/lib\libHCCD.a(fat_m.o)
                0x20016a2c                fm_getlasterror
 .text._s_checkzeroclusteratend
                0x20016a6c       0xf8 C:/ISIS/workspace/SecretGlobusSatProject/SecretGlobusSatProject/GlobusSatProject/..//hal/hcc/lib\libHCCD.a(safefat.o)
 .text._s_clearclustercontent
                0x20016b64      0x108 C:/ISIS/workspace/SecretGlobusSatProject/SecretGlobusSatProject/GlobusSatProject/..//hal/hcc/lib\libHCCD.a(safefat.o)
 .text._s_clearclustercontentdir
                0x20016c6c      0x19c C:/ISIS/workspace/SecretGlobusSatProject/SecretGlobusSatProject/GlobusSatProject/..//hal/hcc/lib\libHCCD.a(safefat.o)
 .text._s_writedirsector
                0x20016e08       0xd0 C:/ISIS/workspace/SecretGlobusSatProject/SecretGlobusSatProject/GlobusSatProject/..//hal/hcc/lib\libHCCD.a(safefat.o)
 .text._s_getdirsector
                0x20016ed8      0x100 C:/ISIS/workspace/SecretGlobusSatProject/SecretGlobusSatProject/GlobusSatProject/..//hal/hcc/lib\libHCCD.a(safefat.o)
 .text._s_addentry
                0x20016fd8      0x394 C:/ISIS/workspace/SecretGlobusSatProject/SecretGlobusSatProject/GlobusSatProject/..//hal/hcc/lib\libHCCD.a(safefat.o)
 .text._s_findfile
                0x2001736c      0x33c C:/ISIS/workspace/SecretGlobusSatProject/SecretGlobusSatProject/GlobusSatProject/..//hal/hcc/lib\libHCCD.a(safefat.o)
 .text._s_findsubdir
                0x200176a8      0x248 C:/ISIS/workspace/SecretGlobusSatProject/SecretGlobusSatProject/GlobusSatProject/..//hal/hcc/lib\libHCCD.a(safefat.o)
 .text._s_createfile
                0x200178f0      0x190 C:/ISIS/workspace/SecretGlobusSatProject/SecretGlobusSatProject/GlobusSatProject/..//hal/hcc/lib\libHCCD.a(safefat.o)
 .text._s_findsaffile
                0x20017a80      0x1b8 C:/ISIS/workspace/SecretGlobusSatProject/SecretGlobusSatProject/GlobusSatProject/..//hal/hcc/lib\libHCCD.a(safefat.o)
 .text._s_open  0x20017c38       0xe4 C:/ISIS/workspace/SecretGlobusSatProject/SecretGlobusSatProject/GlobusSatProject/..//hal/hcc/lib\libHCCD.a(safefat.o)
 .text._s_open_saf
                0x20017d1c       0xe8 C:/ISIS/workspace/SecretGlobusSatProject/SecretGlobusSatProject/GlobusSatProject/..//hal/hcc/lib\libHCCD.a(safefat.o)
 .text._s_flush
                0x20017e04       0x84 C:/ISIS/workspace/SecretGlobusSatProject/SecretGlobusSatProject/GlobusSatProject/..//hal/hcc/lib\libHCCD.a(safefat.o)
 .text._s_allocnextcluster
                0x20017e88      0x13c C:/ISIS/workspace/SecretGlobusSatProject/SecretGlobusSatProject/GlobusSatProject/..//hal/hcc/lib\libHCCD.a(safefat.o)
 .text._s_getnextsector
                0x20017fc4       0xdc C:/ISIS/workspace/SecretGlobusSatProject/SecretGlobusSatProject/GlobusSatProject/..//hal/hcc/lib\libHCCD.a(safefat.o)
 .text._s_seek  0x200180a0      0x1e8 C:/ISIS/workspace/SecretGlobusSatProject/SecretGlobusSatProject/GlobusSatProject/..//hal/hcc/lib\libHCCD.a(safefat.o)
 .text._s_get_len
                0x20018288      0x10c C:/ISIS/workspace/SecretGlobusSatProject/SecretGlobusSatProject/GlobusSatProject/..//hal/hcc/lib\libHCCD.a(safefat.o)
 .text._s_set_len
                0x20018394       0xb4 C:/ISIS/workspace/SecretGlobusSatProject/SecretGlobusSatProject/GlobusSatProject/..//hal/hcc/lib\libHCCD.a(safefat.o)
 .text.safe_fix_filelengths
                0x20018448       0xcc C:/ISIS/workspace/SecretGlobusSatProject/SecretGlobusSatProject/GlobusSatProject/..//hal/hcc/lib\libHCCD.a(safefat.o)
                0x20018448                safe_fix_filelengths
 .text._s_read  0x20018514      0x228 C:/ISIS/workspace/SecretGlobusSatProject/SecretGlobusSatProject/GlobusSatProject/..//hal/hcc/lib\libHCCD.a(safefat.o)
 .text._s_write
                0x2001873c      0x384 C:/ISIS/workspace/SecretGlobusSatProject/SecretGlobusSatProject/GlobusSatProject/..//hal/hcc/lib\libHCCD.a(safefat.o)
 .text._s_restoreclusters
                0x20018ac0      0x270 C:/ISIS/workspace/SecretGlobusSatProject/SecretGlobusSatProject/GlobusSatProject/..//hal/hcc/lib\libHCCD.a(safefat.o)
                0x20018ac0                _s_restoreclusters
 .text._s_findrestore
                0x20018d30      0x18c C:/ISIS/workspace/SecretGlobusSatProject/SecretGlobusSatProject/GlobusSatProject/..//hal/hcc/lib\libHCCD.a(safefat.o)
 .text._s_cmd_writede
                0x20018ebc       0xd8 C:/ISIS/workspace/SecretGlobusSatProject/SecretGlobusSatProject/GlobusSatProject/..//hal/hcc/lib\libHCCD.a(safefat.o)
 .text._s_cmd_setcluster
                0x20018f94       0x88 C:/ISIS/workspace/SecretGlobusSatProject/SecretGlobusSatProject/GlobusSatProject/..//hal/hcc/lib\libHCCD.a(safefat.o)
 .text._s_cmd_deletechain
                0x2001901c      0x100 C:/ISIS/workspace/SecretGlobusSatProject/SecretGlobusSatProject/GlobusSatProject/..//hal/hcc/lib\libHCCD.a(safefat.o)
 .text._s_cmd_validatecfn
                0x2001911c      0x308 C:/ISIS/workspace/SecretGlobusSatProject/SecretGlobusSatProject/GlobusSatProject/..//hal/hcc/lib\libHCCD.a(safefat.o)
 .text._s_cmd_seteof
                0x20019424      0x3c4 C:/ISIS/workspace/SecretGlobusSatProject/SecretGlobusSatProject/GlobusSatProject/..//hal/hcc/lib\libHCCD.a(safefat.o)
 .text.safe_docommands
                0x200197e8      0x56c C:/ISIS/workspace/SecretGlobusSatProject/SecretGlobusSatProject/GlobusSatProject/..//hal/hcc/lib\libHCCD.a(safefat.o)
                0x200197e8                safe_docommands
 .text.safe_entercommand
                0x20019d54       0x68 C:/ISIS/workspace/SecretGlobusSatProject/SecretGlobusSatProject/GlobusSatProject/..//hal/hcc/lib\libHCCD.a(safefat.o)
                0x20019d54                safe_entercommand
 .text.safe_ready
                0x20019dbc       0xf4 C:/ISIS/workspace/SecretGlobusSatProject/SecretGlobusSatProject/GlobusSatProject/..//hal/hcc/lib\libHCCD.a(safefat.o)
                0x20019dbc                safe_ready
 .text.safe_copycfn
                0x20019eb0       0xb8 C:/ISIS/workspace/SecretGlobusSatProject/SecretGlobusSatProject/GlobusSatProject/..//hal/hcc/lib\libHCCD.a(safefat.o)
                0x20019eb0                safe_copycfn
 .text.safe_cfremove
                0x20019f68       0xb8 C:/ISIS/workspace/SecretGlobusSatProject/SecretGlobusSatProject/GlobusSatProject/..//hal/hcc/lib\libHCCD.a(safefat.o)
                0x20019f68                safe_cfremove
 .text.safe_writede
                0x2001a020      0x104 C:/ISIS/workspace/SecretGlobusSatProject/SecretGlobusSatProject/GlobusSatProject/..//hal/hcc/lib\libHCCD.a(safefat.o)
                0x2001a020                safe_writede
 .text.safe_setcluster
                0x2001a124       0xcc C:/ISIS/workspace/SecretGlobusSatProject/SecretGlobusSatProject/GlobusSatProject/..//hal/hcc/lib\libHCCD.a(safefat.o)
                0x2001a124                safe_setcluster
 .text.safe_deletechain
                0x2001a1f0      0x1c8 C:/ISIS/workspace/SecretGlobusSatProject/SecretGlobusSatProject/GlobusSatProject/..//hal/hcc/lib\libHCCD.a(safefat.o)
                0x2001a1f0                safe_deletechain
 .text.safe_cfclose
                0x2001a3b8      0x104 C:/ISIS/workspace/SecretGlobusSatProject/SecretGlobusSatProject/GlobusSatProject/..//hal/hcc/lib\libHCCD.a(safefat.o)
                0x2001a3b8                safe_cfclose
 .text.safe_cfflush
                0x2001a4bc      0x124 C:/ISIS/workspace/SecretGlobusSatProject/SecretGlobusSatProject/GlobusSatProject/..//hal/hcc/lib\libHCCD.a(safefat.o)
                0x2001a4bc                safe_cfflush
 .text.safe_reset
                0x2001a5e0       0x78 C:/ISIS/workspace/SecretGlobusSatProject/SecretGlobusSatProject/GlobusSatProject/..//hal/hcc/lib\libHCCD.a(safefat.o)
                0x2001a5e0                safe_reset
 .text.safe_loadcommands
                0x2001a658       0x78 C:/ISIS/workspace/SecretGlobusSatProject/SecretGlobusSatProject/GlobusSatProject/..//hal/hcc/lib\libHCCD.a(safefat.o)
                0x2001a658                safe_loadcommands
 .text.safe_poweron
                0x2001a6d0      0x1fc C:/ISIS/workspace/SecretGlobusSatProject/SecretGlobusSatProject/GlobusSatProject/..//hal/hcc/lib\libHCCD.a(safefat.o)
                0x2001a6d0                safe_poweron
 .text.cf_getname
                0x2001a8cc       0xc0 C:/ISIS/workspace/SecretGlobusSatProject/SecretGlobusSatProject/GlobusSatProject/..//hal/hcc/lib\libHCCD.a(safefat.o)
 .text.cf_copyclusterchain
                0x2001a98c      0x138 C:/ISIS/workspace/SecretGlobusSatProject/SecretGlobusSatProject/GlobusSatProject/..//hal/hcc/lib\libHCCD.a(safefat.o)
 .text.cf_seektozero
                0x2001aac4       0x94 C:/ISIS/workspace/SecretGlobusSatProject/SecretGlobusSatProject/GlobusSatProject/..//hal/hcc/lib\libHCCD.a(safefat.o)
                0x2001aac4                cf_seektozero
 .text.cf_create
                0x2001ab58      0x3a8 C:/ISIS/workspace/SecretGlobusSatProject/SecretGlobusSatProject/GlobusSatProject/..//hal/hcc/lib\libHCCD.a(safefat.o)
                0x2001ab58                cf_create
 .text.cf_copyclustercontent
                0x2001af00      0x128 C:/ISIS/workspace/SecretGlobusSatProject/SecretGlobusSatProject/GlobusSatProject/..//hal/hcc/lib\libHCCD.a(safefat.o)
                0x2001af00                cf_copyclustercontent
 .text.cf_copycfn
                0x2001b028      0x4bc C:/ISIS/workspace/SecretGlobusSatProject/SecretGlobusSatProject/GlobusSatProject/..//hal/hcc/lib\libHCCD.a(safefat.o)
                0x2001b028                cf_copycfn
 .text.cf_remove
                0x2001b4e4      0x344 C:/ISIS/workspace/SecretGlobusSatProject/SecretGlobusSatProject/GlobusSatProject/..//hal/hcc/lib\libHCCD.a(safefat.o)
                0x2001b4e4                cf_remove
 .text.cf_setclusternew
                0x2001b828       0xf0 C:/ISIS/workspace/SecretGlobusSatProject/SecretGlobusSatProject/GlobusSatProject/..//hal/hcc/lib\libHCCD.a(safefat.o)
                0x2001b828                cf_setclusternew
 .text.cf_flush
                0x2001b918       0x58 C:/ISIS/workspace/SecretGlobusSatProject/SecretGlobusSatProject/GlobusSatProject/..//hal/hcc/lib\libHCCD.a(safefat.o)
                0x2001b918                cf_flush
 .text.cf_getcluster
                0x2001b970      0x1b4 C:/ISIS/workspace/SecretGlobusSatProject/SecretGlobusSatProject/GlobusSatProject/..//hal/hcc/lib\libHCCD.a(safefat.o)
                0x2001b970                cf_getcluster
 .text.cf_setnextcluster
                0x2001bb24      0x194 C:/ISIS/workspace/SecretGlobusSatProject/SecretGlobusSatProject/GlobusSatProject/..//hal/hcc/lib\libHCCD.a(safefat.o)
                0x2001bb24                cf_setnextcluster
 .text.cf_getpositions
                0x2001bcb8       0xbc C:/ISIS/workspace/SecretGlobusSatProject/SecretGlobusSatProject/GlobusSatProject/..//hal/hcc/lib\libHCCD.a(safefat.o)
                0x2001bcb8                cf_getpositions
 .text.cf_setpositions
                0x2001bd74       0xb0 C:/ISIS/workspace/SecretGlobusSatProject/SecretGlobusSatProject/GlobusSatProject/..//hal/hcc/lib\libHCCD.a(safefat.o)
                0x2001bd74                cf_setpositions
 .text.cf_opensyncafile
                0x2001be24      0x150 C:/ISIS/workspace/SecretGlobusSatProject/SecretGlobusSatProject/GlobusSatProject/..//hal/hcc/lib\libHCCD.a(safefat.o)
                0x2001be24                cf_opensyncafile
 .text.cf_reloadcfo
                0x2001bf74       0xd8 C:/ISIS/workspace/SecretGlobusSatProject/SecretGlobusSatProject/GlobusSatProject/..//hal/hcc/lib\libHCCD.a(safefat.o)
                0x2001bf74                cf_reloadcfo
 .text.mcipdc_cmd
                0x2001c04c      0x22c C:/ISIS/workspace/SecretGlobusSatProject/SecretGlobusSatProject/GlobusSatProject/..//hal/hcc/lib\libHCCD.a(atmel_mcipdc.o)
 .text.mcipdc_stop
                0x2001c278       0xfc C:/ISIS/workspace/SecretGlobusSatProject/SecretGlobusSatProject/GlobusSatProject/..//hal/hcc/lib\libHCCD.a(atmel_mcipdc.o)
                0x2001c278                mcipdc_stop
 .text.mcipdc_read
                0x2001c374      0x27c C:/ISIS/workspace/SecretGlobusSatProject/SecretGlobusSatProject/GlobusSatProject/..//hal/hcc/lib\libHCCD.a(atmel_mcipdc.o)
 .text.mcipdc_write
                0x2001c5f0      0x298 C:/ISIS/workspace/SecretGlobusSatProject/SecretGlobusSatProject/GlobusSatProject/..//hal/hcc/lib\libHCCD.a(atmel_mcipdc.o)
 .text.mcipdc_readsector
                0x2001c888       0x9c C:/ISIS/workspace/SecretGlobusSatProject/SecretGlobusSatProject/GlobusSatProject/..//hal/hcc/lib\libHCCD.a(atmel_mcipdc.o)
                0x2001c888                mcipdc_readsector
 .text.mcipdc_readmultiplesector
                0x2001c924      0x124 C:/ISIS/workspace/SecretGlobusSatProject/SecretGlobusSatProject/GlobusSatProject/..//hal/hcc/lib\libHCCD.a(atmel_mcipdc.o)
                0x2001c924                mcipdc_readmultiplesector
 .text.mcipdc_writesector
                0x2001ca48       0x90 C:/ISIS/workspace/SecretGlobusSatProject/SecretGlobusSatProject/GlobusSatProject/..//hal/hcc/lib\libHCCD.a(atmel_mcipdc.o)
                0x2001ca48                mcipdc_writesector
 .text.mcipdc_writemultiplesector
                0x2001cad8      0x120 C:/ISIS/workspace/SecretGlobusSatProject/SecretGlobusSatProject/GlobusSatProject/..//hal/hcc/lib\libHCCD.a(atmel_mcipdc.o)
                0x2001cad8                mcipdc_writemultiplesector
 .text.mcipdc_set_speed
                0x2001cbf8       0xb0 C:/ISIS/workspace/SecretGlobusSatProject/SecretGlobusSatProject/GlobusSatProject/..//hal/hcc/lib\libHCCD.a(atmel_mcipdc.o)
 .text.mcipdc_get_speed
                0x2001cca8       0x48 C:/ISIS/workspace/SecretGlobusSatProject/SecretGlobusSatProject/GlobusSatProject/..//hal/hcc/lib\libHCCD.a(atmel_mcipdc.o)
 .text._get_csd_bits
                0x2001ccf0      0x14c C:/ISIS/workspace/SecretGlobusSatProject/SecretGlobusSatProject/GlobusSatProject/..//hal/hcc/lib\libHCCD.a(atmel_mcipdc.o)
 .text.mcipdc_initcard
                0x2001ce3c      0x8f4 C:/ISIS/workspace/SecretGlobusSatProject/SecretGlobusSatProject/GlobusSatProject/..//hal/hcc/lib\libHCCD.a(atmel_mcipdc.o)
 .text.mcipdc_getstatus
                0x2001d730       0xe8 C:/ISIS/workspace/SecretGlobusSatProject/SecretGlobusSatProject/GlobusSatProject/..//hal/hcc/lib\libHCCD.a(atmel_mcipdc.o)
 .text.mcipdc_getphy
                0x2001d818       0x90 C:/ISIS/workspace/SecretGlobusSatProject/SecretGlobusSatProject/GlobusSatProject/..//hal/hcc/lib\libHCCD.a(atmel_mcipdc.o)
 .text.mcipdc_release
                0x2001d8a8       0x50 C:/ISIS/workspace/SecretGlobusSatProject/SecretGlobusSatProject/GlobusSatProject/..//hal/hcc/lib\libHCCD.a(atmel_mcipdc.o)
 .text.atmel_mcipdc_initfunc
                0x2001d8f8      0x160 C:/ISIS/workspace/SecretGlobusSatProject/SecretGlobusSatProject/GlobusSatProject/..//hal/hcc/lib\libHCCD.a(atmel_mcipdc.o)
                0x2001d8f8                atmel_mcipdc_initfunc
 .text.oal_mutex_create
                0x2001da58       0x54 C:/ISIS/workspace/SecretGlobusSatProject/SecretGlobusSatProject/GlobusSatProject/..//hal/hcc/lib\libHCCD.a(oalp_mutex.o)
                0x2001da58                oal_mutex_create
 .text.oal_mutex_delete
                0x2001daac       0x30 C:/ISIS/workspace/SecretGlobusSatProject/SecretGlobusSatProject/GlobusSatProject/..//hal/hcc/lib\libHCCD.a(oalp_mutex.o)
                0x2001daac                oal_mutex_delete
 .text.oal_mutex_get
                0x2001dadc       0x58 C:/ISIS/workspace/SecretGlobusSatProject/SecretGlobusSatProject/GlobusSatProject/..//hal/hcc/lib\libHCCD.a(oalp_mutex.o)
                0x2001dadc                oal_mutex_get
 .text.oal_mutex_put
                0x2001db34       0x58 C:/ISIS/workspace/SecretGlobusSatProject/SecretGlobusSatProject/GlobusSatProject/..//hal/hcc/lib\libHCCD.a(oalp_mutex.o)
                0x2001db34                oal_mutex_put
 .text.oal_task_get_id
                0x2001db8c       0x18 C:/ISIS/workspace/SecretGlobusSatProject/SecretGlobusSatProject/GlobusSatProject/..//hal/hcc/lib\libHCCD.a(oalp_task.o)
                0x2001db8c                oal_task_get_id
 .text.mcipdc_hw_init
                0x2001dba4       0xe8 C:/ISIS/workspace/SecretGlobusSatProject/SecretGlobusSatProject/GlobusSatProject/..//hal/hcc/lib\libHCCD.a(atmel_mcipdc_hw.o)
                0x2001dba4                mcipdc_hw_init
 .text.mcipdc_hw_delete
                0x2001dc8c       0x78 C:/ISIS/workspace/SecretGlobusSatProject/SecretGlobusSatProject/GlobusSatProject/..//hal/hcc/lib\libHCCD.a(atmel_mcipdc_hw.o)
                0x2001dc8c                mcipdc_hw_delete
 .text.mcipdc_hw_card_plugged
                0x2001dd04       0x1c C:/ISIS/workspace/SecretGlobusSatProject/SecretGlobusSatProject/GlobusSatProject/..//hal/hcc/lib\libHCCD.a(atmel_mcipdc_hw.o)
                0x2001dd04                mcipdc_hw_card_plugged
 .text.mcipdc_hw_card_writeprotect
                0x2001dd20       0x1c C:/ISIS/workspace/SecretGlobusSatProject/SecretGlobusSatProject/GlobusSatProject/..//hal/hcc/lib\libHCCD.a(atmel_mcipdc_hw.o)
                0x2001dd20                mcipdc_hw_card_writeprotect
 .text.psp_getrand
                0x2001dd3c      0x14c C:/ISIS/workspace/SecretGlobusSatProject/SecretGlobusSatProject/GlobusSatProject/..//hal/hcc/lib\libHCCD.a(psp_rand.o)
                0x2001dd3c                psp_getrand
 .text.psp_getcurrenttimedate
                0x2001de88       0x8c C:/ISIS/workspace/SecretGlobusSatProject/SecretGlobusSatProject/GlobusSatProject/..//hal/hcc/lib\libHCCD.a(psp_rtc.o)
                0x2001de88                psp_getcurrenttimedate
 .text._hcc_get_buf_dsc
                0x2001df14       0x8c C:/ISIS/workspace/SecretGlobusSatProject/SecretGlobusSatProject/GlobusSatProject/..//hal/hcc/lib\libHCCD.a(hcc_mem.o)
 .text._hcc_check_free_pages
                0x2001dfa0      0x18c C:/ISIS/workspace/SecretGlobusSatProject/SecretGlobusSatProject/GlobusSatProject/..//hal/hcc/lib\libHCCD.a(hcc_mem.o)
 .text._hcc_mark_pages
                0x2001e12c      0x158 C:/ISIS/workspace/SecretGlobusSatProject/SecretGlobusSatProject/GlobusSatProject/..//hal/hcc/lib\libHCCD.a(hcc_mem.o)
 .text._hcc_clear_lock_dsc
                0x2001e284       0x80 C:/ISIS/workspace/SecretGlobusSatProject/SecretGlobusSatProject/GlobusSatProject/..//hal/hcc/lib\libHCCD.a(hcc_mem.o)
 .text._hcc_lock_access
                0x2001e304      0x128 C:/ISIS/workspace/SecretGlobusSatProject/SecretGlobusSatProject/GlobusSatProject/..//hal/hcc/lib\libHCCD.a(hcc_mem.o)
 .text._hcc_unlock_access
                0x2001e42c       0x30 C:/ISIS/workspace/SecretGlobusSatProject/SecretGlobusSatProject/GlobusSatProject/..//hal/hcc/lib\libHCCD.a(hcc_mem.o)
 .text.hcc_mem_alloc
                0x2001e45c      0x454 C:/ISIS/workspace/SecretGlobusSatProject/SecretGlobusSatProject/GlobusSatProject/..//hal/hcc/lib\libHCCD.a(hcc_mem.o)
                0x2001e45c                hcc_mem_alloc
 .text.hcc_mem_free
                0x2001e8b0      0x178 C:/ISIS/workspace/SecretGlobusSatProject/SecretGlobusSatProject/GlobusSatProject/..//hal/hcc/lib\libHCCD.a(hcc_mem.o)
                0x2001e8b0                hcc_mem_free
 .text.hcc_mem_add
                0x2001ea28      0x3b0 C:/ISIS/workspace/SecretGlobusSatProject/SecretGlobusSatProject/GlobusSatProject/..//hal/hcc/lib\libHCCD.a(hcc_mem.o)
                0x2001ea28                hcc_mem_add
 .text.hcc_mem_init
                0x2001edd8      0x164 C:/ISIS/workspace/SecretGlobusSatProject/SecretGlobusSatProject/GlobusSatProject/..//hal/hcc/lib\libHCCD.a(hcc_mem.o)
                0x2001edd8                hcc_mem_init
 .text.hcc_mem_delete
                0x2001ef3c       0x94 C:/ISIS/workspace/SecretGlobusSatProject/SecretGlobusSatProject/GlobusSatProject/..//hal/hcc/lib\libHCCD.a(hcc_mem.o)
                0x2001ef3c                hcc_mem_delete
 .text._f_invalidatedir
                0x2001efd0       0x28 C:/ISIS/workspace/SecretGlobusSatProject/SecretGlobusSatProject/GlobusSatProject/..//hal/hcc/lib\libHCCD.a(fat.o)
                0x2001efd0                _f_invalidatedir
 .text._f_getdirsector
                0x2001eff8       0x88 C:/ISIS/workspace/SecretGlobusSatProject/SecretGlobusSatProject/GlobusSatProject/..//hal/hcc/lib\libHCCD.a(fat.o)
                0x2001eff8                _f_getdirsector
 .text._f_writedirsector
                0x2001f080       0x74 C:/ISIS/workspace/SecretGlobusSatProject/SecretGlobusSatProject/GlobusSatProject/..//hal/hcc/lib\libHCCD.a(fat.o)
                0x2001f080                _f_writedirsector
 .text._f_checknameinv
                0x2001f0f4      0x180 C:/ISIS/workspace/SecretGlobusSatProject/SecretGlobusSatProject/GlobusSatProject/..//hal/hcc/lib\libHCCD.a(fat.o)
 .text._f_checkname
                0x2001f274       0x7c C:/ISIS/workspace/SecretGlobusSatProject/SecretGlobusSatProject/GlobusSatProject/..//hal/hcc/lib\libHCCD.a(fat.o)
 .text._f_checknamewc
                0x2001f2f0       0xf8 C:/ISIS/workspace/SecretGlobusSatProject/SecretGlobusSatProject/GlobusSatProject/..//hal/hcc/lib\libHCCD.a(fat.o)
 .text._f_setnameext
                0x2001f3e8      0x300 C:/ISIS/workspace/SecretGlobusSatProject/SecretGlobusSatProject/GlobusSatProject/..//hal/hcc/lib\libHCCD.a(fat.o)
 .text._f_setfsname
                0x2001f6e8      0x584 C:/ISIS/workspace/SecretGlobusSatProject/SecretGlobusSatProject/GlobusSatProject/..//hal/hcc/lib\libHCCD.a(fat.o)
 .text._f_findfile
                0x2001fc6c      0x30c C:/ISIS/workspace/SecretGlobusSatProject/SecretGlobusSatProject/GlobusSatProject/..//hal/hcc/lib\libHCCD.a(fat.o)
 .text._f_findpath
                0x2001ff78      0x35c C:/ISIS/workspace/SecretGlobusSatProject/SecretGlobusSatProject/GlobusSatProject/..//hal/hcc/lib\libHCCD.a(fat.o)
 .text.fn_getdcwd
                0x200202d4      0x1e0 C:/ISIS/workspace/SecretGlobusSatProject/SecretGlobusSatProject/GlobusSatProject/..//hal/hcc/lib\libHCCD.a(fat.o)
                0x200202d4                fn_getdcwd
 .text._f_lock_resfile
                0x200204b4       0x6c C:/ISIS/workspace/SecretGlobusSatProject/SecretGlobusSatProject/GlobusSatProject/..//hal/hcc/lib\libHCCD.a(fat.o)
 .text._f_unlock_resfile
                0x20020520       0x40 C:/ISIS/workspace/SecretGlobusSatProject/SecretGlobusSatProject/GlobusSatProject/..//hal/hcc/lib\libHCCD.a(fat.o)
 .text._f_getintfile
                0x20020560      0x124 C:/ISIS/workspace/SecretGlobusSatProject/SecretGlobusSatProject/GlobusSatProject/..//hal/hcc/lib\libHCCD.a(fat.o)
 .text._f_addentry
                0x20020684      0x540 C:/ISIS/workspace/SecretGlobusSatProject/SecretGlobusSatProject/GlobusSatProject/..//hal/hcc/lib\libHCCD.a(fat.o)
 .text.fn_mkdir
                0x20020bc4      0x75c C:/ISIS/workspace/SecretGlobusSatProject/SecretGlobusSatProject/GlobusSatProject/..//hal/hcc/lib\libHCCD.a(fat.o)
                0x20020bc4                fn_mkdir
 .text.fn_filelength
                0x20021320      0x1cc C:/ISIS/workspace/SecretGlobusSatProject/SecretGlobusSatProject/GlobusSatProject/..//hal/hcc/lib\libHCCD.a(fat.o)
                0x20021320                fn_filelength
 .text.fn_open_sub
                0x200214ec     0x1698 C:/ISIS/workspace/SecretGlobusSatProject/SecretGlobusSatProject/GlobusSatProject/..//hal/hcc/lib\libHCCD.a(fat.o)
 .text.fn_open  0x20022b84       0x44 C:/ISIS/workspace/SecretGlobusSatProject/SecretGlobusSatProject/GlobusSatProject/..//hal/hcc/lib\libHCCD.a(fat.o)
                0x20022b84                fn_open
 .text.hcc_mem_buf_alloc
                0x20022bc8       0xe4 C:/ISIS/workspace/SecretGlobusSatProject/SecretGlobusSatProject/GlobusSatProject/..//hal/hcc/lib\libHCCD.a(psp_hcc_mem.o)
                0x20022bc8                hcc_mem_buf_alloc
 .text.hcc_mem_buf_free
                0x20022cac       0x6c C:/ISIS/workspace/SecretGlobusSatProject/SecretGlobusSatProject/GlobusSatProject/..//hal/hcc/lib\libHCCD.a(psp_hcc_mem.o)
                0x20022cac                hcc_mem_buf_free
 .text.makeAntStransfer
                0x20022d18       0x4c C:/ISIS/workspace/SecretGlobusSatProject/SecretGlobusSatProject/GlobusSatProject/../\satellite-subsystems\satellite-subsystems\lib\libSatelliteSubsystemsD.a(IsisAntS.o)
 .text.checkInputsValid
                0x20022d64       0x7c C:/ISIS/workspace/SecretGlobusSatProject/SecretGlobusSatProject/GlobusSatProject/../\satellite-subsystems\satellite-subsystems\lib\libSatelliteSubsystemsD.a(IsisAntS.o)
 .text.IsisAntS_initialize
                0x20022de0      0x26c C:/ISIS/workspace/SecretGlobusSatProject/SecretGlobusSatProject/GlobusSatProject/../\satellite-subsystems\satellite-subsystems\lib\libSatelliteSubsystemsD.a(IsisAntS.o)
                0x20022de0                IsisAntS_initialize
 .text.IsisAntS_setArmStatus
                0x2002304c      0x104 C:/ISIS/workspace/SecretGlobusSatProject/SecretGlobusSatProject/GlobusSatProject/../\satellite-subsystems\satellite-subsystems\lib\libSatelliteSubsystemsD.a(IsisAntS.o)
                0x2002304c                IsisAntS_setArmStatus
 .text.IsisAntS_getStatusData
                0x20023150      0x120 C:/ISIS/workspace/SecretGlobusSatProject/SecretGlobusSatProject/GlobusSatProject/../\satellite-subsystems\satellite-subsystems\lib\libSatelliteSubsystemsD.a(IsisAntS.o)
                0x20023150                IsisAntS_getStatusData
 .text.IsisAntS_getUptime
                0x20023270      0x120 C:/ISIS/workspace/SecretGlobusSatProject/SecretGlobusSatProject/GlobusSatProject/../\satellite-subsystems\satellite-subsystems\lib\libSatelliteSubsystemsD.a(IsisAntS.o)
                0x20023270                IsisAntS_getUptime
 .text.IsisAntS_getAlltelemetry
                0x20023390      0x120 C:/ISIS/workspace/SecretGlobusSatProject/SecretGlobusSatProject/GlobusSatProject/../\satellite-subsystems\satellite-subsystems\lib\libSatelliteSubsystemsD.a(IsisAntS.o)
                0x20023390                IsisAntS_getAlltelemetry
 .text.IsisAntS_reset
                0x200234b0      0x104 C:/ISIS/workspace/SecretGlobusSatProject/SecretGlobusSatProject/GlobusSatProject/../\satellite-subsystems\satellite-subsystems\lib\libSatelliteSubsystemsD.a(IsisAntS.o)
                0x200234b0                IsisAntS_reset
 .text.IsisAntS_cancelDeployment
                0x200235b4      0x104 C:/ISIS/workspace/SecretGlobusSatProject/SecretGlobusSatProject/GlobusSatProject/../\satellite-subsystems\satellite-subsystems\lib\libSatelliteSubsystemsD.a(IsisAntS.o)
                0x200235b4                IsisAntS_cancelDeployment
 .text.IsisSolarPanelv2_initialize
                0x200236b8       0xb4 C:/ISIS/workspace/SecretGlobusSatProject/SecretGlobusSatProject/GlobusSatProject/../\satellite-subsystems\satellite-subsystems\lib\libSatelliteSubsystemsD.a(IsisSolarPanelv2.o)
                0x200236b8                IsisSolarPanelv2_initialize
 .text.IsisSolarPanelv2_getTemperature
                0x2002376c       0xc8 C:/ISIS/workspace/SecretGlobusSatProject/SecretGlobusSatProject/GlobusSatProject/../\satellite-subsystems\satellite-subsystems\lib\libSatelliteSubsystemsD.a(IsisSolarPanelv2.o)
                0x2002376c                IsisSolarPanelv2_getTemperature
 .text.IsisSolarPanelv2_sleep
                0x20023834       0xbc C:/ISIS/workspace/SecretGlobusSatProject/SecretGlobusSatProject/GlobusSatProject/../\satellite-subsystems\satellite-subsystems\lib\libSatelliteSubsystemsD.a(IsisSolarPanelv2.o)
                0x20023834                IsisSolarPanelv2_sleep
 .text.IsisSolarPanelv2_getState
                0x200238f0       0x24 C:/ISIS/workspace/SecretGlobusSatProject/SecretGlobusSatProject/GlobusSatProject/../\satellite-subsystems\satellite-subsystems\lib\libSatelliteSubsystemsD.a(IsisSolarPanelv2.o)
                0x200238f0                IsisSolarPanelv2_getState
 .text._Reset   0x20023914       0x20 C:/ISIS/workspace/SecretGlobusSatProject/SecretGlobusSatProject/GlobusSatProject/../\satellite-subsystems\satellite-subsystems\lib\libSatelliteSubsystemsD.a(IsisSolarPanelv2.o)
 .text._WaitForStartup
                0x20023934       0x90 C:/ISIS/workspace/SecretGlobusSatProject/SecretGlobusSatProject/GlobusSatProject/../\satellite-subsystems\satellite-subsystems\lib\libSatelliteSubsystemsD.a(IsisSolarPanelv2.o)
 .text._AssignAllChannels
                0x200239c4       0x90 C:/ISIS/workspace/SecretGlobusSatProject/SecretGlobusSatProject/GlobusSatProject/../\satellite-subsystems\satellite-subsystems\lib\libSatelliteSubsystemsD.a(IsisSolarPanelv2.o)
 .text._AssignThisChannel
                0x20023a54       0xe8 C:/ISIS/workspace/SecretGlobusSatProject/SecretGlobusSatProject/GlobusSatProject/../\satellite-subsystems\satellite-subsystems\lib\libSatelliteSubsystemsD.a(IsisSolarPanelv2.o)
 .text._InitiateConversion
                0x20023b3c       0xac C:/ISIS/workspace/SecretGlobusSatProject/SecretGlobusSatProject/GlobusSatProject/../\satellite-subsystems\satellite-subsystems\lib\libSatelliteSubsystemsD.a(IsisSolarPanelv2.o)