Archive member included because of file (symbol)

c:/isis/application/toolchain/bin/../lib/gcc/arm-none-eabi/4.7.4/../../../../arm-none-eabi/lib\libc_s.a(lib_a-vfprintf_float.o)
                              (_printf_float)
c:/isis/application/toolchain/bin/../lib/gcc/arm-none-eabi/4.7.4/../../../../arm-none-eabi/lib\libc_s.a(lib_a-vfprintf_i.o)
                              c:/isis/application/toolchain/bin/../lib/gcc/arm-none-eabi/4.7.4/../../../../arm-none-eabi/lib\libc_s.a(lib_a-vfprintf_float.o) (_printf_common)
c:/isis/application/toolchain/bin/../lib/gcc/arm-none-eabi/4.7.4/../../../../arm-none-eabi/lib\libc_s.a(lib_a-vfscanf_float.o)
                              (_scanf_float)
c:/isis/application/toolchain/bin/../lib/gcc/arm-none-eabi/4.7.4/../../../../arm-none-eabi/lib\libc_s.a(lib_a-dtoa.o)
                              c:/isis/application/toolchain/bin/../lib/gcc/arm-none-eabi/4.7.4/../../../../arm-none-eabi/lib\libc_s.a(lib_a-vfprintf_float.o) (_dtoa_r)
c:/isis/application/toolchain/bin/../lib/gcc/arm-none-eabi/4.7.4/../../../../arm-none-eabi/lib\libc_s.a(lib_a-locale.o)
                              c:/isis/application/toolchain/bin/../lib/gcc/arm-none-eabi/4.7.4/../../../../arm-none-eabi/lib\libc_s.a(lib_a-vfprintf_float.o) (_localeconv_r)
c:/isis/application/toolchain/bin/../lib/gcc/arm-none-eabi/4.7.4/../../../../arm-none-eabi/lib\libc_s.a(lib_a-malloc.o)
                              c:/isis/application/toolchain/bin/../lib/gcc/arm-none-eabi/4.7.4/../../../../arm-none-eabi/lib\libc_s.a(lib_a-dtoa.o) (malloc)
c:/isis/application/toolchain/bin/../lib/gcc/arm-none-eabi/4.7.4/../../../../arm-none-eabi/lib\libc_s.a(lib_a-mallocr.o)
                              c:/isis/application/toolchain/bin/../lib/gcc/arm-none-eabi/4.7.4/../../../../arm-none-eabi/lib\libc_s.a(lib_a-malloc.o) (_malloc_r)
c:/isis/application/toolchain/bin/../lib/gcc/arm-none-eabi/4.7.4/../../../../arm-none-eabi/lib\libc_s.a(lib_a-memcpy.o)
                              c:/isis/application/toolchain/bin/../lib/gcc/arm-none-eabi/4.7.4/../../../../arm-none-eabi/lib\libc_s.a(lib_a-dtoa.o) (memcpy)
c:/isis/application/toolchain/bin/../lib/gcc/arm-none-eabi/4.7.4/../../../../arm-none-eabi/lib\libc_s.a(lib_a-mprec.o)
                              c:/isis/application/toolchain/bin/../lib/gcc/arm-none-eabi/4.7.4/../../../../arm-none-eabi/lib\libc_s.a(lib_a-dtoa.o) (_Balloc)
c:/isis/application/toolchain/bin/../lib/gcc/arm-none-eabi/4.7.4/../../../../arm-none-eabi/lib\libc_s.a(lib_a-s_fpclassify.o)
                              c:/isis/application/toolchain/bin/../lib/gcc/arm-none-eabi/4.7.4/../../../../arm-none-eabi/lib\libc_s.a(lib_a-vfprintf_float.o) (__fpclassifyd)
c:/isis/application/toolchain/bin/../lib/gcc/arm-none-eabi/4.7.4/../../../../arm-none-eabi/lib\libc_s.a(lib_a-sbrkr.o)
                              c:/isis/application/toolchain/bin/../lib/gcc/arm-none-eabi/4.7.4/../../../../arm-none-eabi/lib\libc_s.a(lib_a-mallocr.o) (_sbrk_r)
c:/isis/application/toolchain/bin/../lib/gcc/arm-none-eabi/4.7.4/../../../../arm-none-eabi/lib\libc_s.a(lib_a-sf_nan.o)
                              c:/isis/application/toolchain/bin/../lib/gcc/arm-none-eabi/4.7.4/../../../../arm-none-eabi/lib\libc_s.a(lib_a-vfscanf_float.o) (nanf)
c:/isis/application/toolchain/bin/../lib/gcc/arm-none-eabi/4.7.4/../../../../arm-none-eabi/lib\libc_s.a(lib_a-sprintf.o)
                              c:/isis/application/toolchain/bin/../lib/gcc/arm-none-eabi/4.7.4/../../../../arm-none-eabi/lib\libc_s.a(lib_a-vfscanf_float.o) (sprintf)
c:/isis/application/toolchain/bin/../lib/gcc/arm-none-eabi/4.7.4/../../../../arm-none-eabi/lib\libc_s.a(lib_a-strcmp.o)
                              c:/isis/application/toolchain/bin/../lib/gcc/arm-none-eabi/4.7.4/../../../../arm-none-eabi/lib\libc_s.a(lib_a-locale.o) (strcmp)
c:/isis/application/toolchain/bin/../lib/gcc/arm-none-eabi/4.7.4/../../../../arm-none-eabi/lib\libc_s.a(lib_a-strlen.o)
                              c:/isis/application/toolchain/bin/../lib/gcc/arm-none-eabi/4.7.4/../../../../arm-none-eabi/lib\libc_s.a(lib_a-vfprintf_float.o) (strlen)
c:/isis/application/toolchain/bin/../lib/gcc/arm-none-eabi/4.7.4/../../../../arm-none-eabi/lib\libc_s.a(lib_a-strtod.o)
                              c:/isis/application/toolchain/bin/../lib/gcc/arm-none-eabi/4.7.4/../../../../arm-none-eabi/lib\libc_s.a(lib_a-vfscanf_float.o) (_strtod_r)
c:/isis/application/toolchain/bin/../lib/gcc/arm-none-eabi/4.7.4/../../../../arm-none-eabi/lib\libc_s.a(lib_a-strtol.o)
                              c:/isis/application/toolchain/bin/../lib/gcc/arm-none-eabi/4.7.4/../../../../arm-none-eabi/lib\libc_s.a(lib_a-vfscanf_float.o) (_strtol_r)
c:/isis/application/toolchain/bin/../lib/gcc/arm-none-eabi/4.7.4/../../../../arm-none-eabi/lib\libc_s.a(lib_a-svfprintf.o)
[...]
Memory Configuration

Name             Origin             Length             Attributes
sram0            0x00200000         0x00004000         w !xr
sram1            0x00300000         0x00004000         w !xr
sdram            0x20000000         0x02000000         w !xr
*default*        0x00000000         0xffffffff

Linker script and memory map

LOAD c:/isis/application/toolchain/bin/../lib/gcc/arm-none-eabi/4.7.4/../../../../arm-none-eabi/lib\libc_s.a
LOAD ./src/TestingDemos/CommandsTestingDemo.o
LOAD ./src/TestingDemos/EpsTestingDemo.o
LOAD ./src/TestingDemos/FileSystemTestingDemo.o
LOAD ./src/TestingDemos/MainTest.o
LOAD ./src/TestingDemos/MaintenanceTestingDemo.o
LOAD ./src/TestingDemos/TelemetryTestingDemo.o
LOAD ./src/TestingDemos/TrxvuTestingDemo.o
LOAD ./src/SubSystemModules/PowerManagment/EPS.o
LOAD ./src/SubSystemModules/PowerManagment/EPSOperationModes.o
LOAD ./src/SubSystemModules/Maintenance/Maintenance.o
LOAD ./src/SubSystemModules/Maintenance/SatMacros.o
LOAD ./src/SubSystemModules/Housekepping/TelemetryCollector.o
LOAD ./src/SubSystemModules/Communication/SubsystemCommands/EPS_Commands.o
LOAD ./src/SubSystemModules/Communication/SubsystemCommands/FS_Commands.o
LOAD ./src/SubSystemModules/Communication/SubsystemCommands/Freertos_Commands.o
LOAD ./src/SubSystemModules/Communication/SubsystemCommands/Maintanence_Commands.o
LOAD ./src/SubSystemModules/Communication/SubsystemCommands/TRXVU_Commands.o
LOAD ./src/SubSystemModules/Communication/AckHandler.o
LOAD ./src/SubSystemModules/Communication/ActUponCommand.o
LOAD ./src/SubSystemModules/Communication/Beacon.o
LOAD ./src/SubSystemModules/Communication/CommandDictionary.o
LOAD ./src/SubSystemModules/Communication/SatCommandHandler.o
LOAD ./src/SubSystemModules/Communication/SatDataTx.o
LOAD ./src/SubSystemModules/Communication/TRXVU.o
LOAD ./src/InitSystem.o
LOAD ./src/TLM_management.o
LOAD ./src/main.o
LOAD C:/ISIS/workspace/SecretGlobusSatProject/GlobusSatProject/..//hal/hal/lib\libHALD.a
LOAD C:/ISIS/workspace/SecretGlobusSatProject/GlobusSatProject/..//hal/hcc/lib\libHCCD.a
LOAD C:/ISIS/workspace/SecretGlobusSatProject/GlobusSatProject/..//satellite-subsystems/satellite-subsystems/lib\libSatelliteSubsystemsD.a
LOAD C:/ISIS/workspace/SecretGlobusSatProject/GlobusSatProject/..//hal/freertos/lib\libFreeRTOSD.a
LOAD C:/ISIS/workspace/SecretGlobusSatProject/GlobusSatProject/..//hal/at91/lib\libAt91D.a
START GROUP
LOAD c:/isis/application/toolchain/bin/../lib/gcc/arm-none-eabi/4.7.4\libgcc.a
LOAD c:/isis/application/toolchain/bin/../lib/gcc/arm-none-eabi/4.7.4/../../../../arm-none-eabi/lib\libc_s.a
END GROUP

.fixed          0x20000000    0x2fb18
                0x20000000                . = ALIGN (0x4)
                0x20000000                _sfixed = .
 *(.startup)
 .startup       0x20000000      0x134 C:/ISIS/workspace/SecretGlobusSatProject/GlobusSatProject/..//hal/at91/lib\libAt91D.a(board_cstartup.o)
                0x20000000                entry
 *(.text)
 .text          0x20000134       0x64 C:/ISIS/workspace/SecretGlobusSatProject/GlobusSatProject/..//hal/at91/lib\libAt91D.a(cp15_asm.o)
                0x20000134                _readControlRegister
                0x20000140                _writeControlRegister
                0x20000148                _waitForInterrupt
                0x20000154                _writeTTB
                0x2000015c                _writeDomain
                0x20000164                _writeITLBLockdown
                0x2000016c                _prefetchICacheLine
                0x20000174                _flushDCache
                0x20000180                _flushWriteBuffer
                0x2000018c                _invalidateIDTLBs
 .text          0x20000198      0x114 c:/isis/application/toolchain/bin/../lib/gcc/arm-none-eabi/4.7.4\libgcc.a(_udivsi3.o)
                0x20000198                __aeabi_uidiv
                0x20000198                __udivsi3
                0x2000028c                __aeabi_uidivmod
 .text          0x200002ac      0x148 c:/isis/application/toolchain/bin/../lib/gcc/arm-none-eabi/4.7.4\libgcc.a(_divsi3.o)
                0x200002ac                __divsi3
                0x200002ac                __aeabi_idiv
                0x200003d4                __aeabi_idivmod
 .text          0x200003f4        0x4 c:/isis/application/toolchain/bin/../lib/gcc/arm-none-eabi/4.7.4\libgcc.a(_dvmd_tls.o)
                0x200003f4                __aeabi_idiv0
                0x200003f4                __aeabi_ldiv0
 .text          0x200003f8      0x41c c:/isis/application/toolchain/bin/../lib/gcc/arm-none-eabi/4.7.4\libgcc.a(_arm_addsubdf3.o)
                0x200003f8                __aeabi_drsub
                0x20000400                __aeabi_dsub
                0x20000400                __subdf3
                0x20000404                __aeabi_dadd
                0x20000404                __adddf3
                0x20000714                __floatunsidf
                0x20000714                __aeabi_ui2d
                0x20000738                __floatsidf
                0x20000738                __aeabi_i2d
                0x20000760                __aeabi_f2d
                0x20000760                __extendsfdf2
                0x200007a0                __floatundidf
                0x200007a0                __aeabi_ul2d
                0x200007b4                __floatdidf
                0x200007b4                __aeabi_l2d
 .text          0x20000814      0x49c c:/isis/application/toolchain/bin/../lib/gcc/arm-none-eabi/4.7.4\libgcc.a(_arm_muldivdf3.o)
                0x20000814                __aeabi_dmul
                0x20000814                __muldf3
                0x20000aa4                __divdf3
                0x20000aa4                __aeabi_ddiv
 .text          0x20000cb0      0x144 c:/isis/application/toolchain/bin/../lib/gcc/arm-none-eabi/4.7.4\libgcc.a(_arm_cmpdf2.o)
                0x20000cb0                __gtdf2
                0x20000cb0                __gedf2
                0x20000cb8                __ltdf2
                0x20000cb8                __ledf2
                0x20000cc0                __nedf2
                0x20000cc0                __eqdf2
                0x20000cc0                __cmpdf2
                0x20000d48                __aeabi_cdrcmple
                0x20000d64                __aeabi_cdcmpeq
                0x20000d64                __aeabi_cdcmple
                0x20000d7c                __aeabi_dcmpeq
                0x20000d94                __aeabi_dcmplt
                0x20000dac                __aeabi_dcmple
                0x20000dc4                __aeabi_dcmpge
                0x20000ddc                __aeabi_dcmpgt
 .text          0x20000df4       0x5c c:/isis/application/toolchain/bin/../lib/gcc/arm-none-eabi/4.7.4\libgcc.a(_arm_fixdfsi.o)
                0x20000df4                __aeabi_d2iz
                0x20000df4                __fixdfsi
 .text          0x20000e50       0x54 c:/isis/application/toolchain/bin/../lib/gcc/arm-none-eabi/4.7.4\libgcc.a(_arm_fixunsdfsi.o)
                0x20000e50                __aeabi_d2uiz
                0x20000e50                __fixunsdfsi
 .text          0x20000ea4       0xa0 c:/isis/application/toolchain/bin/../lib/gcc/arm-none-eabi/4.7.4\libgcc.a(_arm_truncdfsf2.o)
                0x20000ea4                __truncdfsf2
                0x20000ea4                __aeabi_d2f
 .text          0x20000f44      0x2ac c:/isis/application/toolchain/bin/../lib/gcc/arm-none-eabi/4.7.4\libgcc.a(_arm_addsubsf3.o)
                0x20000f44                __aeabi_frsub
                0x20000f4c                __subsf3
                0x20000f4c                __aeabi_fsub
                0x20000f50                __aeabi_fadd
                0x20000f50                __addsf3
                0x2000110c                __aeabi_ui2f
                0x2000110c                __floatunsisf
                0x20001114                __aeabi_i2f
                0x20001114                __floatsisf
                0x20001134                __aeabi_ul2f
                0x20001134                __floatundisf
                0x20001144                __aeabi_l2f
                0x20001144                __floatdisf
 .text          0x200011f0      0x2f8 c:/isis/application/toolchain/bin/../lib/gcc/arm-none-eabi/4.7.4\libgcc.a(_arm_muldivsf3.o)
                0x200011f0                __mulsf3
                0x200011f0                __aeabi_fmul
                0x20001388                __aeabi_fdiv
                0x20001388                __divsf3
 .text          0x200014e8      0x114 c:/isis/application/toolchain/bin/../lib/gcc/arm-none-eabi/4.7.4\libgcc.a(_arm_cmpsf2.o)
                0x200014e8                __gesf2
                0x200014e8                __gtsf2
                0x200014f0                __lesf2
                0x200014f0                __ltsf2
                0x200014f8                __nesf2
                0x200014f8                __eqsf2
                0x200014f8                __cmpsf2
                0x2000155c                __aeabi_cfrcmple
                0x2000156c                __aeabi_cfcmpeq
                0x2000156c                __aeabi_cfcmple
                0x20001584                __aeabi_fcmpeq
                0x2000159c                __aeabi_fcmplt
                0x200015b4                __aeabi_fcmple
                0x200015cc                __aeabi_fcmpge
                0x200015e4                __aeabi_fcmpgt
 .text          0x200015fc       0x54 c:/isis/application/toolchain/bin/../lib/gcc/arm-none-eabi/4.7.4\libgcc.a(_arm_fixunssfsi.o)
                0x200015fc                __fixunssfsi
                0x200015fc                __aeabi_f2uiz
 *(.text*)
 .text.__cvt    0x20001650      0x138 c:/isis/application/toolchain/bin/../lib/gcc/arm-none-eabi/4.7.4/../../../../arm-none-eabi/lib\libc_s.a(lib_a-vfprintf_float.o)
                0x20001650                __cvt
 .text.__exponent
                0x20001788       0xa8 c:/isis/application/toolchain/bin/../lib/gcc/arm-none-eabi/4.7.4/../../../../arm-none-eabi/lib\libc_s.a(lib_a-vfprintf_float.o)
                0x20001788                __exponent
 .text._printf_float
                0x20001830      0x7dc c:/isis/application/toolchain/bin/../lib/gcc/arm-none-eabi/4.7.4/../../../../arm-none-eabi/lib\libc_s.a(lib_a-vfprintf_float.o)
                0x20001830                _printf_float
 .text._printf_common
                0x2000200c      0x174 c:/isis/application/toolchain/bin/../lib/gcc/arm-none-eabi/4.7.4/../../../../arm-none-eabi/lib\libc_s.a(lib_a-vfprintf_i.o)
                0x2000200c                _printf_common
 .text._printf_i
                0x20002180      0x3c4 c:/isis/application/toolchain/bin/../lib/gcc/arm-none-eabi/4.7.4/../../../../arm-none-eabi/lib\libc_s.a(lib_a-vfprintf_i.o)
                0x20002180                _printf_i
 .text._scanf_float
                0x20002544      0x5f4 c:/isis/application/toolchain/bin/../lib/gcc/arm-none-eabi/4.7.4/../../../../arm-none-eabi/lib\libc_s.a(lib_a-vfscanf_float.o)
                0x20002544                _scanf_float
 .text.quorem   0x20002b38      0x1ac c:/isis/application/toolchain/bin/../lib/gcc/arm-none-eabi/4.7.4/../../../../arm-none-eabi/lib\libc_s.a(lib_a-dtoa.o)
 .text._dtoa_r  0x20002ce4     0x1268 c:/isis/application/toolchain/bin/../lib/gcc/arm-none-eabi/4.7.4/../../../../arm-none-eabi/lib\libc_s.a(lib_a-dtoa.o)
                0x20002ce4                _dtoa_r
 .text._localeconv_r
                0x20003f4c        0xc c:/isis/application/toolchain/bin/../lib/gcc/arm-none-eabi/4.7.4/../../../../arm-none-eabi/lib\libc_s.a(lib_a-locale.o)
                0x20003f4c                _localeconv_r
 .text.malloc   0x20003f58       0x20 c:/isis/application/toolchain/bin/../lib/gcc/arm-none-eabi/4.7.4/../../../../arm-none-eabi/lib\libc_s.a(lib_a-malloc.o)
                0x20003f58                malloc
 .text.free     0x20003f78       0x20 c:/isis/application/toolchain/bin/../lib/gcc/arm-none-eabi/4.7.4/../../../../arm-none-eabi/lib\libc_s.a(lib_a-malloc.o)
                0x20003f78                free
 .text._malloc_r
                0x20003f98       0xfc c:/isis/application/toolchain/bin/../lib/gcc/arm-none-eabi/4.7.4/../../../../arm-none-eabi/lib\libc_s.a(lib_a-mallocr.o)
                0x20003f98                _malloc_r
 .text.memcpy   0x20004094       0x20 c:/isis/application/toolchain/bin/../lib/gcc/arm-none-eabi/4.7.4/../../../../arm-none-eabi/lib\libc_s.a(lib_a-memcpy.o)
                0x20004094                memcpy
 .text._Balloc  0x200040b4       0xcc c:/isis/application/toolchain/bin/../lib/gcc/arm-none-eabi/4.7.4/../../../../arm-none-eabi/lib\libc_s.a(lib_a-mprec.o)
                0x200040b4                _Balloc
 .text._Bfree   0x20004180       0x5c c:/isis/application/toolchain/bin/../lib/gcc/arm-none-eabi/4.7.4/../../../../arm-none-eabi/lib\libc_s.a(lib_a-mprec.o)
                0x20004180                _Bfree
 .text.__multadd
                0x200041dc       0xbc c:/isis/application/toolchain/bin/../lib/gcc/arm-none-eabi/4.7.4/../../../../arm-none-eabi/lib\libc_s.a(lib_a-mprec.o)
                0x200041dc                __multadd
 .text.__s2b    0x20004298       0xd8 c:/isis/application/toolchain/bin/../lib/gcc/arm-none-eabi/4.7.4/../../../../arm-none-eabi/lib\libc_s.a(lib_a-mprec.o)
                0x20004298                __s2b
 .text.__hi0bits
                0x20004370       0x58 c:/isis/application/toolchain/bin/../lib/gcc/arm-none-eabi/4.7.4/../../../../arm-none-eabi/lib\libc_s.a(lib_a-mprec.o)
                0x20004370                __hi0bits
 .text.__lo0bits
                0x200043c8       0x94 c:/isis/application/toolchain/bin/../lib/gcc/arm-none-eabi/4.7.4/../../../../arm-none-eabi/lib\libc_s.a(lib_a-mprec.o)
                0x200043c8                __lo0bits
 .text.__i2b    0x2000445c       0x24 c:/isis/application/toolchain/bin/../lib/gcc/arm-none-eabi/4.7.4/../../../../arm-none-eabi/lib\libc_s.a(lib_a-mprec.o)
                0x2000445c                __i2b
 .text.__multiply
                0x20004480      0x1ac c:/isis/application/toolchain/bin/../lib/gcc/arm-none-eabi/4.7.4/../../../../arm-none-eabi/lib\libc_s.a(lib_a-mprec.o)
                0x20004480                __multiply
 .text.__pow5mult
                0x2000462c      0x10c c:/isis/application/toolchain/bin/../lib/gcc/arm-none-eabi/4.7.4/../../../../arm-none-eabi/lib\libc_s.a(lib_a-mprec.o)
                0x2000462c                __pow5mult
 .text.__lshift
                0x20004738       0xf0 c:/isis/application/toolchain/bin/../lib/gcc/arm-none-eabi/4.7.4/../../../../arm-none-eabi/lib\libc_s.a(lib_a-mprec.o)
                0x20004738                __lshift
 .text.__mcmp   0x20004828       0x60 c:/isis/application/toolchain/bin/../lib/gcc/arm-none-eabi/4.7.4/../../../../arm-none-eabi/lib\libc_s.a(lib_a-mprec.o)
                0x20004828                __mcmp
 .text.__mdiff  0x20004888      0x128 c:/isis/application/toolchain/bin/../lib/gcc/arm-none-eabi/4.7.4/../../../../arm-none-eabi/lib\libc_s.a(lib_a-mprec.o)
                0x20004888                __mdiff
 .text.__ulp    0x200049b0       0x5c c:/isis/application/toolchain/bin/../lib/gcc/arm-none-eabi/4.7.4/../../../../arm-none-eabi/lib\libc_s.a(lib_a-mprec.o)
                0x200049b0                __ulp
 .text.__b2d    0x20004a0c       0xc8 c:/isis/application/toolchain/bin/../lib/gcc/arm-none-eabi/4.7.4/../../../../arm-none-eabi/lib\libc_s.a(lib_a-mprec.o)
                0x20004a0c                __b2d
 .text.__d2b    0x20004ad4       0xfc c:/isis/application/toolchain/bin/../lib/gcc/arm-none-eabi/4.7.4/../../../../arm-none-eabi/lib\libc_s.a(lib_a-mprec.o)
                0x20004ad4                __d2b
 .text.__ratio  0x20004bd0       0x70 c:/isis/application/toolchain/bin/../lib/gcc/arm-none-eabi/4.7.4/../../../../arm-none-eabi/lib\libc_s.a(lib_a-mprec.o)
                0x20004bd0                __ratio
 .text.__copybits
                0x20004c40       0x4c c:/isis/application/toolchain/bin/../lib/gcc/arm-none-eabi/4.7.4/../../../../arm-none-eabi/lib\libc_s.a(lib_a-mprec.o)
                0x20004c40                __copybits
 .text.__any_on
                0x20004c8c       0x7c c:/isis/application/toolchain/bin/../lib/gcc/arm-none-eabi/4.7.4/../../../../arm-none-eabi/lib\libc_s.a(lib_a-mprec.o)
                0x20004c8c                __any_on
 .text.__fpclassifyd
                0x20004d08       0x6c c:/isis/application/toolchain/bin/../lib/gcc/arm-none-eabi/4.7.4/../../../../arm-none-eabi/lib\libc_s.a(lib_a-s_fpclassify.o)
                0x20004d08                __fpclassifyd
 .text._sbrk_r  0x20004d74       0x3c c:/isis/application/toolchain/bin/../lib/gcc/arm-none-eabi/4.7.4/../../../../arm-none-eabi/lib\libc_s.a(lib_a-sbrkr.o)
                0x20004d74                _sbrk_r
 .text.nanf     0x20004db0        0xc c:/isis/application/toolchain/bin/../lib/gcc/arm-none-eabi/4.7.4/../../../../arm-none-eabi/lib\libc_s.a(lib_a-sf_nan.o)
                0x20004db0                nanf
 .text.sprintf  0x20004dbc       0x6c c:/isis/application/toolchain/bin/../lib/gcc/arm-none-eabi/4.7.4/../../../../arm-none-eabi/lib\libc_s.a(lib_a-sprintf.o)
                0x20004dbc                siprintf
                0x20004dbc                sprintf
 .text.strcmp   0x20004e28       0x1c c:/isis/application/toolchain/bin/../lib/gcc/arm-none-eabi/4.7.4/../../../../arm-none-eabi/lib\libc_s.a(lib_a-strcmp.o)
                0x20004e28                strcmp
 .text.strlen   0x20004e44       0x1c c:/isis/application/toolchain/bin/../lib/gcc/arm-none-eabi/4.7.4/../../../../arm-none-eabi/lib\libc_s.a(lib_a-strlen.o)
                0x20004e44                strlen
 .text.match    0x20004e60       0x54 c:/isis/application/toolchain/bin/../lib/gcc/arm-none-eabi/4.7.4/../../../../arm-none-eabi/lib\libc_s.a(lib_a-strtod.o)
 .text._strtod_r
                0x20004eb4     0x1168 c:/isis/application/toolchain/bin/../lib/gcc/arm-none-eabi/4.7.4/../../../../arm-none-eabi/lib\libc_s.a(lib_a-strtod.o)
                0x20004eb4                _strtod_r
 .text._strtol_r
                0x2000601c      0x1b8 c:/isis/application/toolchain/bin/../lib/gcc/arm-none-eabi/4.7.4/../../../../arm-none-eabi/lib\libc_s.a(lib_a-strtol.o)
                0x2000601c                _strtol_r
 .text.__ssputc_r
                0x200061d4      0x10c c:/isis/application/toolchain/bin/../lib/gcc/arm-none-eabi/4.7.4/../../../../arm-none-eabi/lib\libc_s.a(lib_a-svfprintf.o)
                0x200061d4                __ssputc_r
 .text._svfprintf_r
                0x200062e0      0x328 c:/isis/application/toolchain/bin/../lib/gcc/arm-none-eabi/4.7.4/../../../../arm-none-eabi/lib\libc_s.a(lib_a-svfprintf.o)
                0x200062e0                _svfiprintf_r
                0x200062e0                _svfprintf_r
 .text._calloc_r
                0x20006608       0x2c c:/isis/application/toolchain/bin/../lib/gcc/arm-none-eabi/4.7.4/../../../../arm-none-eabi/lib\libc_s.a(lib_a-callocr.o)
                0x20006608                _calloc_r
 .text._free_r  0x20006634      0x108 c:/isis/application/toolchain/bin/../lib/gcc/arm-none-eabi/4.7.4/../../../../arm-none-eabi/lib\libc_s.a(lib_a-freer.o)
                0x20006634                _free_r
 .text.rshift   0x2000673c       0xb0 c:/isis/application/toolchain/bin/../lib/gcc/arm-none-eabi/4.7.4/../../../../arm-none-eabi/lib\libc_s.a(lib_a-gdtoa-gethex.o)
 .text.htinit.constprop.0
                0x200067ec       0x34 c:/isis/application/toolchain/bin/../lib/gcc/arm-none-eabi/4.7.4/../../../../arm-none-eabi/lib\libc_s.a(lib_a-gdtoa-gethex.o)
 .text.__hexdig_init
                0x20006820       0x38 c:/isis/application/toolchain/bin/../lib/gcc/arm-none-eabi/4.7.4/../../../../arm-none-eabi/lib\libc_s.a(lib_a-gdtoa-gethex.o)
                0x20006820                __hexdig_init
 .text.__gethex
                0x20006858      0x6cc c:/isis/application/toolchain/bin/../lib/gcc/arm-none-eabi/4.7.4/../../../../arm-none-eabi/lib\libc_s.a(lib_a-gdtoa-gethex.o)
                0x20006858                __gethex
 .text.L_shift  0x20006f24       0x38 c:/isis/application/toolchain/bin/../lib/gcc/arm-none-eabi/4.7.4/../../../../arm-none-eabi/lib\libc_s.a(lib_a-gdtoa-hexnan.o)
 .text.__hexnan
                0x20006f5c      0x1d8 c:/isis/application/toolchain/bin/../lib/gcc/arm-none-eabi/4.7.4/../../../../arm-none-eabi/lib\libc_s.a(lib_a-gdtoa-hexnan.o)
                0x20006f5c                __hexnan
 .text.memchr   0x20007134       0x34 c:/isis/application/toolchain/bin/../lib/gcc/arm-none-eabi/4.7.4/../../../../arm-none-eabi/lib\libc_s.a(lib_a-memchr.o)
                0x20007134                memchr
 .text.memset   0x20007168       0x1c c:/isis/application/toolchain/bin/../lib/gcc/arm-none-eabi/4.7.4/../../../../arm-none-eabi/lib\libc_s.a(lib_a-memset.o)
                0x20007168                memset
 .text._realloc_r
                0x20007184       0x80 c:/isis/application/toolchain/bin/../lib/gcc/arm-none-eabi/4.7.4/../../../../arm-none-eabi/lib\libc_s.a(lib_a-reallocr.o)
                0x20007184                _realloc_r
 .text.strncmp  0x20007204       0x64 c:/isis/application/toolchain/bin/../lib/gcc/arm-none-eabi/4.7.4/../../../../arm-none-eabi/lib\libc_s.a(lib_a-strncmp.o)
                0x20007204                strncmp
 .text._malloc_usable_size_r
                0x20007268       0x1c c:/isis/application/toolchain/bin/../lib/gcc/arm-none-eabi/4.7.4/../../../../arm-none-eabi/lib\libc_s.a(lib_a-msizer.o)
                0x20007268                _malloc_usable_size_r
 .text.EPS_Init
                0x20007284       0xf8 ./src/SubSystemModules/PowerManagment/EPS.o
                0x20007284                EPS_Init
 .text.EPS_Conditioning
                0x2000737c      0x164 ./src/SubSystemModules/PowerManagment/EPS.o
                0x2000737c                EPS_Conditioning
 .text.GetBatteryVoltage
                0x200074e0       0x54 ./src/SubSystemModules/PowerManagment/EPS.o
                0x200074e0                GetBatteryVoltage
 .text.UpdateAlpha
                0x20007534       0x9c ./src/SubSystemModules/PowerManagment/EPS.o
                0x20007534                UpdateAlpha
 .text.GetThresholdVoltages
                0x200075d0       0x4c ./src/SubSystemModules/PowerManagment/EPS.o
                0x200075d0                GetThresholdVoltages
 .text.GetAlpha
                0x2000761c       0x48 ./src/SubSystemModules/PowerManagment/EPS.o
                0x2000761c                GetAlpha
 .text.EnterFullMode
                0x20007664       0x6c ./src/SubSystemModules/PowerManagment/EPSOperationModes.o
                0x20007664                EnterFullMode
 .text.EnterCruiseMode
                0x200076d0       0x6c ./src/SubSystemModules/PowerManagment/EPSOperationModes.o
                0x200076d0                EnterCruiseMode
 .text.EnterSafeMode
                0x2000773c       0x6c ./src/SubSystemModules/PowerManagment/EPSOperationModes.o
                0x2000773c                EnterSafeMode
 .text.EnterCriticalMode
                0x200077a8       0x6c ./src/SubSystemModules/PowerManagment/EPSOperationModes.o
                0x200077a8                EnterCriticalMode
 .text.SetEPS_ChannelsOn
                0x20007814       0x48 ./src/SubSystemModules/PowerManagment/EPSOperationModes.o
                0x20007814                SetEPS_ChannelsOn
 .text.SetEPS_ChannelsOff
                0x2000785c       0x50 ./src/SubSystemModules/PowerManagment/EPSOperationModes.o
                0x2000785c                SetEPS_ChannelsOff
 .text.EpsGetLowVoltageFlag
                0x200078ac       0x24 ./src/SubSystemModules/PowerManagment/EPSOperationModes.o
                0x200078ac                EpsGetLowVoltageFlag
 .text.EpsSetLowVoltageFlag
                0x200078d0       0x2c ./src/SubSystemModules/PowerManagment/EPSOperationModes.o
                0x200078d0                EpsSetLowVoltageFlag
 .text.CheckExecutionTime
                0x200078fc       0x70 ./src/SubSystemModules/Maintenance/Maintenance.o
                0x200078fc                CheckExecutionTime
 .text.SaveSatTimeInFRAM
                0x2000796c       0x44 ./src/SubSystemModules/Maintenance/Maintenance.o
                0x2000796c                SaveSatTimeInFRAM
 .text.IsFS_Corrupted
                0x200079b0       0x48 ./src/SubSystemModules/Maintenance/Maintenance.o
                0x200079b0                IsFS_Corrupted
 .text.WakeupFromResetCMD
                0x200079f8       0xec ./src/SubSystemModules/Maintenance/Maintenance.o
                0x200079f8                WakeupFromResetCMD
 .text.ResetGroundCommWDT
                0x20007ae4       0x1c ./src/SubSystemModules/Maintenance/Maintenance.o
                0x20007ae4                ResetGroundCommWDT
 .text.IsGroundCommunicationWDTKick
                0x20007b00       0x78 ./src/SubSystemModules/Maintenance/Maintenance.o
                0x20007b00                IsGroundCommunicationWDTKick
 .text.GetGsWdtKickTime
                0x20007b78       0x38 ./src/SubSystemModules/Maintenance/Maintenance.o
                0x20007b78                GetGsWdtKickTime
 .text.Maintenance
                0x20007bb0       0x5c ./src/SubSystemModules/Maintenance/Maintenance.o
                0x20007bb0                Maintenance
 .text.GetTelemetryFilenameByType
                0x20007c0c      0x2f4 ./src/SubSystemModules/Housekepping/TelemetryCollector.o
                0x20007c0c                GetTelemetryFilenameByType
 .text.TelemetryCollectorLogic
                0x20007f00      0x128 ./src/SubSystemModules/Housekepping/TelemetryCollector.o
                0x20007f00                TelemetryCollectorLogic
 .text.TelemetrySaveEPS
                0x20008028       0x14 ./src/SubSystemModules/Housekepping/TelemetryCollector.o
                0x20008028                TelemetrySaveEPS
 .text.TelemetrySaveTRXVU
                0x2000803c       0xec ./src/SubSystemModules/Housekepping/TelemetryCollector.o
                0x2000803c                TelemetrySaveTRXVU
 .text.TelemetrySaveANT
                0x20008128       0x88 ./src/SubSystemModules/Housekepping/TelemetryCollector.o
                0x20008128                TelemetrySaveANT
 .text.TelemetrySaveSolarPanels
                0x200081b0      0x1c8 ./src/SubSystemModules/Housekepping/TelemetryCollector.o
                0x200081b0                TelemetrySaveSolarPanels
 .text.TelemetrySaveWOD
                0x20008378       0xd4 ./src/SubSystemModules/Housekepping/TelemetryCollector.o
                0x20008378                TelemetrySaveWOD
 .text.GetCurrentWODTelemetry
                0x2000844c      0x5f4 ./src/SubSystemModules/Housekepping/TelemetryCollector.o
                0x2000844c                GetCurrentWODTelemetry
 .text.CMD_UpdateSatTime
                0x20008a40       0x94 ./src/SubSystemModules/Communication/SubsystemCommands/Maintanence_Commands.o
                0x20008a40                CMD_UpdateSatTime
 .text.CMD_ResetComponent
                0x20008ad4      0x228 ./src/SubSystemModules/Communication/SubsystemCommands/Maintanence_Commands.o
                0x20008ad4                CMD_ResetComponent
 .text.CMD_StartDump
                0x20008cfc       0x34 ./src/SubSystemModules/Communication/SubsystemCommands/TRXVU_Commands.o
                0x20008cfc                CMD_StartDump
 .text.CMD_SendDumpAbortRequest
                0x20008d30       0x24 ./src/SubSystemModules/Communication/SubsystemCommands/TRXVU_Commands.o
                0x20008d30                CMD_SendDumpAbortRequest
 .text.CMD_ForceDumpAbort
                0x20008d54       0x24 ./src/SubSystemModules/Communication/SubsystemCommands/TRXVU_Commands.o
                0x20008d54                CMD_ForceDumpAbort
 .text.CMD_MuteTRXVU
                0x20008d78       0x5c ./src/SubSystemModules/Communication/SubsystemCommands/TRXVU_Commands.o
                0x20008d78                CMD_MuteTRXVU
 .text.CMD_UnMuteTRXVU
                0x20008dd4       0x24 ./src/SubSystemModules/Communication/SubsystemCommands/TRXVU_Commands.o
                0x20008dd4                CMD_UnMuteTRXVU
 .text.CMD_GetBaudRate
                0x20008df8       0x4c ./src/SubSystemModules/Communication/SubsystemCommands/TRXVU_Commands.o
                0x20008df8                CMD_GetBaudRate
 .text.CMD_SetBeaconCycleTime
                0x20008e44       0x88 ./src/SubSystemModules/Communication/SubsystemCommands/TRXVU_Commands.o
                0x20008e44                CMD_SetBeaconCycleTime
 .text.CMD_GetBeaconInterval
                0x20008ecc       0x60 ./src/SubSystemModules/Communication/SubsystemCommands/TRXVU_Commands.o
                0x20008ecc                CMD_GetBeaconInterval
 .text.CMD_SetBeaconInterval
                0x20008f2c       0x88 ./src/SubSystemModules/Communication/SubsystemCommands/TRXVU_Commands.o
                0x20008f2c                CMD_SetBeaconInterval
 .text.CMD_SetBaudRate
                0x20008fb4       0x48 ./src/SubSystemModules/Communication/SubsystemCommands/TRXVU_Commands.o
                0x20008fb4                CMD_SetBaudRate
 .text.CMD_GetTxUptime
                0x20008ffc       0x58 ./src/SubSystemModules/Communication/SubsystemCommands/TRXVU_Commands.o
                0x20008ffc                CMD_GetTxUptime
 .text.CMD_GetRxUptime
                0x20009054       0x58 ./src/SubSystemModules/Communication/SubsystemCommands/TRXVU_Commands.o
                0x20009054                CMD_GetRxUptime
 .text.CMD_GetNumOfDelayedCommands
                0x200090ac       0x50 ./src/SubSystemModules/Communication/SubsystemCommands/TRXVU_Commands.o
                0x200090ac                CMD_GetNumOfDelayedCommands
 .text.CMD_GetNumOfOnlineCommands
                0x200090fc       0x58 ./src/SubSystemModules/Communication/SubsystemCommands/TRXVU_Commands.o
                0x200090fc                CMD_GetNumOfOnlineCommands
 .text.CMD_DeleteDelyedCmdByID
                0x20009154       0x60 ./src/SubSystemModules/Communication/SubsystemCommands/TRXVU_Commands.o
                0x20009154                CMD_DeleteDelyedCmdByID
 .text.CMD_DeleteAllDelyedBuffer
                0x200091b4       0x34 ./src/SubSystemModules/Communication/SubsystemCommands/TRXVU_Commands.o
                0x200091b4                CMD_DeleteAllDelyedBuffer
 .text.CMD_AntSetArmStatus
                0x200091e8       0x80 ./src/SubSystemModules/Communication/SubsystemCommands/TRXVU_Commands.o
                0x200091e8                CMD_AntSetArmStatus
 .text.CMD_AntGetArmStatus
                0x20009268       0x64 ./src/SubSystemModules/Communication/SubsystemCommands/TRXVU_Commands.o
                0x20009268                CMD_AntGetArmStatus
 .text.CMD_AntGetUptime
                0x200092cc       0x58 ./src/SubSystemModules/Communication/SubsystemCommands/TRXVU_Commands.o
                0x200092cc                CMD_AntGetUptime
 .text.CMD_AntCancelDeployment
                0x20009324       0x48 ./src/SubSystemModules/Communication/SubsystemCommands/TRXVU_Commands.o
                0x20009324                CMD_AntCancelDeployment
 .text.SendAckPacket
                0x2000936c       0xdc ./src/SubSystemModules/Communication/AckHandler.o
                0x2000936c                SendAckPacket
 .text.SendErrorMSG
                0x20009448       0x74 ./src/SubSystemModules/Communication/AckHandler.o
                0x20009448                SendErrorMSG
 .text.SendErrorMSG_IfError
                0x200094bc       0x4c ./src/SubSystemModules/Communication/AckHandler.o
                0x200094bc                SendErrorMSG_IfError
 .text.ActUponCommand
                0x20009508       0xe4 ./src/SubSystemModules/Communication/ActUponCommand.o
                0x20009508                ActUponCommand
 .text.InitBeaconParams
                0x200095ec       0x6c ./src/SubSystemModules/Communication/Beacon.o
                0x200095ec                InitBeaconParams
 .text.BeaconSetBitrate
                0x20009658       0xa0 ./src/SubSystemModules/Communication/Beacon.o
                0x20009658                BeaconSetBitrate
 .text.BeaconLogic
                0x200096f8      0x184 ./src/SubSystemModules/Communication/Beacon.o
                0x200096f8                BeaconLogic
 .text.trxvu_command_router
                0x2000987c      0x490 ./src/SubSystemModules/Communication/CommandDictionary.o
                0x2000987c                trxvu_command_router
 .text.eps_command_router
                0x20009d0c       0x80 ./src/SubSystemModules/Communication/CommandDictionary.o
                0x20009d0c                eps_command_router
 .text.telemetry_command_router
                0x20009d8c       0x54 ./src/SubSystemModules/Communication/CommandDictionary.o
                0x20009d8c                telemetry_command_router
 .text.managment_command_router
                0x20009de0       0xe4 ./src/SubSystemModules/Communication/CommandDictionary.o
                0x20009de0                managment_command_router
 .text.filesystem_command_router
                0x20009ec4       0x54 ./src/SubSystemModules/Communication/CommandDictionary.o
                0x20009ec4                filesystem_command_router
 .text.freertos_command_router
                0x20009f18       0x54 ./src/SubSystemModules/Communication/CommandDictionary.o
                0x20009f18                freertos_command_router
 .text.ClearDelayedCMD_FromBuffer
                0x20009f6c       0xd8 ./src/SubSystemModules/Communication/SatCommandHandler.o
                0x20009f6c                ClearDelayedCMD_FromBuffer
 .text.ParseDataToCommand
                0x2000a044      0x184 ./src/SubSystemModules/Communication/SatCommandHandler.o
                0x2000a044                ParseDataToCommand
 .text.AssembleCommand
                0x2000a1c8      0x150 ./src/SubSystemModules/Communication/SatCommandHandler.o
                0x2000a1c8                AssembleCommand
 .text.isDelayedCommandDue
                0x2000a318       0xa4 ./src/SubSystemModules/Communication/SatCommandHandler.o
                0x2000a318                isDelayedCommandDue
 .text.GetDelayedCommand
                0x2000a3bc      0x100 ./src/SubSystemModules/Communication/SatCommandHandler.o
                0x2000a3bc                GetDelayedCommand
 .text.AddDelayedCommand
                0x2000a4bc       0xf0 ./src/SubSystemModules/Communication/SatCommandHandler.o
                0x2000a4bc                AddDelayedCommand
 .text.GetDelayedCommandBufferCount
                0x2000a5ac       0x50 ./src/SubSystemModules/Communication/SatCommandHandler.o
                0x2000a5ac                GetDelayedCommandBufferCount
 .text.GetOnlineCommand
                0x2000a5fc      0x114 ./src/SubSystemModules/Communication/SatCommandHandler.o
                0x2000a5fc                GetOnlineCommand
 .text.DeleteDelayedCommandByIndex
                0x2000a710       0x80 ./src/SubSystemModules/Communication/SatCommandHandler.o
                0x2000a710                DeleteDelayedCommandByIndex
 .text.DeleteDelayedBuffer
                0x2000a790       0x48 ./src/SubSystemModules/Communication/SatCommandHandler.o
                0x2000a790                DeleteDelayedBuffer
 .text.InitTxModule
                0x2000a7d8       0x68 ./src/SubSystemModules/Communication/SatDataTx.o
                0x2000a7d8                InitTxModule
 .text.muteTRXVU
                0x2000a840       0x78 ./src/SubSystemModules/Communication/SatDataTx.o
                0x2000a840                muteTRXVU
 .text.UnMuteTRXVU
                0x2000a8b8       0x34 ./src/SubSystemModules/Communication/SatDataTx.o
                0x2000a8b8                UnMuteTRXVU
 .text.GetMuteFlag
                0x2000a8ec       0x24 ./src/SubSystemModules/Communication/SatDataTx.o
                0x2000a8ec                GetMuteFlag
 .text.CheckForMuteEnd
                0x2000a910       0x4c ./src/SubSystemModules/Communication/SatDataTx.o
                0x2000a910                CheckForMuteEnd
 .text.GetNumberOfFramesInBuffer
                0x2000a95c       0x4c ./src/SubSystemModules/Communication/SatDataTx.o
                0x2000a95c                GetNumberOfFramesInBuffer
 .text.CheckTransmitionAllowed
                0x2000a9a8       0x54 ./src/SubSystemModules/Communication/SatDataTx.o
                0x2000a9a8                CheckTransmitionAllowed
 .text.GetTrxvuBitrate
                0x2000a9fc       0x70 ./src/SubSystemModules/Communication/SatDataTx.o
                0x2000a9fc                GetTrxvuBitrate
 .text.TransmitDataAsSPL_Packet
                0x2000aa6c      0x10c ./src/SubSystemModules/Communication/SatDataTx.o
                0x2000aa6c                TransmitDataAsSPL_Packet
 .text.TransmitSplPacket
                0x2000ab78       0xf8 ./src/SubSystemModules/Communication/SatDataTx.o
                0x2000ab78                TransmitSplPacket
 .text.InitSemaphores
                0x2000ac70       0x98 ./src/SubSystemModules/Communication/TRXVU.o
                0x2000ac70                InitSemaphores
 .text.InitTrxvu
                0x2000ad08      0x10c ./src/SubSystemModules/Communication/TRXVU.o
                0x2000ad08                InitTrxvu
 .text.TRX_Logic
                0x2000ae14       0xe4 ./src/SubSystemModules/Communication/TRXVU.o
                0x2000ae14                TRX_Logic
 .text.FinishDump
                0x2000aef8       0xf4 ./src/SubSystemModules/Communication/TRXVU.o
                0x2000aef8                FinishDump
 .text.AbortDump
                0x2000afec       0x30 ./src/SubSystemModules/Communication/TRXVU.o
                0x2000afec                AbortDump
 .text.SendDumpAbortRequest
                0x2000b01c       0xc0 ./src/SubSystemModules/Communication/TRXVU.o
                0x2000b01c                SendDumpAbortRequest
 .text.CheckDumpAbort
                0x2000b0dc       0x58 ./src/SubSystemModules/Communication/TRXVU.o
                0x2000b0dc                CheckDumpAbort
 .text.getTelemetryMetaData
                0x2000b134       0x7c ./src/SubSystemModules/Communication/TRXVU.o
                0x2000b134                getTelemetryMetaData
 .text.DumpTask
                0x2000b1b0      0x3a0 ./src/SubSystemModules/Communication/TRXVU.o
                0x2000b1b0                DumpTask
 .text.DumpTelemetry
                0x2000b550      0x2ac ./src/SubSystemModules/Communication/TRXVU.o
                0x2000b550                DumpTelemetry
 .text.CheckForGsModeEnd
                0x2000b7fc       0x5c ./src/SubSystemModules/Communication/TRXVU.o
                0x2000b7fc                CheckForGsModeEnd
 .text.EnterGS_Mode
                0x2000b858       0x60 ./src/SubSystemModules/Communication/TRXVU.o
                0x2000b858                EnterGS_Mode
 .text.ExitGS_Mode
                0x2000b8b8       0x3c ./src/SubSystemModules/Communication/TRXVU.o
                0x2000b8b8                ExitGS_Mode
 .text.isFirstActivation
                0x2000b8f4       0x38 ./src/InitSystem.o
                0x2000b8f4                isFirstActivation
 .text.firstActivationProcedure
                0x2000b92c       0xf8 ./src/InitSystem.o
                0x2000b92c                firstActivationProcedure
 .text.WriteDefaultValuesToFRAM
                0x2000ba24      0x14c ./src/InitSystem.o
                0x2000ba24                WriteDefaultValuesToFRAM
 .text.StartFRAM
                0x2000bb70       0x24 ./src/InitSystem.o
                0x2000bb70                StartFRAM
 .text.StartI2C
                0x2000bb94       0x30 ./src/InitSystem.o
                0x2000bb94                StartI2C
 .text.StartSPI
                0x2000bbc4       0x2c ./src/InitSystem.o
                0x2000bbc4                StartSPI
 .text.StartTIME
                0x2000bbf0       0xa8 ./src/InitSystem.o
                0x2000bbf0                StartTIME
 .text.DeploySystem
                0x2000bc98       0x80 ./src/InitSystem.o
                0x2000bc98                DeploySystem
 .text.InitSubsystems
                0x2000bd18      0x154 ./src/InitSystem.o
                0x2000bd18                InitSubsystems
 .text.delete_allTMFilesFromSD
                0x2000be6c       0xf8 ./src/TLM_management.o
                0x2000be6c                delete_allTMFilesFromSD
 .text.getNumOfFilesInFS
                0x2000bf64       0x44 ./src/TLM_management.o
 .text.InitializeFS
                0x2000bfa8      0x174 ./src/TLM_management.o
                0x2000bfa8                InitializeFS
 .text.writewithEpochtime
                0x2000c11c       0x8c ./src/TLM_management.o
 .text.get_C_FILE_struct
                0x2000c1a8       0xf4 ./src/TLM_management.o
 .text.getFileIndex
                0x2000c29c       0x40 ./src/TLM_management.o
 .text.get_file_name_by_index
                0x2000c2dc       0x44 ./src/TLM_management.o
                0x2000c2dc                get_file_name_by_index
 .text.c_fileWrite
                0x2000c320       0xfc ./src/TLM_management.o
                0x2000c320                c_fileWrite
 .text.c_fileGetSizeOfElement
                0x2000c41c       0x5c ./src/TLM_management.o
                0x2000c41c                c_fileGetSizeOfElement
 .text.c_fileRead
                0x2000c478      0x26c ./src/TLM_management.o
                0x2000c478                c_fileRead
 .text.DeInitializeFS
                0x2000c6e4       0xd0 ./src/TLM_management.o
                0x2000c6e4                DeInitializeFS
 .text.taskMain
                0x2000c7b4       0x2c ./src/main.o
                0x2000c7b4                taskMain
 .text.main     0x2000c7e0       0xa0 ./src/main.o
                0x2000c7e0                main
 .text.validateTransferParameters
                0x2000c880      0x10c C:/ISIS/workspace/SecretGlobusSatProject/GlobusSatProject/..//hal/hal/lib\libHALD.a(I2C.o)
 .text.I2C_queueTransfer
                0x2000c98c       0xe8 C:/ISIS/workspace/SecretGlobusSatProject/GlobusSatProject/..//hal/hal/lib\libHALD.a(I2C.o)
                0x2000c98c                I2C_queueTransfer
 .text.I2C_internalCallback
                0x2000ca74       0x64 C:/ISIS/workspace/SecretGlobusSatProject/GlobusSatProject/..//hal/hal/lib\libHALD.a(I2C.o)
 .text.I2C_doBlockingTransfer
                0x2000cad8      0x160 C:/ISIS/workspace/SecretGlobusSatProject/GlobusSatProject/..//hal/hal/lib\libHALD.a(I2C.o)
 .text.I2C_writeRead
                0x2000cc38      0x180 C:/ISIS/workspace/SecretGlobusSatProject/GlobusSatProject/..//hal/hal/lib\libHALD.a(I2C.o)
                0x2000cc38                I2C_writeRead
 .text.I2C_start
                0x2000cdb8      0x2e8 C:/ISIS/workspace/SecretGlobusSatProject/GlobusSatProject/..//hal/hal/lib\libHALD.a(I2C.o)
                0x2000cdb8                I2C_start
 .text.I2C_stop
                0x2000d0a0      0x184 C:/ISIS/workspace/SecretGlobusSatProject/GlobusSatProject/..//hal/hal/lib\libHALD.a(I2C.o)
                0x2000d0a0                I2C_stop
 .text.I2C_setTransferTimeout
                0x2000d224       0x48 C:/ISIS/workspace/SecretGlobusSatProject/GlobusSatProject/..//hal/hal/lib\libHALD.a(I2C.o)
                0x2000d224                I2C_setTransferTimeout
 .text.clearPDCtransfers
                0x2000d26c       0xdc C:/ISIS/workspace/SecretGlobusSatProject/GlobusSatProject/..//hal/hal/lib\libHALD.a(SPI.o)
 .text.SPI_start
                0x2000d348      0x4c0 C:/ISIS/workspace/SecretGlobusSatProject/GlobusSatProject/..//hal/hal/lib\libHALD.a(SPI.o)
                0x2000d348                SPI_start
 .text.SPI_stop
                0x2000d808      0x22c C:/ISIS/workspace/SecretGlobusSatProject/GlobusSatProject/..//hal/hal/lib\libHALD.a(SPI.o)
                0x2000d808                SPI_stop
 .text.SPI_queueTransfer
                0x2000da34      0x190 C:/ISIS/workspace/SecretGlobusSatProject/GlobusSatProject/..//hal/hal/lib\libHALD.a(SPI.o)
                0x2000da34                SPI_queueTransfer
 .text.SPI_internalCallback
                0x2000dbc4       0x64 C:/ISIS/workspace/SecretGlobusSatProject/GlobusSatProject/..//hal/hal/lib\libHALD.a(SPI.o)
 .text.SPI_writeRead
                0x2000dc28      0x188 C:/ISIS/workspace/SecretGlobusSatProject/GlobusSatProject/..//hal/hal/lib\libHALD.a(SPI.o)
                0x2000dc28                SPI_writeRead
 .text.waitForTransfer
                0x2000ddb0       0x68 C:/ISIS/workspace/SecretGlobusSatProject/GlobusSatProject/..//hal/hal/lib\libHALD.a(SPI.o)
 .text.SPI_getDriverState
                0x2000de18       0x58 C:/ISIS/workspace/SecretGlobusSatProject/GlobusSatProject/..//hal/hal/lib\libHALD.a(SPI.o)
                0x2000de18                SPI_getDriverState
 .text.FRAM_start
                0x2000de70       0xf4 C:/ISIS/workspace/SecretGlobusSatProject/GlobusSatProject/..//hal/hal/lib\libHALD.a(FRAM.o)
                0x2000de70                FRAM_start
 .text.FRAM_dummyCallback
                0x2000df64       0x24 C:/ISIS/workspace/SecretGlobusSatProject/GlobusSatProject/..//hal/hal/lib\libHALD.a(FRAM.o)
                0x2000df64                FRAM_dummyCallback
 .text.FRAM_unlockingCallback
                0x2000df88       0x78 C:/ISIS/workspace/SecretGlobusSatProject/GlobusSatProject/..//hal/hal/lib\libHALD.a(FRAM.o)
                0x2000df88                FRAM_unlockingCallback
 .text.doBlockingTransfer
                0x2000e000       0x88 C:/ISIS/workspace/SecretGlobusSatProject/GlobusSatProject/..//hal/hal/lib\libHALD.a(FRAM.o)
 .text.FRAM_writePacket
                0x2000e088      0x148 C:/ISIS/workspace/SecretGlobusSatProject/GlobusSatProject/..//hal/hal/lib\libHALD.a(FRAM.o)
 .text.FRAM_write
                0x2000e1d0      0x1c8 C:/ISIS/workspace/SecretGlobusSatProject/GlobusSatProject/..//hal/hal/lib\libHALD.a(FRAM.o)
                0x2000e1d0                FRAM_write
 .text.FRAM_readPacket
                0x2000e398      0x114 C:/ISIS/workspace/SecretGlobusSatProject/GlobusSatProject/..//hal/hal/lib\libHALD.a(FRAM.o)
 .text.FRAM_read
                0x2000e4ac      0x1d4 C:/ISIS/workspace/SecretGlobusSatProject/GlobusSatProject/..//hal/hal/lib\libHALD.a(FRAM.o)
                0x2000e4ac                FRAM_read
 .text.Time_start
                0x2000e680      0x150 C:/ISIS/workspace/SecretGlobusSatProject/GlobusSatProject/..//hal/hal/lib\libHALD.a(Time.o)
                0x2000e680                Time_start
 .text.taskTimeSync
                0x2000e7d0       0x38 C:/ISIS/workspace/SecretGlobusSatProject/GlobusSatProject/..//hal/hal/lib\libHALD.a(Time.o)
 .text.Time_set
                0x2000e808      0x278 C:/ISIS/workspace/SecretGlobusSatProject/GlobusSatProject/..//hal/hal/lib\libHALD.a(Time.o)
                0x2000e808                Time_set
 .text.Time_isLeapYear
                0x2000ea80       0x98 C:/ISIS/workspace/SecretGlobusSatProject/GlobusSatProject/..//hal/hal/lib\libHALD.a(Time.o)
                0x2000ea80                Time_isLeapYear
 .text.Time_get
                0x2000eb18      0x410 C:/ISIS/workspace/SecretGlobusSatProject/GlobusSatProject/..//hal/hal/lib\libHALD.a(Time.o)
                0x2000eb18                Time_get
 .text.Time_getUnixEpoch
                0x2000ef28       0xf4 C:/ISIS/workspace/SecretGlobusSatProject/GlobusSatProject/..//hal/hal/lib\libHALD.a(Time.o)
                0x2000ef28                Time_getUnixEpoch
 .text.secondsOfYearToTime
                0x2000f01c      0x328 C:/ISIS/workspace/SecretGlobusSatProject/GlobusSatProject/..//hal/hal/lib\libHALD.a(Time.o)
 .text.Time_setUnixEpoch
                0x2000f344      0x100 C:/ISIS/workspace/SecretGlobusSatProject/GlobusSatProject/..//hal/hal/lib\libHALD.a(Time.o)
                0x2000f344                Time_setUnixEpoch
 .text.Time_sync
                0x2000f444      0x2b8 C:/ISIS/workspace/SecretGlobusSatProject/GlobusSatProject/..//hal/hal/lib\libHALD.a(Time.o)
                0x2000f444                Time_sync
 .text.Time_syncIfNeeded
                0x2000f6fc       0x70 C:/ISIS/workspace/SecretGlobusSatProject/GlobusSatProject/..//hal/hal/lib\libHALD.a(Time.o)
                0x2000f6fc                Time_syncIfNeeded
 .text.Time_setSyncInterval
                0x2000f76c       0x38 C:/ISIS/workspace/SecretGlobusSatProject/GlobusSatProject/..//hal/hal/lib\libHALD.a(Time.o)
                0x2000f76c                Time_setSyncInterval
 .text.WDT_start
                0x2000f7a4       0x48 C:/ISIS/workspace/SecretGlobusSatProject/GlobusSatProject/..//hal/hal/lib\libHALD.a(WatchDogTimerNoOS.o)
                0x2000f7a4                WDT_start
 .text.WDT_startWatchdogKickTask
                0x2000f7ec       0xb4 C:/ISIS/workspace/SecretGlobusSatProject/GlobusSatProject/..//hal/hal/lib\libHALD.a(WatchDogTimerOS.o)
                0x2000f7ec                WDT_startWatchdogKickTask
 .text.WDT_forceKickEveryNms
                0x2000f8a0       0x50 C:/ISIS/workspace/SecretGlobusSatProject/GlobusSatProject/..//hal/hal/lib\libHALD.a(WatchDogTimerOS.o)
                0x2000f8a0                WDT_forceKickEveryNms
 .text.LED_glow
                0x2000f8f0       0x58 C:/ISIS/workspace/SecretGlobusSatProject/GlobusSatProject/..//hal/hal/lib\libHALD.a(LED.o)
                0x2000f8f0                LED_glow
 .text.LED_dark
                0x2000f948       0x58 C:/ISIS/workspace/SecretGlobusSatProject/GlobusSatProject/..//hal/hal/lib\libHALD.a(LED.o)
                0x2000f948                LED_dark
 .text.LED_toggle
                0x2000f9a0       0x50 C:/ISIS/workspace/SecretGlobusSatProject/GlobusSatProject/..//hal/hal/lib\libHALD.a(LED.o)
                0x2000f9a0                LED_toggle
 .text.RTC_start
                0x2000f9f0       0x3c C:/ISIS/workspace/SecretGlobusSatProject/GlobusSatProject/..//hal/hal/lib\libHALD.a(RTC.o)
                0x2000f9f0                RTC_start
 .text.RTC_setTime
                0x2000fa2c      0x2a4 C:/ISIS/workspace/SecretGlobusSatProject/GlobusSatProject/..//hal/hal/lib\libHALD.a(RTC.o)
                0x2000fa2c                RTC_setTime
 .text.RTC_getTime
                0x2000fcd0      0x224 C:/ISIS/workspace/SecretGlobusSatProject/GlobusSatProject/..//hal/hal/lib\libHALD.a(RTC.o)
                0x2000fcd0                RTC_getTime
 .text.RTC_checkTimeValid
                0x2000fef4       0xdc C:/ISIS/workspace/SecretGlobusSatProject/GlobusSatProject/..//hal/hal/lib\libHALD.a(RTC.o)
                0x2000fef4                RTC_checkTimeValid
 .text.RTT_start
                0x2000ffd0       0x24 C:/ISIS/workspace/SecretGlobusSatProject/GlobusSatProject/..//hal/hal/lib\libHALD.a(RTT.o)
                0x2000ffd0                RTT_start
 .text.fn_init  0x2000fff4      0x2e0 C:/ISIS/workspace/SecretGlobusSatProject/GlobusSatProject/..//hal/hcc/lib\libHCCD.a(fat_common.o)
                0x2000fff4                fn_init
 .text.fsn_delete
                0x200102d4       0xc8 C:/ISIS/workspace/SecretGlobusSatProject/GlobusSatProject/..//hal/hcc/lib\libHCCD.a(fat_common.o)
                0x200102d4                fsn_delete
 .text._f_get16bitl
                0x2001039c       0x4c C:/ISIS/workspace/SecretGlobusSatProject/GlobusSatProject/..//hal/hcc/lib\libHCCD.a(fat_common.o)
                0x2001039c                _f_get16bitl
 .text._f_set16bitl
                0x200103e8       0x54 C:/ISIS/workspace/SecretGlobusSatProject/GlobusSatProject/..//hal/hcc/lib\libHCCD.a(fat_common.o)
                0x200103e8                _f_set16bitl
 .text._f_get32bitl
                0x2001043c       0x68 C:/ISIS/workspace/SecretGlobusSatProject/GlobusSatProject/..//hal/hcc/lib\libHCCD.a(fat_common.o)
                0x2001043c                _f_get32bitl
 .text._f_set32bitl
                0x200104a4       0x78 C:/ISIS/workspace/SecretGlobusSatProject/GlobusSatProject/..//hal/hcc/lib\libHCCD.a(fat_common.o)
                0x200104a4                _f_set32bitl
 .text._get8bit
                0x2001051c       0xa0 C:/ISIS/workspace/SecretGlobusSatProject/GlobusSatProject/..//hal/hcc/lib\libHCCD.a(fat_common.o)
 .text._get16bitl
                0x200105bc       0x40 C:/ISIS/workspace/SecretGlobusSatProject/GlobusSatProject/..//hal/hcc/lib\libHCCD.a(fat_common.o)
 .text._get32bitl
                0x200105fc       0x3c C:/ISIS/workspace/SecretGlobusSatProject/GlobusSatProject/..//hal/hcc/lib\libHCCD.a(fat_common.o)
 .text._f_setcardremoved
                0x20010638       0x94 C:/ISIS/workspace/SecretGlobusSatProject/GlobusSatProject/..//hal/hcc/lib\libHCCD.a(fat_common.o)
 .text._f_checkstatus
                0x200106cc      0x104 C:/ISIS/workspace/SecretGlobusSatProject/GlobusSatProject/..//hal/hcc/lib\libHCCD.a(fat_common.o)
                0x200106cc                _f_checkstatus
 .text._f_drvgetphy
                0x200107d0      0x114 C:/ISIS/workspace/SecretGlobusSatProject/GlobusSatProject/..//hal/hcc/lib\libHCCD.a(fat_common.o)
 .text._f_drvwritesector
                0x200108e4       0xdc C:/ISIS/workspace/SecretGlobusSatProject/GlobusSatProject/..//hal/hcc/lib\libHCCD.a(fat_common.o)
 .text._f_drvreadsector
                0x200109c0       0xa8 C:/ISIS/workspace/SecretGlobusSatProject/GlobusSatProject/..//hal/hcc/lib\libHCCD.a(fat_common.o)
 .text._f_writesector
                0x20010a68      0x23c C:/ISIS/workspace/SecretGlobusSatProject/GlobusSatProject/..//hal/hcc/lib\libHCCD.a(fat_common.o)
                0x20010a68                _f_writesector
 .text._f_readsector
                0x20010ca4      0x1dc C:/ISIS/workspace/SecretGlobusSatProject/GlobusSatProject/..//hal/hcc/lib\libHCCD.a(fat_common.o)
                0x20010ca4                _f_readsector
 .text._f_getmaxcluster
                0x20010e80       0x94 C:/ISIS/workspace/SecretGlobusSatProject/GlobusSatProject/..//hal/hcc/lib\libHCCD.a(fat_common.o)
                0x20010e80                _f_getmaxcluster
 .text._getsectorfromcluster
                0x20010f14       0x68 C:/ISIS/workspace/SecretGlobusSatProject/GlobusSatProject/..//hal/hcc/lib\libHCCD.a(fat_common.o)
 .text._f_buildsectors
                0x20010f7c      0x268 C:/ISIS/workspace/SecretGlobusSatProject/GlobusSatProject/..//hal/hcc/lib\libHCCD.a(fat_common.o)
 .text._f_getbootrecord
                0x200111e4      0x5e4 C:/ISIS/workspace/SecretGlobusSatProject/GlobusSatProject/..//hal/hcc/lib\libHCCD.a(fat_common.o)
 .text._f_readbootrecord
                0x200117c8      0x4f8 C:/ISIS/workspace/SecretGlobusSatProject/GlobusSatProject/..//hal/hcc/lib\libHCCD.a(fat_common.o)
 .text._f_flushcffiles
                0x20011cc0      0x17c C:/ISIS/workspace/SecretGlobusSatProject/GlobusSatProject/..//hal/hcc/lib\libHCCD.a(fat_common.o)
                0x20011cc0                _f_flushcffiles
 .text._f_fatcache_flush
                0x20011e3c      0x270 C:/ISIS/workspace/SecretGlobusSatProject/GlobusSatProject/..//hal/hcc/lib\libHCCD.a(fat_common.o)
                0x20011e3c                _f_fatcache_flush
 .text._f_writefatsector
                0x200120ac      0x100 C:/ISIS/workspace/SecretGlobusSatProject/GlobusSatProject/..//hal/hcc/lib\libHCCD.a(fat_common.o)
                0x200120ac                _f_writefatsector
 .text._f_getfatsector
                0x200121ac      0x3bc C:/ISIS/workspace/SecretGlobusSatProject/GlobusSatProject/..//hal/hcc/lib\libHCCD.a(fat_common.o)
 .text._f_setclustervalue
                0x20012568      0x490 C:/ISIS/workspace/SecretGlobusSatProject/GlobusSatProject/..//hal/hcc/lib\libHCCD.a(fat_common.o)
                0x20012568                _f_setclustervalue
 .text._f_getclustervalue
                0x200129f8      0x388 C:/ISIS/workspace/SecretGlobusSatProject/GlobusSatProject/..//hal/hcc/lib\libHCCD.a(fat_common.o)
                0x200129f8                _f_getclustervalue
 .text._f_close_drive_files
                0x20012d80       0xac C:/ISIS/workspace/SecretGlobusSatProject/GlobusSatProject/..//hal/hcc/lib\libHCCD.a(fat_common.o)
 .text._f_inc_mount_count
                0x20012e2c       0xa4 C:/ISIS/workspace/SecretGlobusSatProject/GlobusSatProject/..//hal/hcc/lib\libHCCD.a(fat_common.o)
 .text._f_getvolume
                0x20012ed0      0x2f8 C:/ISIS/workspace/SecretGlobusSatProject/GlobusSatProject/..//hal/hcc/lib\libHCCD.a(fat_common.o)
                0x20012ed0                _f_getvolume
 .text.fn_createdriver
                0x200131c8      0x118 C:/ISIS/workspace/SecretGlobusSatProject/GlobusSatProject/..//hal/hcc/lib\libHCCD.a(fat_common.o)
                0x200131c8                fn_createdriver
 .text.fn_initvolume
                0x200132e0      0x12c C:/ISIS/workspace/SecretGlobusSatProject/GlobusSatProject/..//hal/hcc/lib\libHCCD.a(fat_common.o)
                0x200132e0                fn_initvolume
 .text.fn_releasedriver
                0x2001340c       0xf4 C:/ISIS/workspace/SecretGlobusSatProject/GlobusSatProject/..//hal/hcc/lib\libHCCD.a(fat_common.o)
                0x2001340c                fn_releasedriver
 .text.fn_initvolumepartition_sub
                0x20013500       0xe0 C:/ISIS/workspace/SecretGlobusSatProject/GlobusSatProject/..//hal/hcc/lib\libHCCD.a(fat_common.o)
 .text.fn_initvolumepartition
                0x200135e0       0xac C:/ISIS/workspace/SecretGlobusSatProject/GlobusSatProject/..//hal/hcc/lib\libHCCD.a(fat_common.o)
                0x200135e0                fn_initvolumepartition
 .text.fn_delvolume
                0x2001368c      0x194 C:/ISIS/workspace/SecretGlobusSatProject/GlobusSatProject/..//hal/hcc/lib\libHCCD.a(fat_common.o)
                0x2001368c                fn_delvolume
 .text._f_clustertopos
                0x20013820       0xf8 C:/ISIS/workspace/SecretGlobusSatProject/GlobusSatProject/..//hal/hcc/lib\libHCCD.a(fat_common.o)
                0x20013820                _f_clustertopos
 .text._f_getcurrsector
                0x20013918      0x6c8 C:/ISIS/workspace/SecretGlobusSatProject/GlobusSatProject/..//hal/hcc/lib\libHCCD.a(fat_common.o)
                0x20013918                _f_getcurrsector
 .text._f_getdecluster
                0x20013fe0       0x90 C:/ISIS/workspace/SecretGlobusSatProject/GlobusSatProject/..//hal/hcc/lib\libHCCD.a(fat_common.o)
                0x20013fe0                _f_getdecluster
 .text._f_setdecluster
                0x20014070       0x8c C:/ISIS/workspace/SecretGlobusSatProject/GlobusSatProject/..//hal/hcc/lib\libHCCD.a(fat_common.o)
                0x20014070                _f_setdecluster
 .text.fn_getdrive
                0x200140fc       0x30 C:/ISIS/workspace/SecretGlobusSatProject/GlobusSatProject/..//hal/hcc/lib\libHCCD.a(fat_common.o)
                0x200140fc                fn_getdrive
 .text._f_getcurrenttimedate
                0x2001412c      0x138 C:/ISIS/workspace/SecretGlobusSatProject/GlobusSatProject/..//hal/hcc/lib\libHCCD.a(fat_common.o)
                0x2001412c                _f_getcurrenttimedate
 .text._f_initentry
                0x20014264       0xa0 C:/ISIS/workspace/SecretGlobusSatProject/GlobusSatProject/..//hal/hcc/lib\libHCCD.a(fat_common.o)
                0x20014264                _f_initentry
 .text._f_alloccluster
                0x20014304      0x344 C:/ISIS/workspace/SecretGlobusSatProject/GlobusSatProject/..//hal/hcc/lib\libHCCD.a(fat_common.o)
                0x20014304                _f_alloccluster
 .text._f_dobadblock
                0x20014648      0x2cc C:/ISIS/workspace/SecretGlobusSatProject/GlobusSatProject/..//hal/hcc/lib\libHCCD.a(fat_common.o)
                0x20014648                _f_dobadblock
 .text._f_checklocked
                0x20014914       0xe4 C:/ISIS/workspace/SecretGlobusSatProject/GlobusSatProject/..//hal/hcc/lib\libHCCD.a(fat_common.o)
                0x20014914                _f_checklocked
 .text._f_checkappendlocked
                0x200149f8      0x110 C:/ISIS/workspace/SecretGlobusSatProject/GlobusSatProject/..//hal/hcc/lib\libHCCD.a(fat_common.o)
                0x200149f8                _f_checkappendlocked
 .text._f_setsyncafile
                0x20014b08      0x114 C:/ISIS/workspace/SecretGlobusSatProject/GlobusSatProject/..//hal/hcc/lib\libHCCD.a(fat_common.o)
                0x20014b08                _f_setsyncafile
 .text._f_syncfiles
                0x20014c1c      0x128 C:/ISIS/workspace/SecretGlobusSatProject/GlobusSatProject/..//hal/hcc/lib\libHCCD.a(fat_common.o)
                0x20014c1c                _f_syncfiles
 .text._f_syncfilescontent
                0x20014d44      0x15c C:/ISIS/workspace/SecretGlobusSatProject/GlobusSatProject/..//hal/hcc/lib\libHCCD.a(fat_common.o)
 .text.fn_getfreespace
                0x20014ea0      0x4c0 C:/ISIS/workspace/SecretGlobusSatProject/GlobusSatProject/..//hal/hcc/lib\libHCCD.a(fat_common.o)
                0x20014ea0                fn_getfreespace
 .text._f_emptywritecache
                0x20015360      0x4a4 C:/ISIS/workspace/SecretGlobusSatProject/GlobusSatProject/..//hal/hcc/lib\libHCCD.a(fat_common.o)
 .text._f_allocnextcluster
                0x20015804      0x54c C:/ISIS/workspace/SecretGlobusSatProject/GlobusSatProject/..//hal/hcc/lib\libHCCD.a(fat_common.o)
 .text._f_emptywritebuffer
                0x20015d50      0x20c C:/ISIS/workspace/SecretGlobusSatProject/GlobusSatProject/..//hal/hcc/lib\libHCCD.a(fat_common.o)
 .text._f_writezeros
                0x20015f5c       0xf0 C:/ISIS/workspace/SecretGlobusSatProject/GlobusSatProject/..//hal/hcc/lib\libHCCD.a(fat_common.o)
                0x20015f5c                _f_writezeros
 .text._f_extend_file
                0x2001604c      0x570 C:/ISIS/workspace/SecretGlobusSatProject/GlobusSatProject/..//hal/hcc/lib\libHCCD.a(fat_common.o)
 .text._f_fseek
                0x200165bc      0x9bc C:/ISIS/workspace/SecretGlobusSatProject/GlobusSatProject/..//hal/hcc/lib\libHCCD.a(fat_common.o)
                0x200165bc                _f_fseek
 .text._f_removechain
                0x20016f78      0x104 C:/ISIS/workspace/SecretGlobusSatProject/GlobusSatProject/..//hal/hcc/lib\libHCCD.a(fat_common.o)
                0x20016f78                _f_removechain
 .text._f_updatefileentry
                0x2001707c      0x1cc C:/ISIS/workspace/SecretGlobusSatProject/GlobusSatProject/..//hal/hcc/lib\libHCCD.a(fat_common.o)
 .text._f_checkreadlocked
                0x20017248      0x1bc C:/ISIS/workspace/SecretGlobusSatProject/GlobusSatProject/..//hal/hcc/lib\libHCCD.a(fat_common.o)
                0x20017248                _f_checkreadlocked
 .text._f_check_handle
                0x20017404       0x98 C:/ISIS/workspace/SecretGlobusSatProject/GlobusSatProject/..//hal/hcc/lib\libHCCD.a(fat_common.o)
                0x20017404                _f_check_handle
 .text._f_removesyncafile
                0x2001749c      0x1ec C:/ISIS/workspace/SecretGlobusSatProject/GlobusSatProject/..//hal/hcc/lib\libHCCD.a(fat_common.o)
 .text.fn_close
                0x20017688      0x3f8 C:/ISIS/workspace/SecretGlobusSatProject/GlobusSatProject/..//hal/hcc/lib\libHCCD.a(fat_common.o)
                0x20017688                fn_close
 .text.fn_flush
                0x20017a80      0x374 C:/ISIS/workspace/SecretGlobusSatProject/GlobusSatProject/..//hal/hcc/lib\libHCCD.a(fat_common.o)
                0x20017a80                fn_flush
 .text.fn_read  0x20017df4      0x690 C:/ISIS/workspace/SecretGlobusSatProject/GlobusSatProject/..//hal/hcc/lib\libHCCD.a(fat_common.o)
                0x20017df4                fn_read
 .text._f_abortwrite
                0x20018484      0x100 C:/ISIS/workspace/SecretGlobusSatProject/GlobusSatProject/..//hal/hcc/lib\libHCCD.a(fat_common.o)
 .text._f_checkwritecluster
                0x20018584       0xe4 C:/ISIS/workspace/SecretGlobusSatProject/GlobusSatProject/..//hal/hcc/lib\libHCCD.a(fat_common.o)
 .text.fn_write
                0x20018668      0x8a8 C:/ISIS/workspace/SecretGlobusSatProject/GlobusSatProject/..//hal/hcc/lib\libHCCD.a(fat_common.o)
                0x20018668                fn_write
 .text.fn_seek  0x20018f10      0x270 C:/ISIS/workspace/SecretGlobusSatProject/GlobusSatProject/..//hal/hcc/lib\libHCCD.a(fat_common.o)
                0x20018f10                fn_seek
 .text.f_enterFS
                0x20019180      0x1c0 C:/ISIS/workspace/SecretGlobusSatProject/GlobusSatProject/..//hal/hcc/lib\libHCCD.a(fat_common.o)
                0x20019180                f_enterFS
 .text.f_releaseFS
                0x20019340       0xb0 C:/ISIS/workspace/SecretGlobusSatProject/GlobusSatProject/..//hal/hcc/lib\libHCCD.a(fat_common.o)
                0x20019340                f_releaseFS
 .text.fnGetTask
                0x200193f0       0xfc C:/ISIS/workspace/SecretGlobusSatProject/GlobusSatProject/..//hal/hcc/lib\libHCCD.a(fat_common.o)
                0x200193f0                fnGetTask
 .text._f_mutex_get
                0x200194ec       0x98 C:/ISIS/workspace/SecretGlobusSatProject/GlobusSatProject/..//hal/hcc/lib\libHCCD.a(fat_common.o)
                0x200194ec                _f_mutex_get
 .text._f_mutex_put
                0x20019584       0x54 C:/ISIS/workspace/SecretGlobusSatProject/GlobusSatProject/..//hal/hcc/lib\libHCCD.a(fat_common.o)
                0x20019584                _f_mutex_put
 .text._fn_initseekdivisor
                0x200195d8      0x158 C:/ISIS/workspace/SecretGlobusSatProject/GlobusSatProject/..//hal/hcc/lib\libHCCD.a(fat_common.o)
                0x200195d8                _fn_initseekdivisor
 .text._fn_updateseekpos
                0x20019730       0xc4 C:/ISIS/workspace/SecretGlobusSatProject/GlobusSatProject/..//hal/hcc/lib\libHCCD.a(fat_common.o)
 .text._f_findopensize
                0x200197f4       0x2c C:/ISIS/workspace/SecretGlobusSatProject/GlobusSatProject/..//hal/hcc/lib\libHCCD.a(fat_common.o)
                0x200197f4                _f_findopensize
 .text.fn_setlasterror
                0x20019820       0x34 C:/ISIS/workspace/SecretGlobusSatProject/GlobusSatProject/..//hal/hcc/lib\libHCCD.a(fat_common.o)
                0x20019820                fn_setlasterror
 .text.fn_setlasterror_noret
                0x20019854       0x2c C:/ISIS/workspace/SecretGlobusSatProject/GlobusSatProject/..//hal/hcc/lib\libHCCD.a(fat_common.o)
                0x20019854                fn_setlasterror_noret
 .text.fm_initvolume
                0x20019880       0x70 C:/ISIS/workspace/SecretGlobusSatProject/GlobusSatProject/..//hal/hcc/lib\libHCCD.a(fat_m.o)
                0x20019880                fm_initvolume
 .text.fm_delvolume
                0x200198f0       0x60 C:/ISIS/workspace/SecretGlobusSatProject/GlobusSatProject/..//hal/hcc/lib\libHCCD.a(fat_m.o)
                0x200198f0                fm_delvolume
 .text.fm_getdrive
                0x20019950       0x70 C:/ISIS/workspace/SecretGlobusSatProject/GlobusSatProject/..//hal/hcc/lib\libHCCD.a(fat_m.o)
                0x20019950                fm_getdrive
 .text.fm_getfreespace
                0x200199c0       0x68 C:/ISIS/workspace/SecretGlobusSatProject/GlobusSatProject/..//hal/hcc/lib\libHCCD.a(fat_m.o)
                0x200199c0                fm_getfreespace
 .text.fm_findfirst
                0x20019a28       0x68 C:/ISIS/workspace/SecretGlobusSatProject/GlobusSatProject/..//hal/hcc/lib\libHCCD.a(fat_m.o)
                0x20019a28                fm_findfirst
 .text.fm_findnext
                0x20019a90       0x60 C:/ISIS/workspace/SecretGlobusSatProject/GlobusSatProject/..//hal/hcc/lib\libHCCD.a(fat_m.o)
                0x20019a90                fm_findnext
 .text.fm_filelength
                0x20019af0       0x60 C:/ISIS/workspace/SecretGlobusSatProject/GlobusSatProject/..//hal/hcc/lib\libHCCD.a(fat_m.o)
                0x20019af0                fm_filelength
 .text.fm_close
                0x20019b50       0x60 C:/ISIS/workspace/SecretGlobusSatProject/GlobusSatProject/..//hal/hcc/lib\libHCCD.a(fat_m.o)
                0x20019b50                fm_close
 .text.fm_flush
                0x20019bb0       0x60 C:/ISIS/workspace/SecretGlobusSatProject/GlobusSatProject/..//hal/hcc/lib\libHCCD.a(fat_m.o)
                0x20019bb0                fm_flush
 .text.fm_open  0x20019c10       0x68 C:/ISIS/workspace/SecretGlobusSatProject/GlobusSatProject/..//hal/hcc/lib\libHCCD.a(fat_m.o)
                0x20019c10                fm_open
 .text.fm_read  0x20019c78       0x7c C:/ISIS/workspace/SecretGlobusSatProject/GlobusSatProject/..//hal/hcc/lib\libHCCD.a(fat_m.o)
                0x20019c78                fm_read
 .text.fm_write
                0x20019cf4       0x7c C:/ISIS/workspace/SecretGlobusSatProject/GlobusSatProject/..//hal/hcc/lib\libHCCD.a(fat_m.o)
                0x20019cf4                fm_write
 .text.fm_seek  0x20019d70       0x70 C:/ISIS/workspace/SecretGlobusSatProject/GlobusSatProject/..//hal/hcc/lib\libHCCD.a(fat_m.o)
                0x20019d70                fm_seek
 .text.fm_delete
                0x20019de0       0x64 C:/ISIS/workspace/SecretGlobusSatProject/GlobusSatProject/..//hal/hcc/lib\libHCCD.a(fat_m.o)
                0x20019de0                fm_delete
 .text._s_checkzeroclusteratend
                0x20019e44       0xf8 C:/ISIS/workspace/SecretGlobusSatProject/GlobusSatProject/..//hal/hcc/lib\libHCCD.a(safefat.o)
 .text._s_clearclustercontent
                0x20019f3c      0x108 C:/ISIS/workspace/SecretGlobusSatProject/GlobusSatProject/..//hal/hcc/lib\libHCCD.a(safefat.o)
 .text._s_clearclustercontentdir
                0x2001a044      0x19c C:/ISIS/workspace/SecretGlobusSatProject/GlobusSatProject/..//hal/hcc/lib\libHCCD.a(safefat.o)
 .text._s_writedirsector
                0x2001a1e0       0xd0 C:/ISIS/workspace/SecretGlobusSatProject/GlobusSatProject/..//hal/hcc/lib\libHCCD.a(safefat.o)
 .text._s_getdirsector
                0x2001a2b0      0x100 C:/ISIS/workspace/SecretGlobusSatProject/GlobusSatProject/..//hal/hcc/lib\libHCCD.a(safefat.o)
 .text._s_addentry
                0x2001a3b0      0x394 C:/ISIS/workspace/SecretGlobusSatProject/GlobusSatProject/..//hal/hcc/lib\libHCCD.a(safefat.o)
 .text._s_findfile
                0x2001a744      0x33c C:/ISIS/workspace/SecretGlobusSatProject/GlobusSatProject/..//hal/hcc/lib\libHCCD.a(safefat.o)
 .text._s_findsubdir
                0x2001aa80      0x248 C:/ISIS/workspace/SecretGlobusSatProject/GlobusSatProject/..//hal/hcc/lib\libHCCD.a(safefat.o)
 .text._s_createfile
                0x2001acc8      0x190 C:/ISIS/workspace/SecretGlobusSatProject/GlobusSatProject/..//hal/hcc/lib\libHCCD.a(safefat.o)
 .text._s_findsaffile
                0x2001ae58      0x1b8 C:/ISIS/workspace/SecretGlobusSatProject/GlobusSatProject/..//hal/hcc/lib\libHCCD.a(safefat.o)
 .text._s_open  0x2001b010       0xe4 C:/ISIS/workspace/SecretGlobusSatProject/GlobusSatProject/..//hal/hcc/lib\libHCCD.a(safefat.o)
 .text._s_open_saf
                0x2001b0f4       0xe8 C:/ISIS/workspace/SecretGlobusSatProject/GlobusSatProject/..//hal/hcc/lib\libHCCD.a(safefat.o)
 .text._s_flush
                0x2001b1dc       0x84 C:/ISIS/workspace/SecretGlobusSatProject/GlobusSatProject/..//hal/hcc/lib\libHCCD.a(safefat.o)
 .text._s_allocnextcluster
                0x2001b260      0x13c C:/ISIS/workspace/SecretGlobusSatProject/GlobusSatProject/..//hal/hcc/lib\libHCCD.a(safefat.o)
 .text._s_getnextsector
                0x2001b39c       0xdc C:/ISIS/workspace/SecretGlobusSatProject/GlobusSatProject/..//hal/hcc/lib\libHCCD.a(safefat.o)
 .text._s_seek  0x2001b478      0x1e8 C:/ISIS/workspace/SecretGlobusSatProject/GlobusSatProject/..//hal/hcc/lib\libHCCD.a(safefat.o)
 .text._s_get_len
                0x2001b660      0x10c C:/ISIS/workspace/SecretGlobusSatProject/GlobusSatProject/..//hal/hcc/lib\libHCCD.a(safefat.o)
 .text._s_set_len
                0x2001b76c       0xb4 C:/ISIS/workspace/SecretGlobusSatProject/GlobusSatProject/..//hal/hcc/lib\libHCCD.a(safefat.o)
 .text.safe_fix_filelengths
                0x2001b820       0xcc C:/ISIS/workspace/SecretGlobusSatProject/GlobusSatProject/..//hal/hcc/lib\libHCCD.a(safefat.o)
                0x2001b820                safe_fix_filelengths
 .text._s_read  0x2001b8ec      0x228 C:/ISIS/workspace/SecretGlobusSatProject/GlobusSatProject/..//hal/hcc/lib\libHCCD.a(safefat.o)
 .text._s_write
                0x2001bb14      0x384 C:/ISIS/workspace/SecretGlobusSatProject/GlobusSatProject/..//hal/hcc/lib\libHCCD.a(safefat.o)
 .text._s_restoreclusters
                0x2001be98      0x270 C:/ISIS/workspace/SecretGlobusSatProject/GlobusSatProject/..//hal/hcc/lib\libHCCD.a(safefat.o)
                0x2001be98                _s_restoreclusters
 .text._s_findrestore
                0x2001c108      0x18c C:/ISIS/workspace/SecretGlobusSatProject/GlobusSatProject/..//hal/hcc/lib\libHCCD.a(safefat.o)
 .text._s_cmd_writede
                0x2001c294       0xd8 C:/ISIS/workspace/SecretGlobusSatProject/GlobusSatProject/..//hal/hcc/lib\libHCCD.a(safefat.o)
 .text._s_cmd_setcluster
                0x2001c36c       0x88 C:/ISIS/workspace/SecretGlobusSatProject/GlobusSatProject/..//hal/hcc/lib\libHCCD.a(safefat.o)
 .text._s_cmd_deletechain
                0x2001c3f4      0x100 C:/ISIS/workspace/SecretGlobusSatProject/GlobusSatProject/..//hal/hcc/lib\libHCCD.a(safefat.o)
 .text._s_cmd_validatecfn
                0x2001c4f4      0x308 C:/ISIS/workspace/SecretGlobusSatProject/GlobusSatProject/..//hal/hcc/lib\libHCCD.a(safefat.o)
 .text._s_cmd_seteof
                0x2001c7fc      0x3c4 C:/ISIS/workspace/SecretGlobusSatProject/GlobusSatProject/..//hal/hcc/lib\libHCCD.a(safefat.o)
 .text.safe_docommands
                0x2001cbc0      0x56c C:/ISIS/workspace/SecretGlobusSatProject/GlobusSatProject/..//hal/hcc/lib\libHCCD.a(safefat.o)
                0x2001cbc0                safe_docommands
 .text.safe_entercommand
                0x2001d12c       0x68 C:/ISIS/workspace/SecretGlobusSatProject/GlobusSatProject/..//hal/hcc/lib\libHCCD.a(safefat.o)
                0x2001d12c                safe_entercommand
 .text.safe_ready
                0x2001d194       0xf4 C:/ISIS/workspace/SecretGlobusSatProject/GlobusSatProject/..//hal/hcc/lib\libHCCD.a(safefat.o)
                0x2001d194                safe_ready
 .text.safe_copycfn
                0x2001d288       0xb8 C:/ISIS/workspace/SecretGlobusSatProject/GlobusSatProject/..//hal/hcc/lib\libHCCD.a(safefat.o)
                0x2001d288                safe_copycfn
 .text.safe_cfremove
                0x2001d340       0xb8 C:/ISIS/workspace/SecretGlobusSatProject/GlobusSatProject/..//hal/hcc/lib\libHCCD.a(safefat.o)
                0x2001d340                safe_cfremove
 .text.safe_writede
                0x2001d3f8      0x104 C:/ISIS/workspace/SecretGlobusSatProject/GlobusSatProject/..//hal/hcc/lib\libHCCD.a(safefat.o)
                0x2001d3f8                safe_writede
 .text.safe_setcluster
                0x2001d4fc       0xcc C:/ISIS/workspace/SecretGlobusSatProject/GlobusSatProject/..//hal/hcc/lib\libHCCD.a(safefat.o)
                0x2001d4fc                safe_setcluster
 .text.safe_deletechain
                0x2001d5c8      0x1c8 C:/ISIS/workspace/SecretGlobusSatProject/GlobusSatProject/..//hal/hcc/lib\libHCCD.a(safefat.o)
                0x2001d5c8                safe_deletechain
 .text.safe_cfclose
                0x2001d790      0x104 C:/ISIS/workspace/SecretGlobusSatProject/GlobusSatProject/..//hal/hcc/lib\libHCCD.a(safefat.o)
                0x2001d790                safe_cfclose
 .text.safe_cfflush
                0x2001d894      0x124 C:/ISIS/workspace/SecretGlobusSatProject/GlobusSatProject/..//hal/hcc/lib\libHCCD.a(safefat.o)
                0x2001d894                safe_cfflush
 .text.safe_reset
                0x2001d9b8       0x78 C:/ISIS/workspace/SecretGlobusSatProject/GlobusSatProject/..//hal/hcc/lib\libHCCD.a(safefat.o)
                0x2001d9b8                safe_reset
 .text.safe_loadcommands
                0x2001da30       0x78 C:/ISIS/workspace/SecretGlobusSatProject/GlobusSatProject/..//hal/hcc/lib\libHCCD.a(safefat.o)
                0x2001da30                safe_loadcommands
 .text.safe_poweron
                0x2001daa8      0x1fc C:/ISIS/workspace/SecretGlobusSatProject/GlobusSatProject/..//hal/hcc/lib\libHCCD.a(safefat.o)
                0x2001daa8                safe_poweron
 .text.cf_getname
                0x2001dca4       0xc0 C:/ISIS/workspace/SecretGlobusSatProject/GlobusSatProject/..//hal/hcc/lib\libHCCD.a(safefat.o)
 .text.cf_copyclusterchain
                0x2001dd64      0x138 C:/ISIS/workspace/SecretGlobusSatProject/GlobusSatProject/..//hal/hcc/lib\libHCCD.a(safefat.o)
 .text.cf_seektozero
                0x2001de9c       0x94 C:/ISIS/workspace/SecretGlobusSatProject/GlobusSatProject/..//hal/hcc/lib\libHCCD.a(safefat.o)
                0x2001de9c                cf_seektozero
 .text.cf_create
                0x2001df30      0x3a8 C:/ISIS/workspace/SecretGlobusSatProject/GlobusSatProject/..//hal/hcc/lib\libHCCD.a(safefat.o)
                0x2001df30                cf_create
 .text.cf_copyclustercontent
                0x2001e2d8      0x128 C:/ISIS/workspace/SecretGlobusSatProject/GlobusSatProject/..//hal/hcc/lib\libHCCD.a(safefat.o)
                0x2001e2d8                cf_copyclustercontent
 .text.cf_copycfn
                0x2001e400      0x4bc C:/ISIS/workspace/SecretGlobusSatProject/GlobusSatProject/..//hal/hcc/lib\libHCCD.a(safefat.o)
                0x2001e400                cf_copycfn
 .text.cf_remove
                0x2001e8bc      0x344 C:/ISIS/workspace/SecretGlobusSatProject/GlobusSatProject/..//hal/hcc/lib\libHCCD.a(safefat.o)
                0x2001e8bc                cf_remove
 .text.cf_setclusternew
                0x2001ec00       0xf0 C:/ISIS/workspace/SecretGlobusSatProject/GlobusSatProject/..//hal/hcc/lib\libHCCD.a(safefat.o)
                0x2001ec00                cf_setclusternew
 .text.cf_flush
                0x2001ecf0       0x58 C:/ISIS/workspace/SecretGlobusSatProject/GlobusSatProject/..//hal/hcc/lib\libHCCD.a(safefat.o)
                0x2001ecf0                cf_flush
 .text.cf_getcluster
                0x2001ed48      0x1b4 C:/ISIS/workspace/SecretGlobusSatProject/GlobusSatProject/..//hal/hcc/lib\libHCCD.a(safefat.o)
                0x2001ed48                cf_getcluster
 .text.cf_setnextcluster
                0x2001eefc      0x194 C:/ISIS/workspace/SecretGlobusSatProject/GlobusSatProject/..//hal/hcc/lib\libHCCD.a(safefat.o)
                0x2001eefc                cf_setnextcluster
 .text.cf_getpositions
                0x2001f090       0xbc C:/ISIS/workspace/SecretGlobusSatProject/GlobusSatProject/..//hal/hcc/lib\libHCCD.a(safefat.o)
                0x2001f090                cf_getpositions
 .text.cf_setpositions
                0x2001f14c       0xb0 C:/ISIS/workspace/SecretGlobusSatProject/GlobusSatProject/..//hal/hcc/lib\libHCCD.a(safefat.o)
                0x2001f14c                cf_setpositions
 .text.cf_opensyncafile
                0x2001f1fc      0x150 C:/ISIS/workspace/SecretGlobusSatProject/GlobusSatProject/..//hal/hcc/lib\libHCCD.a(safefat.o)
                0x2001f1fc                cf_opensyncafile
 .text.cf_reloadcfo
                0x2001f34c       0xd8 C:/ISIS/workspace/SecretGlobusSatProject/GlobusSatProject/..//hal/hcc/lib\libHCCD.a(safefat.o)
                0x2001f34c                cf_reloadcfo
 .text.mcipdc_cmd
                0x2001f424      0x22c C:/ISIS/workspace/SecretGlobusSatProject/GlobusSatProject/..//hal/hcc/lib\libHCCD.a(atmel_mcipdc.o)
 .text.mcipdc_stop
                0x2001f650       0xfc C:/ISIS/workspace/SecretGlobusSatProject/GlobusSatProject/..//hal/hcc/lib\libHCCD.a(atmel_mcipdc.o)
                0x2001f650                mcipdc_stop
 .text.mcipdc_read
                0x2001f74c      0x27c C:/ISIS/workspace/SecretGlobusSatProject/GlobusSatProject/..//hal/hcc/lib\libHCCD.a(atmel_mcipdc.o)
 .text.mcipdc_write
                0x2001f9c8      0x298 C:/ISIS/workspace/SecretGlobusSatProject/GlobusSatProject/..//hal/hcc/lib\libHCCD.a(atmel_mcipdc.o)
 .text.mcipdc_readsector
                0x2001fc60       0x9c C:/ISIS/workspace/SecretGlobusSatProject/GlobusSatProject/..//hal/hcc/lib\libHCCD.a(atmel_mcipdc.o)
                0x2001fc60                mcipdc_readsector
 .text.mcipdc_readmultiplesector
                0x2001fcfc      0x124 C:/ISIS/workspace/SecretGlobusSatProject/GlobusSatProject/..//hal/hcc/lib\libHCCD.a(atmel_mcipdc.o)
                0x2001fcfc                mcipdc_readmultiplesector
 .text.mcipdc_writesector
                0x2001fe20       0x90 C:/ISIS/workspace/SecretGlobusSatProject/GlobusSatProject/..//hal/hcc/lib\libHCCD.a(atmel_mcipdc.o)
                0x2001fe20                mcipdc_writesector
 .text.mcipdc_writemultiplesector
                0x2001feb0      0x120 C:/ISIS/workspace/SecretGlobusSatProject/GlobusSatProject/..//hal/hcc/lib\libHCCD.a(atmel_mcipdc.o)
                0x2001feb0                mcipdc_writemultiplesector
 .text.mcipdc_set_speed
                0x2001ffd0       0xb0 C:/ISIS/workspace/SecretGlobusSatProject/GlobusSatProject/..//hal/hcc/lib\libHCCD.a(atmel_mcipdc.o)
 .text.mcipdc_get_speed
                0x20020080       0x48 C:/ISIS/workspace/SecretGlobusSatProject/GlobusSatProject/..//hal/hcc/lib\libHCCD.a(atmel_mcipdc.o)
 .text._get_csd_bits
                0x200200c8      0x14c C:/ISIS/workspace/SecretGlobusSatProject/GlobusSatProject/..//hal/hcc/lib\libHCCD.a(atmel_mcipdc.o)
 .text.mcipdc_initcard
                0x20020214      0x8f4 C:/ISIS/workspace/SecretGlobusSatProject/GlobusSatProject/..//hal/hcc/lib\libHCCD.a(atmel_mcipdc.o)
 .text.mcipdc_getstatus
                0x20020b08       0xe8 C:/ISIS/workspace/SecretGlobusSatProject/GlobusSatProject/..//hal/hcc/lib\libHCCD.a(atmel_mcipdc.o)
 .text.mcipdc_getphy
                0x20020bf0       0x90 C:/ISIS/workspace/SecretGlobusSatProject/GlobusSatProject/..//hal/hcc/lib\libHCCD.a(atmel_mcipdc.o)
 .text.mcipdc_release
                0x20020c80       0x50 C:/ISIS/workspace/SecretGlobusSatProject/GlobusSatProject/..//hal/hcc/lib\libHCCD.a(atmel_mcipdc.o)
 .text.atmel_mcipdc_initfunc
                0x20020cd0      0x160 C:/ISIS/workspace/SecretGlobusSatProject/GlobusSatProject/..//hal/hcc/lib\libHCCD.a(atmel_mcipdc.o)
                0x20020cd0                atmel_mcipdc_initfunc
 .text.oal_mutex_create
                0x20020e30       0x54 C:/ISIS/workspace/SecretGlobusSatProject/GlobusSatProject/..//hal/hcc/lib\libHCCD.a(oalp_mutex.o)
                0x20020e30                oal_mutex_create
 .text.oal_mutex_delete
                0x20020e84       0x30 C:/ISIS/workspace/SecretGlobusSatProject/GlobusSatProject/..//hal/hcc/lib\libHCCD.a(oalp_mutex.o)
                0x20020e84                oal_mutex_delete
 .text.oal_mutex_get
                0x20020eb4       0x58 C:/ISIS/workspace/SecretGlobusSatProject/GlobusSatProject/..//hal/hcc/lib\libHCCD.a(oalp_mutex.o)
                0x20020eb4                oal_mutex_get
 .text.oal_mutex_put
                0x20020f0c       0x58 C:/ISIS/workspace/SecretGlobusSatProject/GlobusSatProject/..//hal/hcc/lib\libHCCD.a(oalp_mutex.o)
                0x20020f0c                oal_mutex_put
 .text.oal_task_get_id
                0x20020f64       0x18 C:/ISIS/workspace/SecretGlobusSatProject/GlobusSatProject/..//hal/hcc/lib\libHCCD.a(oalp_task.o)
                0x20020f64                oal_task_get_id
 .text.mcipdc_hw_init
                0x20020f7c       0xe8 C:/ISIS/workspace/SecretGlobusSatProject/GlobusSatProject/..//hal/hcc/lib\libHCCD.a(atmel_mcipdc_hw.o)
                0x20020f7c                mcipdc_hw_init
 .text.mcipdc_hw_delete
                0x20021064       0x78 C:/ISIS/workspace/SecretGlobusSatProject/GlobusSatProject/..//hal/hcc/lib\libHCCD.a(atmel_mcipdc_hw.o)
                0x20021064                mcipdc_hw_delete
 .text.mcipdc_hw_card_plugged
                0x200210dc       0x1c C:/ISIS/workspace/SecretGlobusSatProject/GlobusSatProject/..//hal/hcc/lib\libHCCD.a(atmel_mcipdc_hw.o)
                0x200210dc                mcipdc_hw_card_plugged
 .text.mcipdc_hw_card_writeprotect
                0x200210f8       0x1c C:/ISIS/workspace/SecretGlobusSatProject/GlobusSatProject/..//hal/hcc/lib\libHCCD.a(atmel_mcipdc_hw.o)
                0x200210f8                mcipdc_hw_card_writeprotect
 .text.psp_getcurrenttimedate
                0x20021114       0x8c C:/ISIS/workspace/SecretGlobusSatProject/GlobusSatProject/..//hal/hcc/lib\libHCCD.a(psp_rtc.o)
                0x20021114                psp_getcurrenttimedate
 .text._hcc_get_buf_dsc
                0x200211a0       0x8c C:/ISIS/workspace/SecretGlobusSatProject/GlobusSatProject/..//hal/hcc/lib\libHCCD.a(hcc_mem.o)
 .text._hcc_check_free_pages
                0x2002122c      0x18c C:/ISIS/workspace/SecretGlobusSatProject/GlobusSatProject/..//hal/hcc/lib\libHCCD.a(hcc_mem.o)
 .text._hcc_mark_pages
                0x200213b8      0x158 C:/ISIS/workspace/SecretGlobusSatProject/GlobusSatProject/..//hal/hcc/lib\libHCCD.a(hcc_mem.o)
 .text._hcc_clear_lock_dsc
                0x20021510       0x80 C:/ISIS/workspace/SecretGlobusSatProject/GlobusSatProject/..//hal/hcc/lib\libHCCD.a(hcc_mem.o)
 .text._hcc_lock_access
                0x20021590      0x128 C:/ISIS/workspace/SecretGlobusSatProject/GlobusSatProject/..//hal/hcc/lib\libHCCD.a(hcc_mem.o)
 .text._hcc_unlock_access
                0x200216b8       0x30 C:/ISIS/workspace/SecretGlobusSatProject/GlobusSatProject/..//hal/hcc/lib\libHCCD.a(hcc_mem.o)
 .text.hcc_mem_alloc
                0x200216e8      0x454 C:/ISIS/workspace/SecretGlobusSatProject/GlobusSatProject/..//hal/hcc/lib\libHCCD.a(hcc_mem.o)
                0x200216e8                hcc_mem_alloc
 .text.hcc_mem_free
                0x20021b3c      0x178 C:/ISIS/workspace/SecretGlobusSatProject/GlobusSatProject/..//hal/hcc/lib\libHCCD.a(hcc_mem.o)
                0x20021b3c                hcc_mem_free
 .text.hcc_mem_add
                0x20021cb4      0x3b0 C:/ISIS/workspace/SecretGlobusSatProject/GlobusSatProject/..//hal/hcc/lib\libHCCD.a(hcc_mem.o)
                0x20021cb4                hcc_mem_add
 .text.hcc_mem_init
                0x20022064      0x164 C:/ISIS/workspace/SecretGlobusSatProject/GlobusSatProject/..//hal/hcc/lib\libHCCD.a(hcc_mem.o)
                0x20022064                hcc_mem_init
 .text.hcc_mem_delete
                0x200221c8       0x94 C:/ISIS/workspace/SecretGlobusSatProject/GlobusSatProject/..//hal/hcc/lib\libHCCD.a(hcc_mem.o)
                0x200221c8                hcc_mem_delete
 .text._f_invalidatedir
                0x2002225c       0x28 C:/ISIS/workspace/SecretGlobusSatProject/GlobusSatProject/..//hal/hcc/lib\libHCCD.a(fat.o)
                0x2002225c                _f_invalidatedir
 .text._f_getdirsector
                0x20022284       0x88 C:/ISIS/workspace/SecretGlobusSatProject/GlobusSatProject/..//hal/hcc/lib\libHCCD.a(fat.o)
                0x20022284                _f_getdirsector
 .text._f_writedirsector
                0x2002230c       0x74 C:/ISIS/workspace/SecretGlobusSatProject/GlobusSatProject/..//hal/hcc/lib\libHCCD.a(fat.o)
                0x2002230c                _f_writedirsector
 .text._f_checknameinv
                0x20022380      0x180 C:/ISIS/workspace/SecretGlobusSatProject/GlobusSatProject/..//hal/hcc/lib\libHCCD.a(fat.o)
 .text._f_checkname
                0x20022500       0x7c C:/ISIS/workspace/SecretGlobusSatProject/GlobusSatProject/..//hal/hcc/lib\libHCCD.a(fat.o)
 .text._f_checknamewc
                0x2002257c       0xf8 C:/ISIS/workspace/SecretGlobusSatProject/GlobusSatProject/..//hal/hcc/lib\libHCCD.a(fat.o)
 .text._f_setnameext
                0x20022674      0x300 C:/ISIS/workspace/SecretGlobusSatProject/GlobusSatProject/..//hal/hcc/lib\libHCCD.a(fat.o)
 .text._f_setfsname
                0x20022974      0x584 C:/ISIS/workspace/SecretGlobusSatProject/GlobusSatProject/..//hal/hcc/lib\libHCCD.a(fat.o)
 .text._f_findfile
                0x20022ef8      0x30c C:/ISIS/workspace/SecretGlobusSatProject/GlobusSatProject/..//hal/hcc/lib\libHCCD.a(fat.o)
 .text._f_cmp_wname
                0x20023204      0x274 C:/ISIS/workspace/SecretGlobusSatProject/GlobusSatProject/..//hal/hcc/lib\libHCCD.a(fat.o)
 .text._f_to_string
                0x20023478      0x130 C:/ISIS/workspace/SecretGlobusSatProject/GlobusSatProject/..//hal/hcc/lib\libHCCD.a(fat.o)
 .text._f_findfilewc
                0x200235a8      0x278 C:/ISIS/workspace/SecretGlobusSatProject/GlobusSatProject/..//hal/hcc/lib\libHCCD.a(fat.o)
 .text._f_getfilename
                0x20023820      0x20c C:/ISIS/workspace/SecretGlobusSatProject/GlobusSatProject/..//hal/hcc/lib\libHCCD.a(fat.o)
 .text._f_findpath
                0x20023a2c      0x35c C:/ISIS/workspace/SecretGlobusSatProject/GlobusSatProject/..//hal/hcc/lib\libHCCD.a(fat.o)
 .text.fn_getdcwd
                0x20023d88      0x1e0 C:/ISIS/workspace/SecretGlobusSatProject/GlobusSatProject/..//hal/hcc/lib\libHCCD.a(fat.o)
                0x20023d88                fn_getdcwd
 .text.fn_findfirst
                0x20023f68      0x13c C:/ISIS/workspace/SecretGlobusSatProject/GlobusSatProject/..//hal/hcc/lib\libHCCD.a(fat.o)
                0x20023f68                fn_findfirst
 .text.fn_findnext
                0x200240a4      0x360 C:/ISIS/workspace/SecretGlobusSatProject/GlobusSatProject/..//hal/hcc/lib\libHCCD.a(fat.o)
                0x200240a4                fn_findnext
 .text._f_lock_resfile
                0x20024404       0x6c C:/ISIS/workspace/SecretGlobusSatProject/GlobusSatProject/..//hal/hcc/lib\libHCCD.a(fat.o)
 .text._f_unlock_resfile
                0x20024470       0x40 C:/ISIS/workspace/SecretGlobusSatProject/GlobusSatProject/..//hal/hcc/lib\libHCCD.a(fat.o)
 .text._f_getintfile
                0x200244b0      0x124 C:/ISIS/workspace/SecretGlobusSatProject/GlobusSatProject/..//hal/hcc/lib\libHCCD.a(fat.o)
 .text._f_addentry
                0x200245d4      0x540 C:/ISIS/workspace/SecretGlobusSatProject/GlobusSatProject/..//hal/hcc/lib\libHCCD.a(fat.o)
 .text.fn_filelength
                0x20024b14      0x1cc C:/ISIS/workspace/SecretGlobusSatProject/GlobusSatProject/..//hal/hcc/lib\libHCCD.a(fat.o)
                0x20024b14                fn_filelength
 .text.fn_open_sub
                0x20024ce0     0x1698 C:/ISIS/workspace/SecretGlobusSatProject/GlobusSatProject/..//hal/hcc/lib\libHCCD.a(fat.o)
 .text.fn_open  0x20026378       0x44 C:/ISIS/workspace/SecretGlobusSatProject/GlobusSatProject/..//hal/hcc/lib\libHCCD.a(fat.o)
                0x20026378                fn_open
 .text.fn_delete
                0x200263bc      0x490 C:/ISIS/workspace/SecretGlobusSatProject/GlobusSatProject/..//hal/hcc/lib\libHCCD.a(fat.o)
                0x200263bc                fn_delete
 .text.hcc_mem_buf_alloc
                0x2002684c       0xe4 C:/ISIS/workspace/SecretGlobusSatProject/GlobusSatProject/..//hal/hcc/lib\libHCCD.a(psp_hcc_mem.o)
                0x2002684c                hcc_mem_buf_alloc
 .text.hcc_mem_buf_free
                0x20026930       0x6c C:/ISIS/workspace/SecretGlobusSatProject/GlobusSatProject/..//hal/hcc/lib\libHCCD.a(psp_hcc_mem.o)
                0x20026930                hcc_mem_buf_free
 .text.makeAntStransfer
                0x2002699c       0x4c C:/ISIS/workspace/SecretGlobusSatProject/GlobusSatProject/..//satellite-subsystems/satellite-subsystems/lib\libSatelliteSubsystemsD.a(IsisAntS.o)
 .text.checkInputsValid
                0x200269e8       0x7c C:/ISIS/workspace/SecretGlobusSatProject/GlobusSatProject/..//satellite-subsystems/satellite-subsystems/lib\libSatelliteSubsystemsD.a(IsisAntS.o)
 .text.IsisAntS_initialize
                0x20026a64      0x26c C:/ISIS/workspace/SecretGlobusSatProject/GlobusSatProject/..//satellite-subsystems/satellite-subsystems/lib\libSatelliteSubsystemsD.a(IsisAntS.o)
                0x20026a64                IsisAntS_initialize
 .text.IsisAntS_setArmStatus
                0x20026cd0      0x104 C:/ISIS/workspace/SecretGlobusSatProject/GlobusSatProject/..//satellite-subsystems/satellite-subsystems/lib\libSatelliteSubsystemsD.a(IsisAntS.o)
                0x20026cd0                IsisAntS_setArmStatus
 .text.IsisAntS_getStatusData
                0x20026dd4      0x120 C:/ISIS/workspace/SecretGlobusSatProject/GlobusSatProject/..//satellite-subsystems/satellite-subsystems/lib\libSatelliteSubsystemsD.a(IsisAntS.o)
                0x20026dd4                IsisAntS_getStatusData
 .text.IsisAntS_getUptime
                0x20026ef4      0x120 C:/ISIS/workspace/SecretGlobusSatProject/GlobusSatProject/..//satellite-subsystems/satellite-subsystems/lib\libSatelliteSubsystemsD.a(IsisAntS.o)
                0x20026ef4                IsisAntS_getUptime
 .text.IsisAntS_getAlltelemetry
                0x20027014      0x120 C:/ISIS/workspace/SecretGlobusSatProject/GlobusSatProject/..//satellite-subsystems/satellite-subsystems/lib\libSatelliteSubsystemsD.a(IsisAntS.o)
                0x20027014                IsisAntS_getAlltelemetry
 .text.IsisAntS_reset
                0x20027134      0x104 C:/ISIS/workspace/SecretGlobusSatProject/GlobusSatProject/..//satellite-subsystems/satellite-subsystems/lib\libSatelliteSubsystemsD.a(IsisAntS.o)
                0x20027134                IsisAntS_reset