Archive member included because of file (symbol)

C:/ISIS/workspace/SecretGlobusSatProject/satellite-subsystems/demo/..//satellite-subsystems/lib\libSatelliteSubsystemsD.a(GomEPS.o)
                              ./src/Demos/GomEPSdemo.o (GomEpsInitialize)
C:/ISIS/workspace/SecretGlobusSatProject/satellite-subsystems/demo/..//satellite-subsystems/lib\libSatelliteSubsystemsD.a(IsisAntS.o)
                              ./src/Demos/IsisAntSdemo.o (IsisAntS_initialize)
C:/ISIS/workspace/SecretGlobusSatProject/satellite-subsystems/demo/..//satellite-subsystems/lib\libSatelliteSubsystemsD.a(IsisMTQv1.o)
                              ./src/Demos/IsisMTQv1demo.o (isisMTQv1_initialize)
C:/ISIS/workspace/SecretGlobusSatProject/satellite-subsystems/demo/..//satellite-subsystems/lib\libSatelliteSubsystemsD.a(IsisMTQv2.o)
                              ./src/Demos/IsisMTQv2demo.o (IsisMTQv2_initialize)
C:/ISIS/workspace/SecretGlobusSatProject/satellite-subsystems/demo/..//satellite-subsystems/lib\libSatelliteSubsystemsD.a(IsisSolarPanel.o)
                              ./src/Demos/IsisSPdemo.o (IsisSolarPanel_getTemperature)
C:/ISIS/workspace/SecretGlobusSatProject/satellite-subsystems/demo/..//satellite-subsystems/lib\libSatelliteSubsystemsD.a(IsisSolarPanelv2.o)
                              ./src/Demos/IsisSPv2demo.o (IsisSolarPanelv2_initialize)
C:/ISIS/workspace/SecretGlobusSatProject/satellite-subsystems/demo/..//satellite-subsystems/lib\libSatelliteSubsystemsD.a(IsisTRXUV.o)
                              ./src/Demos/IsisTRXUVdemo.o (IsisTrxuv_initialize)
C:/ISIS/workspace/SecretGlobusSatProject/satellite-subsystems/demo/..//satellite-subsystems/lib\libSatelliteSubsystemsD.a(IsisTRXVU.o)
                              ./src/Demos/IsisTRXVUdemo.o (IsisTrxvu_initialize)
C:/ISIS/workspace/SecretGlobusSatProject/satellite-subsystems/demo/..//satellite-subsystems/lib\libSatelliteSubsystemsD.a(IsisTxS.o)
                              ./src/Demos/IsisTxSdemo.o (IsisTxsInitialize)
C:/ISIS/workspace/SecretGlobusSatProject/satellite-subsystems/demo/..//satellite-subsystems/lib\libSatelliteSubsystemsD.a(cspaceADCS.o)
                              ./src/Demos/cspaceADCSdemo.o (cspaceADCS_initialize)
C:/ISIS/workspace/SecretGlobusSatProject/satellite-subsystems/demo/..//satellite-subsystems/lib\libSatelliteSubsystemsD.a(isis_eps_driver.o)
                              ./src/Demos/isis_eps_demo.o (ISIS_EPS_Init)
C:/ISIS/workspace/SecretGlobusSatProject/satellite-subsystems/demo/..//satellite-subsystems/lib\libSatelliteSubsystemsD.a(version.o)
                              ./src/main.o (SatelliteSubsystemsCompileDate)
C:/ISIS/workspace/SecretGlobusSatProject/satellite-subsystems/demo/..//satellite-subsystems/lib\libSatelliteSubsystemsD.a(IsisTRXCommon.o)
                              C:/ISIS/workspace/SecretGlobusSatProject/satellite-subsystems/demo/..//satellite-subsystems/lib\libSatelliteSubsystemsD.a(IsisTRXUV.o) (IsisTrxCommon_componentReset)
c:/isis/application/toolchain/bin/../lib/gcc/arm-none-eabi/4.7.4/../../../../arm-none-eabi/lib\libm.a(lib_a-w_exp.o)
                              ./src/Demos/common.o (exp)
c:/isis/application/toolchain/bin/../lib/gcc/arm-none-eabi/4.7.4/../../../../arm-none-eabi/lib\libm.a(lib_a-e_exp.o)
                              c:/isis/application/toolchain/bin/../lib/gcc/arm-none-eabi/4.7.4/../../../../arm-none-eabi/lib\libm.a(lib_a-w_exp.o) (__ieee754_exp)
c:/isis/application/toolchain/bin/../lib/gcc/arm-none-eabi/4.7.4/../../../../arm-none-eabi/lib\libm.a(lib_a-s_finite.o)
                              c:/isis/application/toolchain/bin/../lib/gcc/arm-none-eabi/4.7.4/../../../../arm-none-eabi/lib\libm.a(lib_a-w_exp.o) (finite)
c:/isis/application/toolchain/bin/../lib/gcc/arm-none-eabi/4.7.4/../../../../arm-none-eabi/lib\libm.a(lib_a-s_lib_ver.o)
                              c:/isis/application/toolchain/bin/../lib/gcc/arm-none-eabi/4.7.4/../../../../arm-none-eabi/lib\libm.a(lib_a-w_exp.o) (__fdlib_version)
c:/isis/application/toolchain/bin/../lib/gcc/arm-none-eabi/4.7.4/../../../../arm-none-eabi/lib\libm.a(lib_a-s_matherr.o)
                              c:/isis/application/toolchain/bin/../lib/gcc/arm-none-eabi/4.7.4/../../../../arm-none-eabi/lib\libm.a(lib_a-w_exp.o) (matherr)
C:/ISIS/workspace/SecretGlobusSatProject/satellite-subsystems/demo/../..//hal/hcc/lib\libHCCD.a(fat_common.o)
                              ./src/Demos/ScsGeckoDemo.o (fn_init)
C:/ISIS/workspace/SecretGlobusSatProject/satellite-subsystems/demo/../..//hal/hcc/lib\libHCCD.a(fat_m.o)
                              ./src/Demos/ScsGeckoDemo.o (fm_initvolume)
C:/ISIS/workspace/SecretGlobusSatProject/satellite-subsystems/demo/../..//hal/hcc/lib\libHCCD.a(safefat.o)
                              C:/ISIS/workspace/SecretGlobusSatProject/satellite-subsystems/demo/../..//hal/hcc/lib\libHCCD.a(fat_common.o) (safe_fix_filelengths)
[...]
Memory Configuration

Name             Origin             Length             Attributes
sram0            0x00200000         0x00004000         w !xr
sram1            0x00300000         0x00004000         w !xr
sdram            0x20000000         0x02000000         w !xr
*default*        0x00000000         0xffffffff

Linker script and memory map

LOAD c:/isis/application/toolchain/bin/../lib/gcc/arm-none-eabi/4.7.4/../../../../arm-none-eabi/lib\libc.a
LOAD ./src/Demos/GomEPSdemo.o
LOAD ./src/Demos/IsisAntSdemo.o
LOAD ./src/Demos/IsisMTQv1demo.o
LOAD ./src/Demos/IsisMTQv2demo.o
LOAD ./src/Demos/IsisSPdemo.o
LOAD ./src/Demos/IsisSPv2demo.o
LOAD ./src/Demos/IsisTRXUVdemo.o
LOAD ./src/Demos/IsisTRXVUdemo.o
LOAD ./src/Demos/IsisTxSdemo.o
LOAD ./src/Demos/ScsGeckoDemo.o
LOAD ./src/Demos/common.o
LOAD ./src/Demos/cspaceADCSdemo.o
LOAD ./src/Demos/input.o
LOAD ./src/Demos/isis_eps_demo.o
LOAD ./src/Demos/trxvu_frame_ready.o
LOAD ./src/main.o
LOAD C:/ISIS/workspace/SecretGlobusSatProject/satellite-subsystems/demo/..//satellite-subsystems/lib\libSatelliteSubsystemsD.a
LOAD c:/isis/application/toolchain/bin/../lib/gcc/arm-none-eabi/4.7.4/../../../../arm-none-eabi/lib\libm.a
LOAD C:/ISIS/workspace/SecretGlobusSatProject/satellite-subsystems/demo/../..//hal/hcc/lib\libHCCD.a
LOAD C:/ISIS/workspace/SecretGlobusSatProject/satellite-subsystems/demo/../..//hal/hal/lib\libHALD.a
LOAD C:/ISIS/workspace/SecretGlobusSatProject/satellite-subsystems/demo/../..//hal/freertos/lib\libFreeRTOSD.a
LOAD C:/ISIS/workspace/SecretGlobusSatProject/satellite-subsystems/demo/../..//hal/at91/lib\libAt91D.a
START GROUP
LOAD c:/isis/application/toolchain/bin/../lib/gcc/arm-none-eabi/4.7.4\libgcc.a
LOAD c:/isis/application/toolchain/bin/../lib/gcc/arm-none-eabi/4.7.4/../../../../arm-none-eabi/lib\libg.a
LOAD c:/isis/application/toolchain/bin/../lib/gcc/arm-none-eabi/4.7.4/../../../../arm-none-eabi/lib\libc.a
END GROUP

.fixed          0x20000000    0x37a08
                0x20000000                . = ALIGN (0x4)
                0x20000000                _sfixed = .
 *(.startup)
 .startup       0x20000000      0x134 C:/ISIS/workspace/SecretGlobusSatProject/satellite-subsystems/demo/../..//hal/at91/lib\libAt91D.a(board_cstartup.o)
                0x20000000                entry
 *(.text)
 .text          0x20000134       0x64 C:/ISIS/workspace/SecretGlobusSatProject/satellite-subsystems/demo/../..//hal/at91/lib\libAt91D.a(cp15_asm.o)
                0x20000134                _readControlRegister
                0x20000140                _writeControlRegister
                0x20000148                _waitForInterrupt
                0x20000154                _writeTTB
                0x2000015c                _writeDomain
                0x20000164                _writeITLBLockdown
                0x2000016c                _prefetchICacheLine
                0x20000174                _flushDCache
                0x20000180                _flushWriteBuffer
                0x2000018c                _invalidateIDTLBs
 .text          0x20000198      0x114 c:/isis/application/toolchain/bin/../lib/gcc/arm-none-eabi/4.7.4\libgcc.a(_udivsi3.o)
                0x20000198                __aeabi_uidiv
                0x20000198                __udivsi3
                0x2000028c                __aeabi_uidivmod
 .text          0x200002ac        0x4 c:/isis/application/toolchain/bin/../lib/gcc/arm-none-eabi/4.7.4\libgcc.a(_dvmd_tls.o)
                0x200002ac                __aeabi_idiv0
                0x200002ac                __aeabi_ldiv0
 .text          0x200002b0      0x41c c:/isis/application/toolchain/bin/../lib/gcc/arm-none-eabi/4.7.4\libgcc.a(_arm_addsubdf3.o)
                0x200002b0                __aeabi_drsub
                0x200002b8                __aeabi_dsub
                0x200002b8                __subdf3
                0x200002bc                __aeabi_dadd
                0x200002bc                __adddf3
                0x200005cc                __floatunsidf
                0x200005cc                __aeabi_ui2d
                0x200005f0                __floatsidf
                0x200005f0                __aeabi_i2d
                0x20000618                __aeabi_f2d
                0x20000618                __extendsfdf2
                0x20000658                __floatundidf
                0x20000658                __aeabi_ul2d
                0x2000066c                __floatdidf
                0x2000066c                __aeabi_l2d
 .text          0x200006cc      0x49c c:/isis/application/toolchain/bin/../lib/gcc/arm-none-eabi/4.7.4\libgcc.a(_arm_muldivdf3.o)
                0x200006cc                __aeabi_dmul
                0x200006cc                __muldf3
                0x2000095c                __divdf3
                0x2000095c                __aeabi_ddiv
 .text          0x20000b68      0x144 c:/isis/application/toolchain/bin/../lib/gcc/arm-none-eabi/4.7.4\libgcc.a(_arm_cmpdf2.o)
                0x20000b68                __gtdf2
                0x20000b68                __gedf2
                0x20000b70                __ltdf2
                0x20000b70                __ledf2
                0x20000b78                __nedf2
                0x20000b78                __eqdf2
                0x20000b78                __cmpdf2
                0x20000c00                __aeabi_cdrcmple
                0x20000c1c                __aeabi_cdcmpeq
                0x20000c1c                __aeabi_cdcmple
                0x20000c34                __aeabi_dcmpeq
                0x20000c4c                __aeabi_dcmplt
                0x20000c64                __aeabi_dcmple
                0x20000c7c                __aeabi_dcmpge
                0x20000c94                __aeabi_dcmpgt
 .text          0x20000cac       0x5c c:/isis/application/toolchain/bin/../lib/gcc/arm-none-eabi/4.7.4\libgcc.a(_arm_fixdfsi.o)
                0x20000cac                __aeabi_d2iz
                0x20000cac                __fixdfsi
 .text          0x20000d08       0x54 c:/isis/application/toolchain/bin/../lib/gcc/arm-none-eabi/4.7.4\libgcc.a(_arm_fixunsdfsi.o)
                0x20000d08                __aeabi_d2uiz
                0x20000d08                __fixunsdfsi
 .text          0x20000d5c       0xa0 c:/isis/application/toolchain/bin/../lib/gcc/arm-none-eabi/4.7.4\libgcc.a(_arm_truncdfsf2.o)
                0x20000d5c                __truncdfsf2
                0x20000d5c                __aeabi_d2f
 .text          0x20000dfc      0x2ac c:/isis/application/toolchain/bin/../lib/gcc/arm-none-eabi/4.7.4\libgcc.a(_arm_addsubsf3.o)
                0x20000dfc                __aeabi_frsub
                0x20000e04                __subsf3
                0x20000e04                __aeabi_fsub
                0x20000e08                __aeabi_fadd
                0x20000e08                __addsf3
                0x20000fc4                __aeabi_ui2f
                0x20000fc4                __floatunsisf
                0x20000fcc                __aeabi_i2f
                0x20000fcc                __floatsisf
                0x20000fec                __aeabi_ul2f
                0x20000fec                __floatundisf
                0x20000ffc                __aeabi_l2f
                0x20000ffc                __floatdisf
 .text          0x200010a8      0x2f8 c:/isis/application/toolchain/bin/../lib/gcc/arm-none-eabi/4.7.4\libgcc.a(_arm_muldivsf3.o)
                0x200010a8                __mulsf3
                0x200010a8                __aeabi_fmul
                0x20001240                __aeabi_fdiv
                0x20001240                __divsf3
 .text          0x200013a0       0x3c c:/isis/application/toolchain/bin/../lib/gcc/arm-none-eabi/4.7.4\libgcc.a(_aeabi_uldivmod.o)
                0x200013a0                __aeabi_uldivmod
 .text          0x200013dc       0x84 c:/isis/application/toolchain/bin/../lib/gcc/arm-none-eabi/4.7.4\libgcc.a(bpabi.o)
                0x200013dc                __gnu_ldivmod_helper
                0x20001420                __gnu_uldivmod_helper
 .text          0x20001460      0x4f0 c:/isis/application/toolchain/bin/../lib/gcc/arm-none-eabi/4.7.4\libgcc.a(_divdi3.o)
                0x20001460                __divdi3
 .text          0x20001950      0x488 c:/isis/application/toolchain/bin/../lib/gcc/arm-none-eabi/4.7.4\libgcc.a(_udivdi3.o)
                0x20001950                __udivdi3
 .text          0x20001dd8       0x48 c:/isis/application/toolchain/bin/../lib/gcc/arm-none-eabi/4.7.4\libgcc.a(_clzsi2.o)
                0x20001dd8                __clzsi2
 *(.text*)
 .text.EPS_TelemetryHKbasic
                0x20001e20      0x154 ./src/Demos/GomEPSdemo.o
 .text.EPS_TelemetryHKwdt
                0x20001f74      0x108 ./src/Demos/GomEPSdemo.o
 .text.EPS_TelemetryHKout
                0x2000207c      0x320 ./src/Demos/GomEPSdemo.o
 .text.EPS_TelemetryHKvi
                0x2000239c      0x104 ./src/Demos/GomEPSdemo.o
 .text.EPS_TelemetryHKGeneral
                0x200024a0      0x584 ./src/Demos/GomEPSdemo.o
 .text.EPS_TelemetryHKParam
                0x20002a24      0x34c ./src/Demos/GomEPSdemo.o
 .text.EPS_SetOutputOn
                0x20002d70       0x80 ./src/Demos/GomEPSdemo.o
 .text.EPS_SetOutputOff
                0x20002df0       0x80 ./src/Demos/GomEPSdemo.o
 .text.EPS_Reboot
                0x20002e70       0x7c ./src/Demos/GomEPSdemo.o
 .text.EPS_TelemetryHKGeneral_BatteryLoop
                0x20002eec      0x18c ./src/Demos/GomEPSdemo.o
 .text.selectAndExecuteGomEPSDemoTest
                0x20003078      0x2b4 ./src/Demos/GomEPSdemo.o
 .text.GomEPSdemoInit
                0x2000332c       0x88 ./src/Demos/GomEPSdemo.o
                0x2000332c                GomEPSdemoInit
 .text.GomEPSdemoLoop
                0x200033b4       0x3c ./src/Demos/GomEPSdemo.o
                0x200033b4                GomEPSdemoLoop
 .text.GomEPSdemoMain
                0x200033f0       0x30 ./src/Demos/GomEPSdemo.o
                0x200033f0                GomEPSdemoMain
 .text.GomEPStest
                0x20003420       0x18 ./src/Demos/GomEPSdemo.o
                0x20003420                GomEPStest
 .text.resetAntSTest
                0x20003438       0x9c ./src/Demos/IsisAntSdemo.o
 .text.printDeploymentStatus
                0x200034d4       0x60 ./src/Demos/IsisAntSdemo.o
 .text.getStatusAntSTest
                0x20003534      0x178 ./src/Demos/IsisAntSdemo.o
 .text.tempAntSTest
                0x200036ac      0x1a4 ./src/Demos/IsisAntSdemo.o
 .text.uptimeAntSTest
                0x20003850       0xa4 ./src/Demos/IsisAntSdemo.o
 .text.telemAntSTest
                0x200038f4      0x1cc ./src/Demos/IsisAntSdemo.o
 .text.setARMStatus
                0x20003ac0      0x158 ./src/Demos/IsisAntSdemo.o
 .text.autoDeploymentAntSTest
                0x20003c18      0x140 ./src/Demos/IsisAntSdemo.o
 .text.manualDeploymentAntSTest
                0x20003d58      0x18c ./src/Demos/IsisAntSdemo.o
 .text.selectAndExecuteAntSDemoTest
                0x20003ee4      0x2c4 ./src/Demos/IsisAntSdemo.o
                0x20003ee4                selectAndExecuteAntSDemoTest
 .text.initmain
                0x200041a8       0x9c ./src/Demos/IsisAntSdemo.o
 .text.Ants_mainDemo
                0x20004244       0x40 ./src/Demos/IsisAntSdemo.o
 .text.AntStest
                0x20004284       0x1c ./src/Demos/IsisAntSdemo.o
                0x20004284                AntStest
 .text.getTemperature
                0x200042a0       0x60 ./src/Demos/IsisMTQv1demo.o
 .text.selectAndExecuteMtqDemoTest
                0x20004300       0xa8 ./src/Demos/IsisMTQv1demo.o
 .text.initmain
                0x200043a8       0x38 ./src/Demos/IsisMTQv1demo.o
 .text.Mtqv1_mainDemo
                0x200043e0       0x3c ./src/Demos/IsisMTQv1demo.o
 .text.MTQv1test
                0x2000441c       0x1c ./src/Demos/IsisMTQv1demo.o
                0x2000441c                MTQv1test
 .text._parse_resp
                0x20004438      0x25c ./src/Demos/IsisMTQv2demo.o
 .text._parse_selftest_step
                0x20004694      0x530 ./src/Demos/IsisMTQv2demo.o
 .text._get_axis_inputs
                0x20004bc4      0x344 ./src/Demos/IsisMTQv2demo.o
 .text._softReset
                0x20004f08       0xf4 ./src/Demos/IsisMTQv2demo.o
 .text._noOperation
                0x20004ffc       0xe8 ./src/Demos/IsisMTQv2demo.o
 .text._cancelOperation
                0x200050e4       0xdc ./src/Demos/IsisMTQv2demo.o
 .text._startMTMMeasurement
                0x200051c0       0xfc ./src/Demos/IsisMTQv2demo.o
 .text._startMTQActuationCurrent
                0x200052bc      0x12c ./src/Demos/IsisMTQv2demo.o
 .text._startMTQActuationDipole
                0x200053e8      0x148 ./src/Demos/IsisMTQv2demo.o
 .text._startMTQActuationPWM
                0x20005530      0x12c ./src/Demos/IsisMTQv2demo.o
 .text._startSelfTest
                0x2000565c      0x228 ./src/Demos/IsisMTQv2demo.o
 .text._startDetumble
                0x20005884      0x1a0 ./src/Demos/IsisMTQv2demo.o
 .text._getSystemState
                0x20005a24      0x224 ./src/Demos/IsisMTQv2demo.o
 .text._getRawMTMData
                0x20005c48      0x150 ./src/Demos/IsisMTQv2demo.o
 .text._getCalMTMData
                0x20005d98      0x150 ./src/Demos/IsisMTQv2demo.o
 .text._getCoilCurrent
                0x20005ee8      0x140 ./src/Demos/IsisMTQv2demo.o
 .text._getCoilTemperature
                0x20006028      0x140 ./src/Demos/IsisMTQv2demo.o
 .text._getCmdActuationDipole
                0x20006168      0x14c ./src/Demos/IsisMTQv2demo.o
 .text._getSelftestDataSingleAxis
                0x200062b4      0x168 ./src/Demos/IsisMTQv2demo.o
 .text._getSelftestDataAllAxis
                0x2000641c      0x200 ./src/Demos/IsisMTQv2demo.o
 .text._getDetumbleData
                0x2000661c      0x240 ./src/Demos/IsisMTQv2demo.o
 .text._getRawHKData
                0x2000685c      0x218 ./src/Demos/IsisMTQv2demo.o
 .text._getEngHKData
                0x20006a74      0x248 ./src/Demos/IsisMTQv2demo.o
 .text._getParameter
                0x20006cbc      0x160 ./src/Demos/IsisMTQv2demo.o
 .text._setParameter
                0x20006e1c      0x2b0 ./src/Demos/IsisMTQv2demo.o
 .text._resetParameter
                0x200070cc      0x16c ./src/Demos/IsisMTQv2demo.o
 .text._selectAndExecuteDemoTest
                0x20007238      0x560 ./src/Demos/IsisMTQv2demo.o
 .text.IsisMTQv2demoInit
                0x20007798       0x88 ./src/Demos/IsisMTQv2demo.o
                0x20007798                IsisMTQv2demoInit
 .text.IsisMTQv2demoLoop
                0x20007820       0x3c ./src/Demos/IsisMTQv2demo.o
                0x20007820                IsisMTQv2demoLoop
 .text.IsisMTQv2demoMain
                0x2000785c       0x30 ./src/Demos/IsisMTQv2demo.o
                0x2000785c                IsisMTQv2demoMain
 .text.IsisMTQv2test
                0x2000788c       0x18 ./src/Demos/IsisMTQv2demo.o
                0x2000788c                IsisMTQv2test
 .text.SolarPanel_Temperature
                0x200078a4      0x260 ./src/Demos/IsisSPdemo.o
 .text.selectAndExecuteSolarPanelsDemoTest
                0x20007b04       0xa8 ./src/Demos/IsisSPdemo.o
 .text.SolarPaneltest
                0x20007bac       0x44 ./src/Demos/IsisSPdemo.o
                0x20007bac                SolarPaneltest
 .text.SolarPanelv2_Temperature
                0x20007bf0       0xfc ./src/Demos/IsisSPv2demo.o
                0x20007bf0                SolarPanelv2_Temperature
 .text.selectAndExecuteSolarPanelsv2DemoTest
                0x20007cec       0xa8 ./src/Demos/IsisSPv2demo.o
                0x20007cec                selectAndExecuteSolarPanelsv2DemoTest
 .text.SolarPanelsv2_mainDemo
                0x20007d94       0x3c ./src/Demos/IsisSPv2demo.o
                0x20007d94                SolarPanelsv2_mainDemo
 .text.SolarPanelv2test
                0x20007dd0       0xac ./src/Demos/IsisSPv2demo.o
                0x20007dd0                SolarPanelv2test
 .text.resetUVTest
                0x20007e7c       0x28 ./src/Demos/IsisTRXUVdemo.o
 .text.itc_sendDefClSignTest
                0x20007ea4       0xf4 ./src/Demos/IsisTRXUVdemo.o
 .text.itc_sendMsgCWTest
                0x20007f98       0xf4 ./src/Demos/IsisTRXUVdemo.o
 .text.itc_toggleIdleStateTest
                0x2000808c       0x74 ./src/Demos/IsisTRXUVdemo.o
 .text.itc_setTxBitrate9600Test
                0x20008100       0x2c ./src/Demos/IsisTRXUVdemo.o
 .text.itc_setTxBitrate1200Test
                0x2000812c       0x2c ./src/Demos/IsisTRXUVdemo.o
 .text.imc_getFrameCountTest
                0x20008158       0x80 ./src/Demos/IsisTRXUVdemo.o
 .text.imc_getFrameCmdTest
                0x200081d8      0x178 ./src/Demos/IsisTRXUVdemo.o
 .text.imc_getFrameCmdAndTxTest
                0x20008350      0x1ec ./src/Demos/IsisTRXUVdemo.o
 .text.imc_getAllTelemTest
                0x2000853c      0x724 ./src/Demos/IsisTRXUVdemo.o
 .text.selectAndExecuteTRXUVDemoTest
                0x20008c60      0x1a8 ./src/Demos/IsisTRXUVdemo.o
 .text.initmain
                0x20008e08       0x70 ./src/Demos/IsisTRXUVdemo.o
 .text.TRXUV_mainDemo
                0x20008e78       0x3c ./src/Demos/IsisTRXUVdemo.o
 .text.TRXUVtest
                0x20008eb4       0x38 ./src/Demos/IsisTRXUVdemo.o
                0x20008eb4                TRXUVtest
 .text.softResetVUTest
                0x20008eec       0x58 ./src/Demos/IsisTRXVUdemo.o
 .text.hardResetVUTest
                0x20008f44       0x58 ./src/Demos/IsisTRXVUdemo.o
 .text.vutc_sendDefClSignTest
                0x20008f9c       0xf4 ./src/Demos/IsisTRXVUdemo.o
 .text.vutc_toggleIdleStateTest
                0x20009090       0x74 ./src/Demos/IsisTRXVUdemo.o
 .text.vutc_setTxBitrate9600Test
                0x20009104       0x2c ./src/Demos/IsisTRXVUdemo.o
 .text.vutc_setTxBitrate1200Test
                0x20009130       0x2c ./src/Demos/IsisTRXVUdemo.o
 .text.vurc_getFrameCountTest
                0x2000915c       0x80 ./src/Demos/IsisTRXVUdemo.o
 .text.vurc_getFrameCmdTest
                0x200091dc      0x2a0 ./src/Demos/IsisTRXVUdemo.o
 .text.vurc_getFrameCmdAndTxTest
                0x2000947c      0x2e0 ./src/Demos/IsisTRXVUdemo.o
 .text.vurc_revDInterruptCallback
                0x2000975c       0x50 ./src/Demos/IsisTRXVUdemo.o
 .text.vurc_getFrameCmdInterruptTest
                0x200097ac      0x3f0 ./src/Demos/IsisTRXVUdemo.o
 .text.vurc_getRxTelemTest_revC
                0x20009b9c      0x3c8 ./src/Demos/IsisTRXVUdemo.o
 .text.vurc_getRxTelemTest_revD
                0x20009f64      0x524 ./src/Demos/IsisTRXVUdemo.o
 .text.vutc_getTxTelemTest_revC
                0x2000a488      0x390 ./src/Demos/IsisTRXVUdemo.o
 .text.vutc_getTxTelemTest_revD
                0x2000a818      0x4ec ./src/Demos/IsisTRXVUdemo.o
 .text.selectAndExecuteTRXVUDemoTest
                0x2000ad04      0x218 ./src/Demos/IsisTRXVUdemo.o
 .text._WatchDogKickTask
                0x2000af1c       0x44 ./src/Demos/IsisTRXVUdemo.o
 .text.IsisTRXVUdemoInit
                0x2000af60       0xf8 ./src/Demos/IsisTRXVUdemo.o
                0x2000af60                IsisTRXVUdemoInit
 .text.IsisTRXVUdemoLoop
                0x2000b058       0x3c ./src/Demos/IsisTRXVUdemo.o
                0x2000b058                IsisTRXVUdemoLoop
 .text.IsisTRXVUdemoMain
                0x2000b094       0x30 ./src/Demos/IsisTRXVUdemo.o
                0x2000b094                IsisTRXVUdemoMain
 .text.TRXVUtest
                0x2000b0c4       0x18 ./src/Demos/IsisTRXVUdemo.o
                0x2000b0c4                TRXVUtest
 .text.softResetTxsTest
                0x2000b0dc       0x34 ./src/Demos/IsisTxSdemo.o
 .text.halfMaxBitrateTxsTest
                0x2000b110       0x38 ./src/Demos/IsisTxSdemo.o
 .text.MaxBitrateTxsTest
                0x2000b148       0x38 ./src/Demos/IsisTxSdemo.o
 .text.level4_5dBTxsTest
                0x2000b180       0x38 ./src/Demos/IsisTxSdemo.o
 .text.level13_5dBTxsTest
                0x2000b1b8       0x38 ./src/Demos/IsisTxSdemo.o
 .text.toggleTxsStateTest
                0x2000b1f0       0x74 ./src/Demos/IsisTxSdemo.o
 .text.addDefaultCallsignFrames
                0x2000b264      0x108 ./src/Demos/IsisTxSdemo.o
 .text.getAllTelemTxSTest
                0x2000b36c      0x574 ./src/Demos/IsisTxSdemo.o
 .text.selectAndExecuteTxSDemoTest
                0x2000b8e0      0x170 ./src/Demos/IsisTxSdemo.o
 .text.IsisTxSdemoInit
                0x2000ba50       0x98 ./src/Demos/IsisTxSdemo.o
                0x2000ba50                IsisTxSdemoInit
 .text.IsisTxSdemoLoop
                0x2000bae8       0x3c ./src/Demos/IsisTxSdemo.o
                0x2000bae8                IsisTxSdemoLoop
 .text.IsisTxSdemoMain
                0x2000bb24       0x30 ./src/Demos/IsisTxSdemo.o
                0x2000bb24                IsisTxSdemoMain
 .text.TxStest  0x2000bb54       0x18 ./src/Demos/IsisTxSdemo.o
                0x2000bb54                TxStest
 .text.sendCommand
                0x2000bb6c       0x9c ./src/Demos/ScsGeckoDemo.o
                0x2000bb6c                sendCommand
 .text.print_res
                0x2000bc08       0x84 ./src/Demos/ScsGeckoDemo.o
                0x2000bc08                print_res
 .text.dolevTest
                0x2000bc8c       0xfc ./src/Demos/ScsGeckoDemo.o
 .text.selectAndExecuteGeckoDemoTest
                0x2000bd88      0x47c ./src/Demos/ScsGeckoDemo.o
                0x2000bd88                selectAndExecuteGeckoDemoTest
 .text.ScsGeckoDemoLoop
                0x2000c204       0x3c ./src/Demos/ScsGeckoDemo.o
                0x2000c204                ScsGeckoDemoLoop
 .text.ScsGeckoDemoMain
                0x2000c240       0x18 ./src/Demos/ScsGeckoDemo.o
                0x2000c240                ScsGeckoDemoMain
 .text.GeckoTest
                0x2000c258       0x18 ./src/Demos/ScsGeckoDemo.o
                0x2000c258                GeckoTest
 .text.ing_interact
                0x2000c270      0x470 ./src/Demos/common.o
                0x2000c270                ing_interact
 .text.ing_parse
                0x2000c6e0      0x8f4 ./src/Demos/common.o
                0x2000c6e0                ing_parse
 .text.ing      0x2000cfd4       0xa4 ./src/Demos/common.o
                0x2000cfd4                ing
 .text.config_param_info
                0x2000d078      0xb68 ./src/Demos/common.o
                0x2000d078                config_param_info
 .text.print_error
                0x2000dbe0       0x54 ./src/Demos/common.o
                0x2000dbe0                print_error
 .text.cspaceADCS_ADCSRunModeTest
                0x2000dc34       0x5c ./src/Demos/cspaceADCSdemo.o
 .text.cspaceADCS_ADCSGenInfo
                0x2000dc90       0xa4 ./src/Demos/cspaceADCSdemo.o
 .text.cspaceADCS_ADCSCommStatusTest
                0x2000dd34      0x114 ./src/Demos/cspaceADCSdemo.o
 .text.cspaceADCS_ADCSPowCtrlCmdTest
                0x2000de48      0x328 ./src/Demos/cspaceADCSdemo.o
 .text.cspaceADCS_setGetTimeTest
                0x2000e170       0x7c ./src/Demos/cspaceADCSdemo.o
 .text.cspaceADCS_setResetTest
                0x2000e1ec       0x1c ./src/Demos/cspaceADCSdemo.o
 .text.cspaceADCS_setGetWheelspeedTlmTest
                0x2000e208      0x154 ./src/Demos/cspaceADCSdemo.o
 .text.cspaceADCS_setMTQTest
                0x2000e35c       0xf8 ./src/Demos/cspaceADCSdemo.o
 .text.cspaceADCS_getMTQTest
                0x2000e454       0x80 ./src/Demos/cspaceADCSdemo.o
 .text.cspaceADCS_getMTMtest
                0x2000e4d4      0x124 ./src/Demos/cspaceADCSdemo.o
 .text.cspaceADCS_getCurrState
                0x2000e5f8      0x188 ./src/Demos/cspaceADCSdemo.o
 .text.cspaceADCS_ADCSPowCtrlAllOffTest
                0x2000e780      0x1b0 ./src/Demos/cspaceADCSdemo.o
 .text.cspaceADCS_ADCSPowTempTlm
                0x2000e930      0x3c0 ./src/Demos/cspaceADCSdemo.o
 .text.cspaceADCS_getGeneralTelemetry
                0x2000ecf0      0x520 ./src/Demos/cspaceADCSdemo.o
 .text.cspaceADCS_getRawGeneralTlmSeveralCmd
                0x2000f210      0x244 ./src/Demos/cspaceADCSdemo.o
 .text.cspaceADCS_getCurrentMeasurements
                0x2000f454      0x1ec ./src/Demos/cspaceADCSdemo.o
 .text.cspaceADCS_getADCActuators
                0x2000f640       0xd4 ./src/Demos/cspaceADCSdemo.o
 .text.cspaceADCS_getGPSStatusTime
                0x2000f714      0x1e0 ./src/Demos/cspaceADCSdemo.o
 .text.cspaceADCS_getGPSRawData
                0x2000f8f4       0xd4 ./src/Demos/cspaceADCSdemo.o
 .text.cspaceADCS_getGPSRawMeasurements
                0x2000f9c8      0x2d8 ./src/Demos/cspaceADCSdemo.o
 .text.cspaceADCS_getADCGroup1
                0x2000fca0      0x1f8 ./src/Demos/cspaceADCSdemo.o
 .text.selectAndExecute_cspaceADCSDemoTest
                0x2000fe98      0x384 ./src/Demos/cspaceADCSdemo.o
 .text.cspaceADCSdemoInit
                0x2001021c       0x88 ./src/Demos/cspaceADCSdemo.o
                0x2001021c                cspaceADCSdemoInit
 .text.cspaceADCSdemoLoop
                0x200102a4       0x3c ./src/Demos/cspaceADCSdemo.o
                0x200102a4                cspaceADCSdemoLoop
 .text.cspaceADCSdemoMain
                0x200102e0       0x30 ./src/Demos/cspaceADCSdemo.o
                0x200102e0                cspaceADCSdemoMain
 .text.cspaceADCStest
                0x20010310       0x18 ./src/Demos/cspaceADCSdemo.o
                0x20010310                cspaceADCStest
 .text.INPUT_GetINT8
                0x20010328       0xfc ./src/Demos/input.o
                0x20010328                INPUT_GetINT8
 .text._GetInput
                0x20010424      0x108 ./src/Demos/input.o
 .text._print_eps_respone
                0x2001052c       0xc4 ./src/Demos/isis_eps_demo.o
 .text._reset__tmtc
                0x200105f0       0x9c ./src/Demos/isis_eps_demo.o
 .text._cancel__tm
                0x2001068c       0xa4 ./src/Demos/isis_eps_demo.o
 .text._watchdog__tm
                0x20010730       0xa4 ./src/Demos/isis_eps_demo.o
 .text._outputbuschannelon__tmtc
                0x200107d4       0xc4 ./src/Demos/isis_eps_demo.o
 .text._outputbuschanneloff__tmtc
                0x20010898       0xc4 ./src/Demos/isis_eps_demo.o
 .text._switchtonominal__tm
                0x2001095c       0xa4 ./src/Demos/isis_eps_demo.o
 .text._switchtosafety__tm
                0x20010a00       0x98 ./src/Demos/isis_eps_demo.o
 .text._getsystemstatus__tm
                0x20010a98      0x24c ./src/Demos/isis_eps_demo.o
 .text._gethousekeepingraw__tm
                0x20010ce4      0x60c ./src/Demos/isis_eps_demo.o
 .text._gethousekeepingeng__tm
                0x200112f0      0x640 ./src/Demos/isis_eps_demo.o
 .text.selectAndExecuteIsis_EpsDemoTest
                0x20011930      0x1a8 ./src/Demos/isis_eps_demo.o
 .text.isis_eps__demo__init
                0x20011ad8       0xe0 ./src/Demos/isis_eps_demo.o
                0x20011ad8                isis_eps__demo__init
 .text.isis_eps__demo__loop
                0x20011bb8       0x48 ./src/Demos/isis_eps_demo.o
                0x20011bb8                isis_eps__demo__loop
 .text.isis_eps__demo__main
                0x20011c00       0x30 ./src/Demos/isis_eps_demo.o
                0x20011c00                isis_eps__demo__main
 .text.isis_eps__test
                0x20011c30       0x18 ./src/Demos/isis_eps_demo.o
                0x20011c30                isis_eps__test
 .text.TRXVU_FR_Enable
                0x20011c48       0x64 ./src/Demos/trxvu_frame_ready.o
                0x20011c48                TRXVU_FR_Enable
 .text.TRXVU_FR_Disable
                0x20011cac       0x18 ./src/Demos/trxvu_frame_ready.o
                0x20011cac                TRXVU_FR_Disable
 .text.TRXVU_FR_IsReady
                0x20011cc4       0x20 ./src/Demos/trxvu_frame_ready.o
                0x20011cc4                TRXVU_FR_IsReady
 .text._Handler
                0x20011ce4       0x3c ./src/Demos/trxvu_frame_ready.o
 .text.selectAndExecuteTest
                0x20011d20      0x280 ./src/main.o
                0x20011d20                selectAndExecuteTest
 .text.taskMain
                0x20011fa0       0x5c ./src/main.o
                0x20011fa0                taskMain
 .text.main     0x20011ffc      0x234 ./src/main.o
                0x20011ffc                main
 .text.GomEpsInitialize
                0x20012230      0x148 C:/ISIS/workspace/SecretGlobusSatProject/satellite-subsystems/demo/..//satellite-subsystems/lib\libSatelliteSubsystemsD.a(GomEPS.o)
                0x20012230                GomEpsInitialize
 .text.makeEPStransfer
                0x20012378       0x3c C:/ISIS/workspace/SecretGlobusSatProject/satellite-subsystems/demo/..//satellite-subsystems/lib\libSatelliteSubsystemsD.a(GomEPS.o)
 .text.GomEpsSoftReset
                0x200123b4       0xc4 C:/ISIS/workspace/SecretGlobusSatProject/satellite-subsystems/demo/..//satellite-subsystems/lib\libSatelliteSubsystemsD.a(GomEPS.o)
                0x200123b4                GomEpsSoftReset
 .text.GomEpsHardReset
                0x20012478       0xa8 C:/ISIS/workspace/SecretGlobusSatProject/satellite-subsystems/demo/..//satellite-subsystems/lib\libSatelliteSubsystemsD.a(GomEPS.o)
                0x20012478                GomEpsHardReset
 .text.GomEpsGetHkData_param
                0x20012520      0x29c C:/ISIS/workspace/SecretGlobusSatProject/satellite-subsystems/demo/..//satellite-subsystems/lib\libSatelliteSubsystemsD.a(GomEPS.o)
                0x20012520                GomEpsGetHkData_param
 .text.GomEpsGetHkData_general
                0x200127bc      0x45c C:/ISIS/workspace/SecretGlobusSatProject/satellite-subsystems/demo/..//satellite-subsystems/lib\libSatelliteSubsystemsD.a(GomEPS.o)
                0x200127bc                GomEpsGetHkData_general
 .text.GomEpsGetHkData_vi
                0x20012c18      0x188 C:/ISIS/workspace/SecretGlobusSatProject/satellite-subsystems/demo/..//satellite-subsystems/lib\libSatelliteSubsystemsD.a(GomEPS.o)
                0x20012c18                GomEpsGetHkData_vi
 .text.GomEpsGetHkData_out
                0x20012da0      0x21c C:/ISIS/workspace/SecretGlobusSatProject/satellite-subsystems/demo/..//satellite-subsystems/lib\libSatelliteSubsystemsD.a(GomEPS.o)
                0x20012da0                GomEpsGetHkData_out
 .text.GomEpsGetHkData_wdt
                0x20012fbc      0x2b4 C:/ISIS/workspace/SecretGlobusSatProject/satellite-subsystems/demo/..//satellite-subsystems/lib\libSatelliteSubsystemsD.a(GomEPS.o)
                0x20012fbc                GomEpsGetHkData_wdt
 .text.GomEpsGetHkData_basic
                0x20013270      0x22c C:/ISIS/workspace/SecretGlobusSatProject/satellite-subsystems/demo/..//satellite-subsystems/lib\libSatelliteSubsystemsD.a(GomEPS.o)
                0x20013270                GomEpsGetHkData_basic
 .text.GomEpsSetOutput
                0x2001349c       0xbc C:/ISIS/workspace/SecretGlobusSatProject/satellite-subsystems/demo/..//satellite-subsystems/lib\libSatelliteSubsystemsD.a(GomEPS.o)
                0x2001349c                GomEpsSetOutput
 .text.GomEpsSetSingleOutput
                0x20013558       0xe4 C:/ISIS/workspace/SecretGlobusSatProject/satellite-subsystems/demo/..//satellite-subsystems/lib\libSatelliteSubsystemsD.a(GomEPS.o)
                0x20013558                GomEpsSetSingleOutput
 .text.makeAntStransfer
                0x2001363c       0x4c C:/ISIS/workspace/SecretGlobusSatProject/satellite-subsystems/demo/..//satellite-subsystems/lib\libSatelliteSubsystemsD.a(IsisAntS.o)
 .text.checkInputsValid
                0x20013688       0x7c C:/ISIS/workspace/SecretGlobusSatProject/satellite-subsystems/demo/..//satellite-subsystems/lib\libSatelliteSubsystemsD.a(IsisAntS.o)
 .text.IsisAntS_initialize
                0x20013704      0x26c C:/ISIS/workspace/SecretGlobusSatProject/satellite-subsystems/demo/..//satellite-subsystems/lib\libSatelliteSubsystemsD.a(IsisAntS.o)
                0x20013704                IsisAntS_initialize
 .text.IsisAntS_setArmStatus
                0x20013970      0x104 C:/ISIS/workspace/SecretGlobusSatProject/satellite-subsystems/demo/..//satellite-subsystems/lib\libSatelliteSubsystemsD.a(IsisAntS.o)
                0x20013970                IsisAntS_setArmStatus
 .text.IsisAntS_attemptDeployment
                0x20013a74      0x168 C:/ISIS/workspace/SecretGlobusSatProject/satellite-subsystems/demo/..//satellite-subsystems/lib\libSatelliteSubsystemsD.a(IsisAntS.o)
                0x20013a74                IsisAntS_attemptDeployment
 .text.IsisAntS_getStatusData
                0x20013bdc      0x120 C:/ISIS/workspace/SecretGlobusSatProject/satellite-subsystems/demo/..//satellite-subsystems/lib\libSatelliteSubsystemsD.a(IsisAntS.o)
                0x20013bdc                IsisAntS_getStatusData
 .text.IsisAntS_getTemperature
                0x20013cfc      0x120 C:/ISIS/workspace/SecretGlobusSatProject/satellite-subsystems/demo/..//satellite-subsystems/lib\libSatelliteSubsystemsD.a(IsisAntS.o)
                0x20013cfc                IsisAntS_getTemperature
 .text.IsisAntS_getUptime
                0x20013e1c      0x120 C:/ISIS/workspace/SecretGlobusSatProject/satellite-subsystems/demo/..//satellite-subsystems/lib\libSatelliteSubsystemsD.a(IsisAntS.o)
                0x20013e1c                IsisAntS_getUptime
 .text.IsisAntS_getAlltelemetry
                0x20013f3c      0x120 C:/ISIS/workspace/SecretGlobusSatProject/satellite-subsystems/demo/..//satellite-subsystems/lib\libSatelliteSubsystemsD.a(IsisAntS.o)
                0x20013f3c                IsisAntS_getAlltelemetry
 .text.IsisAntS_reset
                0x2001405c      0x104 C:/ISIS/workspace/SecretGlobusSatProject/satellite-subsystems/demo/..//satellite-subsystems/lib\libSatelliteSubsystemsD.a(IsisAntS.o)
                0x2001405c                IsisAntS_reset
 .text.IsisAntS_autoDeployment
                0x20014160      0x114 C:/ISIS/workspace/SecretGlobusSatProject/satellite-subsystems/demo/..//satellite-subsystems/lib\libSatelliteSubsystemsD.a(IsisAntS.o)
                0x20014160                IsisAntS_autoDeployment
 .text.isisMTQv1_initialize
                0x20014274      0x18c C:/ISIS/workspace/SecretGlobusSatProject/satellite-subsystems/demo/..//satellite-subsystems/lib\libSatelliteSubsystemsD.a(IsisMTQv1.o)
                0x20014274                isisMTQv1_initialize
 .text.make_isisMTQtransfer
                0x20014400       0x3c C:/ISIS/workspace/SecretGlobusSatProject/satellite-subsystems/demo/..//satellite-subsystems/lib\libSatelliteSubsystemsD.a(IsisMTQv1.o)
 .text.IsisMTQv1GetTemperature
                0x2001443c       0xac C:/ISIS/workspace/SecretGlobusSatProject/satellite-subsystems/demo/..//satellite-subsystems/lib\libSatelliteSubsystemsD.a(IsisMTQv1.o)
                0x2001443c                IsisMTQv1GetTemperature
 .text.IsisMTQv2_initialize
                0x200144e8      0x18c C:/ISIS/workspace/SecretGlobusSatProject/satellite-subsystems/demo/..//satellite-subsystems/lib\libSatelliteSubsystemsD.a(IsisMTQv2.o)
                0x200144e8                IsisMTQv2_initialize
 .text._make_isisMTQtransfer
                0x20014674       0x3c C:/ISIS/workspace/SecretGlobusSatProject/satellite-subsystems/demo/..//satellite-subsystems/lib\libSatelliteSubsystemsD.a(IsisMTQv2.o)
 .text.IsisMTQv2_softReset
                0x200146b0       0xc8 C:/ISIS/workspace/SecretGlobusSatProject/satellite-subsystems/demo/..//satellite-subsystems/lib\libSatelliteSubsystemsD.a(IsisMTQv2.o)
                0x200146b0                IsisMTQv2_softReset
 .text.IsisMTQv2_noOperation
                0x20014778       0xac C:/ISIS/workspace/SecretGlobusSatProject/satellite-subsystems/demo/..//satellite-subsystems/lib\libSatelliteSubsystemsD.a(IsisMTQv2.o)
                0x20014778                IsisMTQv2_noOperation
 .text.IsisMTQv2_cancelOperation
                0x20014824       0xac C:/ISIS/workspace/SecretGlobusSatProject/satellite-subsystems/demo/..//satellite-subsystems/lib\libSatelliteSubsystemsD.a(IsisMTQv2.o)
                0x20014824                IsisMTQv2_cancelOperation
 .text.IsisMTQv2_startMTMMeasurement
                0x200148d0       0xac C:/ISIS/workspace/SecretGlobusSatProject/satellite-subsystems/demo/..//satellite-subsystems/lib\libSatelliteSubsystemsD.a(IsisMTQv2.o)
                0x200148d0                IsisMTQv2_startMTMMeasurement
 .text.IsisMTQv2_startMTQActuationCurrent
                0x2001497c       0xdc C:/ISIS/workspace/SecretGlobusSatProject/satellite-subsystems/demo/..//satellite-subsystems/lib\libSatelliteSubsystemsD.a(IsisMTQv2.o)
                0x2001497c                IsisMTQv2_startMTQActuationCurrent
 .text.IsisMTQv2_startMTQActuationDipole
                0x20014a58       0xdc C:/ISIS/workspace/SecretGlobusSatProject/satellite-subsystems/demo/..//satellite-subsystems/lib\libSatelliteSubsystemsD.a(IsisMTQv2.o)
                0x20014a58                IsisMTQv2_startMTQActuationDipole
 .text.IsisMTQv2_startMTQActuationPWM
                0x20014b34       0xdc C:/ISIS/workspace/SecretGlobusSatProject/satellite-subsystems/demo/..//satellite-subsystems/lib\libSatelliteSubsystemsD.a(IsisMTQv2.o)
                0x20014b34                IsisMTQv2_startMTQActuationPWM
 .text.IsisMTQv2_startSelfTest
                0x20014c10       0xbc C:/ISIS/workspace/SecretGlobusSatProject/satellite-subsystems/demo/..//satellite-subsystems/lib\libSatelliteSubsystemsD.a(IsisMTQv2.o)
                0x20014c10                IsisMTQv2_startSelfTest
 .text.IsisMTQv2_startDetumble
                0x20014ccc       0xd4 C:/ISIS/workspace/SecretGlobusSatProject/satellite-subsystems/demo/..//satellite-subsystems/lib\libSatelliteSubsystemsD.a(IsisMTQv2.o)
                0x20014ccc                IsisMTQv2_startDetumble
 .text.IsisMTQv2_getSystemState
                0x20014da0      0x118 C:/ISIS/workspace/SecretGlobusSatProject/satellite-subsystems/demo/..//satellite-subsystems/lib\libSatelliteSubsystemsD.a(IsisMTQv2.o)
                0x20014da0                IsisMTQv2_getSystemState
 .text.IsisMTQv2_getRawMTMData
                0x20014eb8      0x130 C:/ISIS/workspace/SecretGlobusSatProject/satellite-subsystems/demo/..//satellite-subsystems/lib\libSatelliteSubsystemsD.a(IsisMTQv2.o)
                0x20014eb8                IsisMTQv2_getRawMTMData
 .text.IsisMTQv2_getCalMTMData
                0x20014fe8      0x130 C:/ISIS/workspace/SecretGlobusSatProject/satellite-subsystems/demo/..//satellite-subsystems/lib\libSatelliteSubsystemsD.a(IsisMTQv2.o)
                0x20014fe8                IsisMTQv2_getCalMTMData
 .text.IsisMTQv2_getCoilCurrent
                0x20015118      0x100 C:/ISIS/workspace/SecretGlobusSatProject/satellite-subsystems/demo/..//satellite-subsystems/lib\libSatelliteSubsystemsD.a(IsisMTQv2.o)
                0x20015118                IsisMTQv2_getCoilCurrent
 .text.IsisMTQv2_getCoilTemperature
                0x20015218      0x100 C:/ISIS/workspace/SecretGlobusSatProject/satellite-subsystems/demo/..//satellite-subsystems/lib\libSatelliteSubsystemsD.a(IsisMTQv2.o)
                0x20015218                IsisMTQv2_getCoilTemperature
 .text.IsisMTQv2_getCmdActuationDipole
                0x20015318      0x100 C:/ISIS/workspace/SecretGlobusSatProject/satellite-subsystems/demo/..//satellite-subsystems/lib\libSatelliteSubsystemsD.a(IsisMTQv2.o)
                0x20015318                IsisMTQv2_getCmdActuationDipole
 .text.IsisMTQv2_getSelftestDataSingleAxis
                0x20015418      0x17c C:/ISIS/workspace/SecretGlobusSatProject/satellite-subsystems/demo/..//satellite-subsystems/lib\libSatelliteSubsystemsD.a(IsisMTQv2.o)
                0x20015418                IsisMTQv2_getSelftestDataSingleAxis
 .text.IsisMTQv2_getSelftestDataAllAxis
                0x20015594      0x2cc C:/ISIS/workspace/SecretGlobusSatProject/satellite-subsystems/demo/..//satellite-subsystems/lib\libSatelliteSubsystemsD.a(IsisMTQv2.o)
                0x20015594                IsisMTQv2_getSelftestDataAllAxis
 .text.IsisMTQv2_getDetumbleData
                0x20015860      0x108 C:/ISIS/workspace/SecretGlobusSatProject/satellite-subsystems/demo/..//satellite-subsystems/lib\libSatelliteSubsystemsD.a(IsisMTQv2.o)
                0x20015860                IsisMTQv2_getDetumbleData
 .text.IsisMTQv2_getRawHKData
                0x20015968      0x13c C:/ISIS/workspace/SecretGlobusSatProject/satellite-subsystems/demo/..//satellite-subsystems/lib\libSatelliteSubsystemsD.a(IsisMTQv2.o)
                0x20015968                IsisMTQv2_getRawHKData
 .text.IsisMTQv2_getEngHKData
                0x20015aa4      0x13c C:/ISIS/workspace/SecretGlobusSatProject/satellite-subsystems/demo/..//satellite-subsystems/lib\libSatelliteSubsystemsD.a(IsisMTQv2.o)
                0x20015aa4                IsisMTQv2_getEngHKData
 .text.IsisMTQv2_getParSize
                0x20015be0      0x11c C:/ISIS/workspace/SecretGlobusSatProject/satellite-subsystems/demo/..//satellite-subsystems/lib\libSatelliteSubsystemsD.a(IsisMTQv2.o)
                0x20015be0                IsisMTQv2_getParSize
 .text.IsisMTQv2_getParameter
                0x20015cfc      0x238 C:/ISIS/workspace/SecretGlobusSatProject/satellite-subsystems/demo/..//satellite-subsystems/lib\libSatelliteSubsystemsD.a(IsisMTQv2.o)
                0x20015cfc                IsisMTQv2_getParameter
 .text.IsisMTQv2_setParameter
                0x20015f34      0x264 C:/ISIS/workspace/SecretGlobusSatProject/satellite-subsystems/demo/..//satellite-subsystems/lib\libSatelliteSubsystemsD.a(IsisMTQv2.o)
                0x20015f34                IsisMTQv2_setParameter
 .text.IsisMTQv2_resetParameter
                0x20016198      0x238 C:/ISIS/workspace/SecretGlobusSatProject/satellite-subsystems/demo/..//satellite-subsystems/lib\libSatelliteSubsystemsD.a(IsisMTQv2.o)
                0x20016198                IsisMTQv2_resetParameter
 .text.IsisSolarPanel_getTemperature
                0x200163d0       0xbc C:/ISIS/workspace/SecretGlobusSatProject/satellite-subsystems/demo/..//satellite-subsystems/lib\libSatelliteSubsystemsD.a(IsisSolarPanel.o)
                0x200163d0                IsisSolarPanel_getTemperature
 .text.IsisSolarPanelv2_initialize
                0x2001648c       0xb4 C:/ISIS/workspace/SecretGlobusSatProject/satellite-subsystems/demo/..//satellite-subsystems/lib\libSatelliteSubsystemsD.a(IsisSolarPanelv2.o)
                0x2001648c                IsisSolarPanelv2_initialize
 .text.IsisSolarPanelv2_getTemperature
                0x20016540       0xc8 C:/ISIS/workspace/SecretGlobusSatProject/satellite-subsystems/demo/..//satellite-subsystems/lib\libSatelliteSubsystemsD.a(IsisSolarPanelv2.o)
                0x20016540                IsisSolarPanelv2_getTemperature
 .text.IsisSolarPanelv2_sleep
                0x20016608       0xbc C:/ISIS/workspace/SecretGlobusSatProject/satellite-subsystems/demo/..//satellite-subsystems/lib\libSatelliteSubsystemsD.a(IsisSolarPanelv2.o)
                0x20016608                IsisSolarPanelv2_sleep
 .text.IsisSolarPanelv2_wakeup
                0x200166c4       0x80 C:/ISIS/workspace/SecretGlobusSatProject/satellite-subsystems/demo/..//satellite-subsystems/lib\libSatelliteSubsystemsD.a(IsisSolarPanelv2.o)
                0x200166c4                IsisSolarPanelv2_wakeup
 .text._Reset   0x20016744       0x20 C:/ISIS/workspace/SecretGlobusSatProject/satellite-subsystems/demo/..//satellite-subsystems/lib\libSatelliteSubsystemsD.a(IsisSolarPanelv2.o)
 .text._WaitForStartup
                0x20016764       0x90 C:/ISIS/workspace/SecretGlobusSatProject/satellite-subsystems/demo/..//satellite-subsystems/lib\libSatelliteSubsystemsD.a(IsisSolarPanelv2.o)
 .text._AssignAllChannels
                0x200167f4       0x90 C:/ISIS/workspace/SecretGlobusSatProject/satellite-subsystems/demo/..//satellite-subsystems/lib\libSatelliteSubsystemsD.a(IsisSolarPanelv2.o)
 .text._AssignThisChannel
                0x20016884       0xe8 C:/ISIS/workspace/SecretGlobusSatProject/satellite-subsystems/demo/..//satellite-subsystems/lib\libSatelliteSubsystemsD.a(IsisSolarPanelv2.o)
 .text._InitiateConversion
                0x2001696c       0xac C:/ISIS/workspace/SecretGlobusSatProject/satellite-subsystems/demo/..//satellite-subsystems/lib\libSatelliteSubsystemsD.a(IsisSolarPanelv2.o)
 .text._WaitForConversionComplete
                0x20016a18      0x100 C:/ISIS/workspace/SecretGlobusSatProject/satellite-subsystems/demo/..//satellite-subsystems/lib\libSatelliteSubsystemsD.a(IsisSolarPanelv2.o)
 .text._ReadResult
                0x20016b18      0x158 C:/ISIS/workspace/SecretGlobusSatProject/satellite-subsystems/demo/..//satellite-subsystems/lib\libSatelliteSubsystemsD.a(IsisSolarPanelv2.o)
 .text._ExtractByte
                0x20016c70       0x38 C:/ISIS/workspace/SecretGlobusSatProject/satellite-subsystems/demo/..//satellite-subsystems/lib\libSatelliteSubsystemsD.a(IsisSolarPanelv2.o)
 .text._ExtendSign
                0x20016ca8       0x6c C:/ISIS/workspace/SecretGlobusSatProject/satellite-subsystems/demo/..//satellite-subsystems/lib\libSatelliteSubsystemsD.a(IsisSolarPanelv2.o)
 .text._PinsInit
                0x20016d14       0x50 C:/ISIS/workspace/SecretGlobusSatProject/satellite-subsystems/demo/..//satellite-subsystems/lib\libSatelliteSubsystemsD.a(IsisSolarPanelv2.o)
 .text._SpiWriteRead
                0x20016d64       0x70 C:/ISIS/workspace/SecretGlobusSatProject/satellite-subsystems/demo/..//satellite-subsystems/lib\libSatelliteSubsystemsD.a(IsisSolarPanelv2.o)
 .text.IsisTrxuv_initialize
                0x20016dd4      0x32c C:/ISIS/workspace/SecretGlobusSatProject/satellite-subsystems/demo/..//satellite-subsystems/lib\libSatelliteSubsystemsD.a(IsisTRXUV.o)
                0x20016dd4                IsisTrxuv_initialize
 .text.makeTRXUVtransfer
                0x20017100       0x44 C:/ISIS/workspace/SecretGlobusSatProject/satellite-subsystems/demo/..//satellite-subsystems/lib\libSatelliteSubsystemsD.a(IsisTRXUV.o)
 .text.IsisTrxuv_componentReset
                0x20017144       0x6c C:/ISIS/workspace/SecretGlobusSatProject/satellite-subsystems/demo/..//satellite-subsystems/lib\libSatelliteSubsystemsD.a(IsisTRXUV.o)
                0x20017144                IsisTrxuv_componentReset
 .text.IsisTrxuv_reset
                0x200171b0       0x74 C:/ISIS/workspace/SecretGlobusSatProject/satellite-subsystems/demo/..//satellite-subsystems/lib\libSatelliteSubsystemsD.a(IsisTRXUV.o)
                0x200171b0                IsisTrxuv_reset
 .text.IsisTrxuv_itcSendAX25DefClSign
                0x20017224       0xec C:/ISIS/workspace/SecretGlobusSatProject/satellite-subsystems/demo/..//satellite-subsystems/lib\libSatelliteSubsystemsD.a(IsisTRXUV.o)
                0x20017224                IsisTrxuv_itcSendAX25DefClSign
 .text.IsisTrxuv_itcSendCwMessage
                0x20017310      0x190 C:/ISIS/workspace/SecretGlobusSatProject/satellite-subsystems/demo/..//satellite-subsystems/lib\libSatelliteSubsystemsD.a(IsisTRXUV.o)
                0x20017310                IsisTrxuv_itcSendCwMessage
 .text.IsisTrxuv_itcSetIdlestate
                0x200174a0       0xa4 C:/ISIS/workspace/SecretGlobusSatProject/satellite-subsystems/demo/..//satellite-subsystems/lib\libSatelliteSubsystemsD.a(IsisTRXUV.o)
                0x200174a0                IsisTrxuv_itcSetIdlestate
 .text.IsisTrxuv_itcSetAx25Bitrate
                0x20017544       0xa4 C:/ISIS/workspace/SecretGlobusSatProject/satellite-subsystems/demo/..//satellite-subsystems/lib\libSatelliteSubsystemsD.a(IsisTRXUV.o)
                0x20017544                IsisTrxuv_itcSetAx25Bitrate
 .text.IsisTrxuv_imcGetFrameCount
                0x200175e8       0xa0 C:/ISIS/workspace/SecretGlobusSatProject/satellite-subsystems/demo/..//satellite-subsystems/lib\libSatelliteSubsystemsD.a(IsisTRXUV.o)
                0x200175e8                IsisTrxuv_imcGetFrameCount
 .text.IsisTrxuv_imcGetCommandFrame
                0x20017688      0x294 C:/ISIS/workspace/SecretGlobusSatProject/satellite-subsystems/demo/..//satellite-subsystems/lib\libSatelliteSubsystemsD.a(IsisTRXUV.o)
                0x20017688                IsisTrxuv_imcGetCommandFrame
 .text.IsisTrxuv_imcGetTelemetryAll
                0x2001791c       0xf8 C:/ISIS/workspace/SecretGlobusSatProject/satellite-subsystems/demo/..//satellite-subsystems/lib\libSatelliteSubsystemsD.a(IsisTRXUV.o)
                0x2001791c                IsisTrxuv_imcGetTelemetryAll
 .text.IsisTrxvu_initialize
                0x20017a14      0x2f4 C:/ISIS/workspace/SecretGlobusSatProject/satellite-subsystems/demo/..//satellite-subsystems/lib\libSatelliteSubsystemsD.a(IsisTRXVU.o)
                0x20017a14                IsisTrxvu_initialize
 .text.makeTRXVUtransfer
                0x20017d08       0x44 C:/ISIS/workspace/SecretGlobusSatProject/satellite-subsystems/demo/..//satellite-subsystems/lib\libSatelliteSubsystemsD.a(IsisTRXVU.o)
 .text.IsisTrxvu_componentSoftReset
                0x20017d4c       0x6c C:/ISIS/workspace/SecretGlobusSatProject/satellite-subsystems/demo/..//satellite-subsystems/lib\libSatelliteSubsystemsD.a(IsisTRXVU.o)
                0x20017d4c                IsisTrxvu_componentSoftReset
 .text.IsisTrxvu_componentHardReset
                0x20017db8       0xc8 C:/ISIS/workspace/SecretGlobusSatProject/satellite-subsystems/demo/..//satellite-subsystems/lib\libSatelliteSubsystemsD.a(IsisTRXVU.o)
                0x20017db8                IsisTrxvu_componentHardReset
 .text.IsisTrxvu_tcSendAX25DefClSign
                0x20017e80       0xec C:/ISIS/workspace/SecretGlobusSatProject/satellite-subsystems/demo/..//satellite-subsystems/lib\libSatelliteSubsystemsD.a(IsisTRXVU.o)
                0x20017e80                IsisTrxvu_tcSendAX25DefClSign
 .text.IsisTrxvu_tcSetIdlestate
                0x20017f6c       0xa4 C:/ISIS/workspace/SecretGlobusSatProject/satellite-subsystems/demo/..//satellite-subsystems/lib\libSatelliteSubsystemsD.a(IsisTRXVU.o)
                0x20017f6c                IsisTrxvu_tcSetIdlestate
 .text.IsisTrxvu_tcSetAx25Bitrate
                0x20018010       0xc4 C:/ISIS/workspace/SecretGlobusSatProject/satellite-subsystems/demo/..//satellite-subsystems/lib\libSatelliteSubsystemsD.a(IsisTRXVU.o)
                0x20018010                IsisTrxvu_tcSetAx25Bitrate
 .text.IsisTrxvu_tcGetUptime
                0x200180d4       0xa0 C:/ISIS/workspace/SecretGlobusSatProject/satellite-subsystems/demo/..//satellite-subsystems/lib\libSatelliteSubsystemsD.a(IsisTRXVU.o)
                0x200180d4                IsisTrxvu_tcGetUptime
 .text.IsisTrxvu_tcGetTelemetryAll
                0x20018174       0xd0 C:/ISIS/workspace/SecretGlobusSatProject/satellite-subsystems/demo/..//satellite-subsystems/lib\libSatelliteSubsystemsD.a(IsisTRXVU.o)
                0x20018174                IsisTrxvu_tcGetTelemetryAll
 .text.IsisTrxvu_tcGetTelemetryAll_revC
                0x20018244       0xd0 C:/ISIS/workspace/SecretGlobusSatProject/satellite-subsystems/demo/..//satellite-subsystems/lib\libSatelliteSubsystemsD.a(IsisTRXVU.o)
                0x20018244                IsisTrxvu_tcGetTelemetryAll_revC
 .text.IsisTrxvu_rcGetFrameCount
                0x20018314       0xa0 C:/ISIS/workspace/SecretGlobusSatProject/satellite-subsystems/demo/..//satellite-subsystems/lib\libSatelliteSubsystemsD.a(IsisTRXVU.o)
                0x20018314                IsisTrxvu_rcGetFrameCount
 .text.IsisTrxvu_rcGetCommandFrame
                0x200183b4      0x2d8 C:/ISIS/workspace/SecretGlobusSatProject/satellite-subsystems/demo/..//satellite-subsystems/lib\libSatelliteSubsystemsD.a(IsisTRXVU.o)
                0x200183b4                IsisTrxvu_rcGetCommandFrame
 .text.IsisTrxvu_rcGetTelemetryAll
                0x2001868c       0xd0 C:/ISIS/workspace/SecretGlobusSatProject/satellite-subsystems/demo/..//satellite-subsystems/lib\libSatelliteSubsystemsD.a(IsisTRXVU.o)
                0x2001868c                IsisTrxvu_rcGetTelemetryAll
 .text.IsisTrxvu_rcGetTelemetryAll_revC
                0x2001875c       0xec C:/ISIS/workspace/SecretGlobusSatProject/satellite-subsystems/demo/..//satellite-subsystems/lib\libSatelliteSubsystemsD.a(IsisTRXVU.o)
                0x2001875c                IsisTrxvu_rcGetTelemetryAll_revC
 .text.IsisTxsInitialize
                0x20018848      0x15c C:/ISIS/workspace/SecretGlobusSatProject/satellite-subsystems/demo/..//satellite-subsystems/lib\libSatelliteSubsystemsD.a(IsisTxS.o)
                0x20018848                IsisTxsInitialize
 .text.makeTxStransfer
                0x200189a4       0x3c C:/ISIS/workspace/SecretGlobusSatProject/satellite-subsystems/demo/..//satellite-subsystems/lib\libSatelliteSubsystemsD.a(IsisTxS.o)
 .text.IsisTxsSetModulatorAttenuator
                0x200189e0       0xd8 C:/ISIS/workspace/SecretGlobusSatProject/satellite-subsystems/demo/..//satellite-subsystems/lib\libSatelliteSubsystemsD.a(IsisTxS.o)
                0x200189e0                IsisTxsSetModulatorAttenuator
 .text.IsisTxsSetAx25Bitrate
                0x20018ab8       0xe4 C:/ISIS/workspace/SecretGlobusSatProject/satellite-subsystems/demo/..//satellite-subsystems/lib\libSatelliteSubsystemsD.a(IsisTxS.o)
                0x20018ab8                IsisTxsSetAx25Bitrate
 .text.IsisTxsSetState
                0x20018b9c       0xd8 C:/ISIS/workspace/SecretGlobusSatProject/satellite-subsystems/demo/..//satellite-subsystems/lib\libSatelliteSubsystemsD.a(IsisTxS.o)
                0x20018b9c                IsisTxsSetState
 .text.IsisTxsReset
                0x20018c74       0xb4 C:/ISIS/workspace/SecretGlobusSatProject/satellite-subsystems/demo/..//satellite-subsystems/lib\libSatelliteSubsystemsD.a(IsisTxS.o)
                0x20018c74                IsisTxsReset
 .text.IsisTxsSendAX25DefClSign
                0x20018d28      0x1a4 C:/ISIS/workspace/SecretGlobusSatProject/satellite-subsystems/demo/..//satellite-subsystems/lib\libSatelliteSubsystemsD.a(IsisTxS.o)
                0x20018d28                IsisTxsSendAX25DefClSign
 .text.IsisTxsGetHousekeepingData
                0x20018ecc       0xcc C:/ISIS/workspace/SecretGlobusSatProject/satellite-subsystems/demo/..//satellite-subsystems/lib\libSatelliteSubsystemsD.a(IsisTxS.o)
                0x20018ecc                IsisTxsGetHousekeepingData
 .text.cspaceADCS_initialize
                0x20018f98      0x18c C:/ISIS/workspace/SecretGlobusSatProject/satellite-subsystems/demo/..//satellite-subsystems/lib\libSatelliteSubsystemsD.a(cspaceADCS.o)
                0x20018f98                cspaceADCS_initialize
 .text.make_cspaceADCStransfer
                0x20019124      0x1b4 C:/ISIS/workspace/SecretGlobusSatProject/satellite-subsystems/demo/..//satellite-subsystems/lib\libSatelliteSubsystemsD.a(cspaceADCS.o)
 .text.cspaceADCS_componentReset
                0x200192d8       0xbc C:/ISIS/workspace/SecretGlobusSatProject/satellite-subsystems/demo/..//satellite-subsystems/lib\libSatelliteSubsystemsD.a(cspaceADCS.o)
                0x200192d8                cspaceADCS_componentReset
 .text.cspaceADCS_setCurrentTime
                0x20019394       0xd0 C:/ISIS/workspace/SecretGlobusSatProject/satellite-subsystems/demo/..//satellite-subsystems/lib\libSatelliteSubsystemsD.a(cspaceADCS.o)
                0x20019394                cspaceADCS_setCurrentTime
 .text.cspaceADCS_setRunMode
                0x20019464       0xbc C:/ISIS/workspace/SecretGlobusSatProject/satellite-subsystems/demo/..//satellite-subsystems/lib\libSatelliteSubsystemsD.a(cspaceADCS.o)
                0x20019464                cspaceADCS_setRunMode
 .text.cspaceADCS_setPwrCtrlDevice
                0x20019520       0xd0 C:/ISIS/workspace/SecretGlobusSatProject/satellite-subsystems/demo/..//satellite-subsystems/lib\libSatelliteSubsystemsD.a(cspaceADCS.o)
                0x20019520                cspaceADCS_setPwrCtrlDevice
 .text.cspaceADCS_setMagOutput
                0x200195f0       0xd0 C:/ISIS/workspace/SecretGlobusSatProject/satellite-subsystems/demo/..//satellite-subsystems/lib\libSatelliteSubsystemsD.a(cspaceADCS.o)
                0x200195f0                cspaceADCS_setMagOutput
 .text.cspaceADCS_setWheelSpeed
                0x200196c0       0xd0 C:/ISIS/workspace/SecretGlobusSatProject/satellite-subsystems/demo/..//satellite-subsystems/lib\libSatelliteSubsystemsD.a(cspaceADCS.o)
                0x200196c0                cspaceADCS_setWheelSpeed
 .text.cspaceADCS_getGeneralInfo
                0x20019790       0xc4 C:/ISIS/workspace/SecretGlobusSatProject/satellite-subsystems/demo/..//satellite-subsystems/lib\libSatelliteSubsystemsD.a(cspaceADCS.o)
                0x20019790                cspaceADCS_getGeneralInfo
 .text.cspaceADCS_getCurrentTime
                0x20019854       0xc4 C:/ISIS/workspace/SecretGlobusSatProject/satellite-subsystems/demo/..//satellite-subsystems/lib\libSatelliteSubsystemsD.a(cspaceADCS.o)
                0x20019854                cspaceADCS_getCurrentTime
 .text.cspaceADCS_getCommStatus
                0x20019918       0xc4 C:/ISIS/workspace/SecretGlobusSatProject/satellite-subsystems/demo/..//satellite-subsystems/lib\libSatelliteSubsystemsD.a(cspaceADCS.o)
                0x20019918                cspaceADCS_getCommStatus
 .text.cspaceADCS_getCurrentState
                0x200199dc       0xc4 C:/ISIS/workspace/SecretGlobusSatProject/satellite-subsystems/demo/..//satellite-subsystems/lib\libSatelliteSubsystemsD.a(cspaceADCS.o)
                0x200199dc                cspaceADCS_getCurrentState
 .text.cspaceADCS_getMagneticFieldVec
                0x20019aa0       0xc4 C:/ISIS/workspace/SecretGlobusSatProject/satellite-subsystems/demo/..//satellite-subsystems/lib\libSatelliteSubsystemsD.a(cspaceADCS.o)
                0x20019aa0                cspaceADCS_getMagneticFieldVec
 .text.cspaceADCS_getCoarseSunVec
                0x20019b64       0xc4 C:/ISIS/workspace/SecretGlobusSatProject/satellite-subsystems/demo/..//satellite-subsystems/lib\libSatelliteSubsystemsD.a(cspaceADCS.o)
                0x20019b64                cspaceADCS_getCoarseSunVec
 .text.cspaceADCS_getFineSunVec
                0x20019c28       0xc4 C:/ISIS/workspace/SecretGlobusSatProject/satellite-subsystems/demo/..//satellite-subsystems/lib\libSatelliteSubsystemsD.a(cspaceADCS.o)
                0x20019c28                cspaceADCS_getFineSunVec
 .text.cspaceADCS_getNadirVector
                0x20019cec       0xc4 C:/ISIS/workspace/SecretGlobusSatProject/satellite-subsystems/demo/..//satellite-subsystems/lib\libSatelliteSubsystemsD.a(cspaceADCS.o)
                0x20019cec                cspaceADCS_getNadirVector
 .text.cspaceADCS_getSensorRates
                0x20019db0       0xc4 C:/ISIS/workspace/SecretGlobusSatProject/satellite-subsystems/demo/..//satellite-subsystems/lib\libSatelliteSubsystemsD.a(cspaceADCS.o)
                0x20019db0                cspaceADCS_getSensorRates
 .text.cspaceADCS_getWheelSpeed
                0x20019e74       0xc4 C:/ISIS/workspace/SecretGlobusSatProject/satellite-subsystems/demo/..//satellite-subsystems/lib\libSatelliteSubsystemsD.a(cspaceADCS.o)
                0x20019e74                cspaceADCS_getWheelSpeed
 .text.cspaceADCS_getMagnetorquerCmd
                0x20019f38       0xc4 C:/ISIS/workspace/SecretGlobusSatProject/satellite-subsystems/demo/..//satellite-subsystems/lib\libSatelliteSubsystemsD.a(cspaceADCS.o)
                0x20019f38                cspaceADCS_getMagnetorquerCmd
 .text.cspaceADCS_getWheelSpeedCmd
                0x20019ffc       0xc4 C:/ISIS/workspace/SecretGlobusSatProject/satellite-subsystems/demo/..//satellite-subsystems/lib\libSatelliteSubsystemsD.a(cspaceADCS.o)
                0x20019ffc                cspaceADCS_getWheelSpeedCmd
 .text.cspaceADCS_getRawCam2Sensor
                0x2001a0c0       0xc4 C:/ISIS/workspace/SecretGlobusSatProject/satellite-subsystems/demo/..//satellite-subsystems/lib\libSatelliteSubsystemsD.a(cspaceADCS.o)
                0x2001a0c0                cspaceADCS_getRawCam2Sensor
 .text.cspaceADCS_getRawCam1Sensor
                0x2001a184       0xc4 C:/ISIS/workspace/SecretGlobusSatProject/satellite-subsystems/demo/..//satellite-subsystems/lib\libSatelliteSubsystemsD.a(cspaceADCS.o)
                0x2001a184                cspaceADCS_getRawCam1Sensor
 .text.cspaceADCS_getRawCss1_6Measurements
                0x2001a248       0xc4 C:/ISIS/workspace/SecretGlobusSatProject/satellite-subsystems/demo/..//satellite-subsystems/lib\libSatelliteSubsystemsD.a(cspaceADCS.o)
                0x2001a248                cspaceADCS_getRawCss1_6Measurements
 .text.cspaceADCS_getRawCss7_10Measurements
                0x2001a30c       0xc4 C:/ISIS/workspace/SecretGlobusSatProject/satellite-subsystems/demo/..//satellite-subsystems/lib\libSatelliteSubsystemsD.a(cspaceADCS.o)
                0x2001a30c                cspaceADCS_getRawCss7_10Measurements
 .text.cspaceADCS_getRawMagnetometerMeas
                0x2001a3d0       0xc4 C:/ISIS/workspace/SecretGlobusSatProject/satellite-subsystems/demo/..//satellite-subsystems/lib\libSatelliteSubsystemsD.a(cspaceADCS.o)
                0x2001a3d0                cspaceADCS_getRawMagnetometerMeas
 .text.cspaceADCS_getCSenseCurrentMeasurements
                0x2001a494       0xc4 C:/ISIS/workspace/SecretGlobusSatProject/satellite-subsystems/demo/..//satellite-subsystems/lib\libSatelliteSubsystemsD.a(cspaceADCS.o)
                0x2001a494                cspaceADCS_getCSenseCurrentMeasurements
 .text.cspaceADCS_getCControlCurrentMeasurements
                0x2001a558       0xc4 C:/ISIS/workspace/SecretGlobusSatProject/satellite-subsystems/demo/..//satellite-subsystems/lib\libSatelliteSubsystemsD.a(cspaceADCS.o)
                0x2001a558                cspaceADCS_getCControlCurrentMeasurements
 .text.cspaceADCS_getWheelCurrentsTlm
                0x2001a61c       0xc4 C:/ISIS/workspace/SecretGlobusSatProject/satellite-subsystems/demo/..//satellite-subsystems/lib\libSatelliteSubsystemsD.a(cspaceADCS.o)
                0x2001a61c                cspaceADCS_getWheelCurrentsTlm
 .text.cspaceADCS_getADCSTemperatureTlm
                0x2001a6e0       0xc4 C:/ISIS/workspace/SecretGlobusSatProject/satellite-subsystems/demo/..//satellite-subsystems/lib\libSatelliteSubsystemsD.a(cspaceADCS.o)
                0x2001a6e0                cspaceADCS_getADCSTemperatureTlm
 .text.cspaceADCS_getRateSensorTempTlm
                0x2001a7a4       0xc4 C:/ISIS/workspace/SecretGlobusSatProject/satellite-subsystems/demo/..//satellite-subsystems/lib\libSatelliteSubsystemsD.a(cspaceADCS.o)
                0x2001a7a4                cspaceADCS_getRateSensorTempTlm
 .text.cspaceADCS_getRawGpsStatus
                0x2001a868       0xc4 C:/ISIS/workspace/SecretGlobusSatProject/satellite-subsystems/demo/..//satellite-subsystems/lib\libSatelliteSubsystemsD.a(cspaceADCS.o)
                0x2001a868                cspaceADCS_getRawGpsStatus
 .text.cspaceADCS_getRawGpsTime
                0x2001a92c       0xc4 C:/ISIS/workspace/SecretGlobusSatProject/satellite-subsystems/demo/..//satellite-subsystems/lib\libSatelliteSubsystemsD.a(cspaceADCS.o)
                0x2001a92c                cspaceADCS_getRawGpsTime
 .text.cspaceADCS_getRawGpsX
                0x2001a9f0       0xc4 C:/ISIS/workspace/SecretGlobusSatProject/satellite-subsystems/demo/..//satellite-subsystems/lib\libSatelliteSubsystemsD.a(cspaceADCS.o)
                0x2001a9f0                cspaceADCS_getRawGpsX
 .text.cspaceADCS_getRawGpsY
                0x2001aab4       0xc4 C:/ISIS/workspace/SecretGlobusSatProject/satellite-subsystems/demo/..//satellite-subsystems/lib\libSatelliteSubsystemsD.a(cspaceADCS.o)
                0x2001aab4                cspaceADCS_getRawGpsY
 .text.cspaceADCS_getRawGpsZ
                0x2001ab78       0xc4 C:/ISIS/workspace/SecretGlobusSatProject/satellite-subsystems/demo/..//satellite-subsystems/lib\libSatelliteSubsystemsD.a(cspaceADCS.o)
                0x2001ab78                cspaceADCS_getRawGpsZ
 .text.cspaceADCS_getStateTlm
                0x2001ac3c       0xc4 C:/ISIS/workspace/SecretGlobusSatProject/satellite-subsystems/demo/..//satellite-subsystems/lib\libSatelliteSubsystemsD.a(cspaceADCS.o)
                0x2001ac3c                cspaceADCS_getStateTlm
 .text.cspaceADCS_getActuatorsCmds
                0x2001ad00       0xc4 C:/ISIS/workspace/SecretGlobusSatProject/satellite-subsystems/demo/..//satellite-subsystems/lib\libSatelliteSubsystemsD.a(cspaceADCS.o)
                0x2001ad00                cspaceADCS_getActuatorsCmds
 .text.cspaceADCS_getPowTempMeasTLM
                0x2001adc4       0xc4 C:/ISIS/workspace/SecretGlobusSatProject/satellite-subsystems/demo/..//satellite-subsystems/lib\libSatelliteSubsystemsD.a(cspaceADCS.o)
                0x2001adc4                cspaceADCS_getPowTempMeasTLM
 .text.cspaceADCS_getPwrCtrlDevice
                0x2001ae88       0xc4 C:/ISIS/workspace/SecretGlobusSatProject/satellite-subsystems/demo/..//satellite-subsystems/lib\libSatelliteSubsystemsD.a(cspaceADCS.o)
                0x2001ae88                cspaceADCS_getPwrCtrlDevice
 .text.cspaceADCS_getADCSRawGPSMeas
                0x2001af4c       0xc4 C:/ISIS/workspace/SecretGlobusSatProject/satellite-subsystems/demo/..//satellite-subsystems/lib\libSatelliteSubsystemsD.a(cspaceADCS.o)
                0x2001af4c                cspaceADCS_getADCSRawGPSMeas
 .text.ISIS_EPS_Init
                0x2001b010       0xc8 C:/ISIS/workspace/SecretGlobusSatProject/satellite-subsystems/demo/..//satellite-subsystems/lib\libSatelliteSubsystemsD.a(isis_eps_driver.o)
                0x2001b010                ISIS_EPS_Init
 .text.isis_eps__reset__tmtc
                0x2001b0d8       0xe8 C:/ISIS/workspace/SecretGlobusSatProject/satellite-subsystems/demo/..//satellite-subsystems/lib\libSatelliteSubsystemsD.a(isis_eps_driver.o)
                0x2001b0d8                isis_eps__reset__tmtc
 .text.isis_eps__cancel__tm
                0x2001b1c0       0xac C:/ISIS/workspace/SecretGlobusSatProject/satellite-subsystems/demo/..//satellite-subsystems/lib\libSatelliteSubsystemsD.a(isis_eps_driver.o)
                0x2001b1c0                isis_eps__cancel__tm
 .text.isis_eps__watchdog__tm
                0x2001b26c       0xac C:/ISIS/workspace/SecretGlobusSatProject/satellite-subsystems/demo/..//satellite-subsystems/lib\libSatelliteSubsystemsD.a(isis_eps_driver.o)
                0x2001b26c                isis_eps__watchdog__tm
 .text.isis_eps__outputbuschannelon__tmtc
                0x2001b318       0xe8 C:/ISIS/workspace/SecretGlobusSatProject/satellite-subsystems/demo/..//satellite-subsystems/lib\libSatelliteSubsystemsD.a(isis_eps_driver.o)
                0x2001b318                isis_eps__outputbuschannelon__tmtc
 .text.isis_eps__outputbuschanneloff__tmtc
                0x2001b400       0xe8 C:/ISIS/workspace/SecretGlobusSatProject/satellite-subsystems/demo/..//satellite-subsystems/lib\libSatelliteSubsystemsD.a(isis_eps_driver.o)
                0x2001b400                isis_eps__outputbuschanneloff__tmtc
 .text.isis_eps__switchtonominal__tm
                0x2001b4e8       0xac C:/ISIS/workspace/SecretGlobusSatProject/satellite-subsystems/demo/..//satellite-subsystems/lib\libSatelliteSubsystemsD.a(isis_eps_driver.o)
                0x2001b4e8                isis_eps__switchtonominal__tm
 .text.isis_eps__switchtosafety__tm
                0x2001b594       0xac C:/ISIS/workspace/SecretGlobusSatProject/satellite-subsystems/demo/..//satellite-subsystems/lib\libSatelliteSubsystemsD.a(isis_eps_driver.o)
                0x2001b594                isis_eps__switchtosafety__tm
 .text.isis_eps__getsystemstatus__tm
                0x2001b640       0xac C:/ISIS/workspace/SecretGlobusSatProject/satellite-subsystems/demo/..//satellite-subsystems/lib\libSatelliteSubsystemsD.a(isis_eps_driver.o)
                0x2001b640                isis_eps__getsystemstatus__tm
 .text.isis_eps__gethousekeepingraw__tm
                0x2001b6ec       0xac C:/ISIS/workspace/SecretGlobusSatProject/satellite-subsystems/demo/..//satellite-subsystems/lib\libSatelliteSubsystemsD.a(isis_eps_driver.o)
                0x2001b6ec                isis_eps__gethousekeepingraw__tm
 .text.isis_eps__gethousekeepingeng__tm
                0x2001b798       0xac C:/ISIS/workspace/SecretGlobusSatProject/satellite-subsystems/demo/..//satellite-subsystems/lib\libSatelliteSubsystemsD.a(isis_eps_driver.o)
                0x2001b798                isis_eps__gethousekeepingeng__tm
 .text._I2C_Send
                0x2001b844       0x78 C:/ISIS/workspace/SecretGlobusSatProject/satellite-subsystems/demo/..//satellite-subsystems/lib\libSatelliteSubsystemsD.a(isis_eps_driver.o)
 .text.makeTRXCommonTransfer
                0x2001b8bc       0x34 C:/ISIS/workspace/SecretGlobusSatProject/satellite-subsystems/demo/..//satellite-subsystems/lib\libSatelliteSubsystemsD.a(IsisTRXCommon.o)
 .text.IsisTrxCommon_componentReset
                0x2001b8f0       0x68 C:/ISIS/workspace/SecretGlobusSatProject/satellite-subsystems/demo/..//satellite-subsystems/lib\libSatelliteSubsystemsD.a(IsisTRXCommon.o)
                0x2001b8f0                IsisTrxCommon_componentReset
 .text.IsisTrxCommon_TxSendAX25DefClSign
                0x2001b958       0xf4 C:/ISIS/workspace/SecretGlobusSatProject/satellite-subsystems/demo/..//satellite-subsystems/lib\libSatelliteSubsystemsD.a(IsisTRXCommon.o)
                0x2001b958                IsisTrxCommon_TxSendAX25DefClSign
 .text.IsisTrxCommon_TxSetIdlestate
                0x2001ba4c       0x78 C:/ISIS/workspace/SecretGlobusSatProject/satellite-subsystems/demo/..//satellite-subsystems/lib\libSatelliteSubsystemsD.a(IsisTRXCommon.o)
                0x2001ba4c                IsisTrxCommon_TxSetIdlestate
 .text.IsisTrxCommon_TxSetAx25Bitrate
                0x2001bac4       0x78 C:/ISIS/workspace/SecretGlobusSatProject/satellite-subsystems/demo/..//satellite-subsystems/lib\libSatelliteSubsystemsD.a(IsisTRXCommon.o)
                0x2001bac4                IsisTrxCommon_TxSetAx25Bitrate
 .text.IsisTrxCommon_RxGetFrameCount
                0x2001bb3c       0x8c C:/ISIS/workspace/SecretGlobusSatProject/satellite-subsystems/demo/..//satellite-subsystems/lib\libSatelliteSubsystemsD.a(IsisTRXCommon.o)
                0x2001bb3c                IsisTrxCommon_RxGetFrameCount
 .text.IsisTrxCommon_RxGetTelemetryAll
                0x2001bbc8       0x8c C:/ISIS/workspace/SecretGlobusSatProject/satellite-subsystems/demo/..//satellite-subsystems/lib\libSatelliteSubsystemsD.a(IsisTRXCommon.o)
                0x2001bbc8                IsisTrxCommon_RxGetTelemetryAll
 .text.IsisTrxCommon_RxGetTelemetryAll_revC
                0x2001bc54       0x8c C:/ISIS/workspace/SecretGlobusSatProject/satellite-subsystems/demo/..//satellite-subsystems/lib\libSatelliteSubsystemsD.a(IsisTRXCommon.o)
                0x2001bc54                IsisTrxCommon_RxGetTelemetryAll_revC
 .text.IsisTrxCommon_GetUptime
                0x2001bce0       0x8c C:/ISIS/workspace/SecretGlobusSatProject/satellite-subsystems/demo/..//satellite-subsystems/lib\libSatelliteSubsystemsD.a(IsisTRXCommon.o)
                0x2001bce0                IsisTrxCommon_GetUptime
 *fill*         0x2001bd6c        0x4 00
 .text.exp      0x2001bd70      0x190 c:/isis/application/toolchain/bin/../lib/gcc/arm-none-eabi/4.7.4/../../../../arm-none-eabi/lib\libm.a(lib_a-w_exp.o)
                0x2001bd70                exp
 .text.__ieee754_exp
                0x2001bf00      0x448 c:/isis/application/toolchain/bin/../lib/gcc/arm-none-eabi/4.7.4/../../../../arm-none-eabi/lib\libm.a(lib_a-e_exp.o)
                0x2001bf00                __ieee754_exp
 .text.finite   0x2001c348       0x10 c:/isis/application/toolchain/bin/../lib/gcc/arm-none-eabi/4.7.4/../../../../arm-none-eabi/lib\libm.a(lib_a-s_finite.o)
                0x2001c348                finite
 .text.matherr  0x2001c358        0x8 c:/isis/application/toolchain/bin/../lib/gcc/arm-none-eabi/4.7.4/../../../../arm-none-eabi/lib\libm.a(lib_a-s_matherr.o)
                0x2001c358                matherr
 .text.validateTransferParameters
                0x2001c360      0x10c C:/ISIS/workspace/SecretGlobusSatProject/satellite-subsystems/demo/../..//hal/hal/lib\libHALD.a(I2C.o)
 .text.I2C_queueTransfer
                0x2001c46c       0xe8 C:/ISIS/workspace/SecretGlobusSatProject/satellite-subsystems/demo/../..//hal/hal/lib\libHALD.a(I2C.o)
                0x2001c46c                I2C_queueTransfer
 .text.I2C_internalCallback
                0x2001c554       0x64 C:/ISIS/workspace/SecretGlobusSatProject/satellite-subsystems/demo/../..//hal/hal/lib\libHALD.a(I2C.o)
 .text.I2C_doBlockingTransfer
                0x2001c5b8      0x160 C:/ISIS/workspace/SecretGlobusSatProject/satellite-subsystems/demo/../..//hal/hal/lib\libHALD.a(I2C.o)
 .text.I2C_write
                0x2001c718      0x110 C:/ISIS/workspace/SecretGlobusSatProject/satellite-subsystems/demo/../..//hal/hal/lib\libHALD.a(I2C.o)
                0x2001c718                I2C_write
 .text.I2C_read
                0x2001c828      0x110 C:/ISIS/workspace/SecretGlobusSatProject/satellite-subsystems/demo/../..//hal/hal/lib\libHALD.a(I2C.o)
                0x2001c828                I2C_read
 .text.I2C_writeRead
                0x2001c938      0x180 C:/ISIS/workspace/SecretGlobusSatProject/satellite-subsystems/demo/../..//hal/hal/lib\libHALD.a(I2C.o)
                0x2001c938                I2C_writeRead
 .text.I2C_start
                0x2001cab8      0x2e8 C:/ISIS/workspace/SecretGlobusSatProject/satellite-subsystems/demo/../..//hal/hal/lib\libHALD.a(I2C.o)
                0x2001cab8                I2C_start
 .text.I2C_stop
                0x2001cda0      0x184 C:/ISIS/workspace/SecretGlobusSatProject/satellite-subsystems/demo/../..//hal/hal/lib\libHALD.a(I2C.o)
                0x2001cda0                I2C_stop
 .text.I2C_setTransferTimeout
                0x2001cf24       0x48 C:/ISIS/workspace/SecretGlobusSatProject/satellite-subsystems/demo/../..//hal/hal/lib\libHALD.a(I2C.o)
                0x2001cf24                I2C_setTransferTimeout
 .text.uSdelay  0x2001cf6c       0x88 C:/ISIS/workspace/SecretGlobusSatProject/satellite-subsystems/demo/../..//hal/hal/lib\libHALD.a(LED.o)
 .text.LED_start
                0x2001cff4       0x1c C:/ISIS/workspace/SecretGlobusSatProject/satellite-subsystems/demo/../..//hal/hal/lib\libHALD.a(LED.o)
                0x2001cff4                LED_start
 .text.LED_glow
                0x2001d010       0x58 C:/ISIS/workspace/SecretGlobusSatProject/satellite-subsystems/demo/../..//hal/hal/lib\libHALD.a(LED.o)
                0x2001d010                LED_glow
 .text.LED_dark
                0x2001d068       0x58 C:/ISIS/workspace/SecretGlobusSatProject/satellite-subsystems/demo/../..//hal/hal/lib\libHALD.a(LED.o)
                0x2001d068                LED_dark
 .text.LED_toggle
                0x2001d0c0       0x50 C:/ISIS/workspace/SecretGlobusSatProject/satellite-subsystems/demo/../..//hal/hal/lib\libHALD.a(LED.o)
                0x2001d0c0                LED_toggle
 .text.LED_wave
                0x2001d110       0xd0 C:/ISIS/workspace/SecretGlobusSatProject/satellite-subsystems/demo/../..//hal/hal/lib\libHALD.a(LED.o)
                0x2001d110                LED_wave
 .text.LED_waveReverse
                0x2001d1e0       0xd0 C:/ISIS/workspace/SecretGlobusSatProject/satellite-subsystems/demo/../..//hal/hal/lib\libHALD.a(LED.o)
                0x2001d1e0                LED_waveReverse
 .text.clearPDCtransfers
                0x2001d2b0       0xdc C:/ISIS/workspace/SecretGlobusSatProject/satellite-subsystems/demo/../..//hal/hal/lib\libHALD.a(SPI.o)
 .text.SPI_start
                0x2001d38c      0x4c0 C:/ISIS/workspace/SecretGlobusSatProject/satellite-subsystems/demo/../..//hal/hal/lib\libHALD.a(SPI.o)
                0x2001d38c                SPI_start
 .text.SPI_stop
                0x2001d84c      0x22c C:/ISIS/workspace/SecretGlobusSatProject/satellite-subsystems/demo/../..//hal/hal/lib\libHALD.a(SPI.o)
                0x2001d84c                SPI_stop
 .text.SPI_queueTransfer
                0x2001da78      0x190 C:/ISIS/workspace/SecretGlobusSatProject/satellite-subsystems/demo/../..//hal/hal/lib\libHALD.a(SPI.o)
                0x2001da78                SPI_queueTransfer
 .text.SPI_internalCallback
                0x2001dc08       0x64 C:/ISIS/workspace/SecretGlobusSatProject/satellite-subsystems/demo/../..//hal/hal/lib\libHALD.a(SPI.o)
 .text.SPI_writeRead
                0x2001dc6c      0x188 C:/ISIS/workspace/SecretGlobusSatProject/satellite-subsystems/demo/../..//hal/hal/lib\libHALD.a(SPI.o)
                0x2001dc6c                SPI_writeRead
 .text.waitForTransfer
                0x2001ddf4       0x68 C:/ISIS/workspace/SecretGlobusSatProject/satellite-subsystems/demo/../..//hal/hal/lib\libHALD.a(SPI.o)
 .text.WDT_start
                0x2001de5c       0x48 C:/ISIS/workspace/SecretGlobusSatProject/satellite-subsystems/demo/../..//hal/hal/lib\libHALD.a(WatchDogTimerNoOS.o)
                0x2001de5c                WDT_start
 .text.WDT_startWatchdogKickTask
                0x2001dea4       0xb4 C:/ISIS/workspace/SecretGlobusSatProject/satellite-subsystems/demo/../..//hal/hal/lib\libHALD.a(WatchDogTimerOS.o)
                0x2001dea4                WDT_startWatchdogKickTask
 .text.WDT_forceKickEveryNms
                0x2001df58       0x50 C:/ISIS/workspace/SecretGlobusSatProject/satellite-subsystems/demo/../..//hal/hal/lib\libHALD.a(WatchDogTimerOS.o)
                0x2001df58                WDT_forceKickEveryNms
 .text.UTIL_DbguGetInteger
                0x2001dfa8      0x124 C:/ISIS/workspace/SecretGlobusSatProject/satellite-subsystems/demo/../..//hal/hal/lib\libHALD.a(util.o)
                0x2001dfa8                UTIL_DbguGetInteger
 .text.UTIL_DbguGetIntegerMinMax
                0x2001e0cc       0xa4 C:/ISIS/workspace/SecretGlobusSatProject/satellite-subsystems/demo/../..//hal/hal/lib\libHALD.a(util.o)
                0x2001e0cc                UTIL_DbguGetIntegerMinMax
 .text.xQueueGenericReset
                0x2001e170      0x150 C:/ISIS/workspace/SecretGlobusSatProject/satellite-subsystems/demo/../..//hal/freertos/lib\libFreeRTOSD.a(queue.o)
                0x2001e170                xQueueGenericReset
 .text.xQueueGenericCreate
                0x2001e2c0       0xfc C:/ISIS/workspace/SecretGlobusSatProject/satellite-subsystems/demo/../..//hal/freertos/lib\libFreeRTOSD.a(queue.o)
                0x2001e2c0                xQueueGenericCreate
 .text.xQueueCreateMutex
                0x2001e3bc      0x110 C:/ISIS/workspace/SecretGlobusSatProject/satellite-subsystems/demo/../..//hal/freertos/lib\libFreeRTOSD.a(queue.o)
                0x2001e3bc                xQueueCreateMutex
 .text.xQueueGenericSend
                0x2001e4cc      0x268 C:/ISIS/workspace/SecretGlobusSatProject/satellite-subsystems/demo/../..//hal/freertos/lib\libFreeRTOSD.a(queue.o)
                0x2001e4cc                xQueueGenericSend
 .text.xQueueGenericSendFromISR
                0x2001e734      0x19c C:/ISIS/workspace/SecretGlobusSatProject/satellite-subsystems/demo/../..//hal/freertos/lib\libFreeRTOSD.a(queue.o)
                0x2001e734                xQueueGenericSendFromISR
 .text.xQueueGenericReceive
                0x2001e8d0      0x2cc C:/ISIS/workspace/SecretGlobusSatProject/satellite-subsystems/demo/../..//hal/freertos/lib\libFreeRTOSD.a(queue.o)
                0x2001e8d0                xQueueGenericReceive
 .text.uxQueueMessagesWaiting
                0x2001eb9c       0x6c C:/ISIS/workspace/SecretGlobusSatProject/satellite-subsystems/demo/../..//hal/freertos/lib\libFreeRTOSD.a(queue.o)
                0x2001eb9c                uxQueueMessagesWaiting
 .text.vQueueDelete
                0x2001ec08       0x78 C:/ISIS/workspace/SecretGlobusSatProject/satellite-subsystems/demo/../..//hal/freertos/lib\libFreeRTOSD.a(queue.o)
                0x2001ec08                vQueueDelete
 .text.prvCopyDataToQueue
                0x2001ec80      0x190 C:/ISIS/workspace/SecretGlobusSatProject/satellite-subsystems/demo/../..//hal/freertos/lib\libFreeRTOSD.a(queue.o)
 .text.prvCopyDataFromQueue
                0x2001ee10       0x90 C:/ISIS/workspace/SecretGlobusSatProject/satellite-subsystems/demo/../..//hal/freertos/lib\libFreeRTOSD.a(queue.o)
 .text.prvUnlockQueue
                0x2001eea0      0x100 C:/ISIS/workspace/SecretGlobusSatProject/satellite-subsystems/demo/../..//hal/freertos/lib\libFreeRTOSD.a(queue.o)
 .text.prvIsQueueEmpty
                0x2001efa0       0x4c C:/ISIS/workspace/SecretGlobusSatProject/satellite-subsystems/demo/../..//hal/freertos/lib\libFreeRTOSD.a(queue.o)
 .text.prvIsQueueFull
                0x2001efec       0x54 C:/ISIS/workspace/SecretGlobusSatProject/satellite-subsystems/demo/../..//hal/freertos/lib\libFreeRTOSD.a(queue.o)
 .text.vQueueUnregisterQueue
                0x2001f040       0x80 C:/ISIS/workspace/SecretGlobusSatProject/satellite-subsystems/demo/../..//hal/freertos/lib\libFreeRTOSD.a(queue.o)
                0x2001f040                vQueueUnregisterQueue
 .text.xTaskGenericCreate
                0x2001f0c0      0x2ac C:/ISIS/workspace/SecretGlobusSatProject/satellite-subsystems/demo/../..//hal/freertos/lib\libFreeRTOSD.a(tasks.o)
                0x2001f0c0                xTaskGenericCreate
 .text.vTaskDelete
                0x2001f36c       0xe8 C:/ISIS/workspace/SecretGlobusSatProject/satellite-subsystems/demo/../..//hal/freertos/lib\libFreeRTOSD.a(tasks.o)
                0x2001f36c                vTaskDelete
 .text.vTaskDelayUntil
                0x2001f454      0x170 C:/ISIS/workspace/SecretGlobusSatProject/satellite-subsystems/demo/../..//hal/freertos/lib\libFreeRTOSD.a(tasks.o)
                0x2001f454                vTaskDelayUntil
 .text.vTaskDelay
                0x2001f5c4       0x80 C:/ISIS/workspace/SecretGlobusSatProject/satellite-subsystems/demo/../..//hal/freertos/lib\libFreeRTOSD.a(tasks.o)
                0x2001f5c4                vTaskDelay
 .text.vTaskStartScheduler
                0x2001f644       0xd4 C:/ISIS/workspace/SecretGlobusSatProject/satellite-subsystems/demo/../..//hal/freertos/lib\libFreeRTOSD.a(tasks.o)
                0x2001f644                vTaskStartScheduler
 .text.vTaskSuspendAll
                0x2001f718       0x2c C:/ISIS/workspace/SecretGlobusSatProject/satellite-subsystems/demo/../..//hal/freertos/lib\libFreeRTOSD.a(tasks.o)
                0x2001f718                vTaskSuspendAll
 .text.xTaskResumeAll
                0x2001f744      0x1f4 C:/ISIS/workspace/SecretGlobusSatProject/satellite-subsystems/demo/../..//hal/freertos/lib\libFreeRTOSD.a(tasks.o)
                0x2001f744                xTaskResumeAll
 .text.xTaskGetTickCount
                0x2001f938       0x34 C:/ISIS/workspace/SecretGlobusSatProject/satellite-subsystems/demo/../..//hal/freertos/lib\libFreeRTOSD.a(tasks.o)
                0x2001f938                xTaskGetTickCount
 .text.xTaskIncrementTick
                0x2001f96c      0x298 C:/ISIS/workspace/SecretGlobusSatProject/satellite-subsystems/demo/../..//hal/freertos/lib\libFreeRTOSD.a(tasks.o)
                0x2001f96c                xTaskIncrementTick
 .text.vTaskSwitchContext
                0x2001fc04      0x18c C:/ISIS/workspace/SecretGlobusSatProject/satellite-subsystems/demo/../..//hal/freertos/lib\libFreeRTOSD.a(tasks.o)
                0x2001fc04                vTaskSwitchContext
 .text.vTaskPlaceOnEventList
                0x2001fd90       0xcc C:/ISIS/workspace/SecretGlobusSatProject/satellite-subsystems/demo/../..//hal/freertos/lib\libFreeRTOSD.a(tasks.o)
                0x2001fd90                vTaskPlaceOnEventList
 .text.xTaskRemoveFromEventList
                0x2001fe5c      0x160 C:/ISIS/workspace/SecretGlobusSatProject/satellite-subsystems/demo/../..//hal/freertos/lib\libFreeRTOSD.a(tasks.o)
                0x2001fe5c                xTaskRemoveFromEventList
 .text.vTaskSetTimeOutState
                0x2001ffbc       0x78 C:/ISIS/workspace/SecretGlobusSatProject/satellite-subsystems/demo/../..//hal/freertos/lib\libFreeRTOSD.a(tasks.o)
                0x2001ffbc                vTaskSetTimeOutState
 .text.xTaskCheckForTimeOut
                0x20020034      0x158 C:/ISIS/workspace/SecretGlobusSatProject/satellite-subsystems/demo/../..//hal/freertos/lib\libFreeRTOSD.a(tasks.o)
                0x20020034                xTaskCheckForTimeOut
 .text.vTaskMissedYield
                0x2002018c       0x24 C:/ISIS/workspace/SecretGlobusSatProject/satellite-subsystems/demo/../..//hal/freertos/lib\libFreeRTOSD.a(tasks.o)
                0x2002018c                vTaskMissedYield
 .text.prvIdleTask
                0x200201b0       0x20 C:/ISIS/workspace/SecretGlobusSatProject/satellite-subsystems/demo/../..//hal/freertos/lib\libFreeRTOSD.a(tasks.o)
 .text.prvInitialiseTCBVariables
                0x200201d0      0x110 C:/ISIS/workspace/SecretGlobusSatProject/satellite-subsystems/demo/../..//hal/freertos/lib\libFreeRTOSD.a(tasks.o)
 .text.prvInitialiseTaskLists
                0x200202e0       0xbc C:/ISIS/workspace/SecretGlobusSatProject/satellite-subsystems/demo/../..//hal/freertos/lib\libFreeRTOSD.a(tasks.o)
 .text.prvCheckTasksWaitingTermination
                0x2002039c       0xbc C:/ISIS/workspace/SecretGlobusSatProject/satellite-subsystems/demo/../..//hal/freertos/lib\libFreeRTOSD.a(tasks.o)
 .text.prvAddCurrentTaskToDelayedList
                0x20020458       0xb4 C:/ISIS/workspace/SecretGlobusSatProject/satellite-subsystems/demo/../..//hal/freertos/lib\libFreeRTOSD.a(tasks.o)
 .text.prvAllocateTCBAndStack
                0x2002050c       0xb4 C:/ISIS/workspace/SecretGlobusSatProject/satellite-subsystems/demo/../..//hal/freertos/lib\libFreeRTOSD.a(tasks.o)
 .text.prvDeleteTCB
                0x200205c0       0x30 C:/ISIS/workspace/SecretGlobusSatProject/satellite-subsystems/demo/../..//hal/freertos/lib\libFreeRTOSD.a(tasks.o)
 .text.xTaskGetCurrentTaskHandle
                0x200205f0       0x30 C:/ISIS/workspace/SecretGlobusSatProject/satellite-subsystems/demo/../..//hal/freertos/lib\libFreeRTOSD.a(tasks.o)
                0x200205f0                xTaskGetCurrentTaskHandle
 .text.xTaskGetSchedulerState
                0x20020620       0x68 C:/ISIS/workspace/SecretGlobusSatProject/satellite-subsystems/demo/../..//hal/freertos/lib\libFreeRTOSD.a(tasks.o)
                0x20020620                xTaskGetSchedulerState
 .text.vTaskPriorityInherit
                0x20020688      0x148 C:/ISIS/workspace/SecretGlobusSatProject/satellite-subsystems/demo/../..//hal/freertos/lib\libFreeRTOSD.a(tasks.o)
                0x20020688                vTaskPriorityInherit
 .text.vTaskPriorityDisinherit
                0x200207d0       0xdc C:/ISIS/workspace/SecretGlobusSatProject/satellite-subsystems/demo/../..//hal/freertos/lib\libFreeRTOSD.a(tasks.o)
                0x200207d0                vTaskPriorityDisinherit
 .text.vApplicationStackOverflowHook
                0x200208ac       0x4c C:/ISIS/workspace/SecretGlobusSatProject/satellite-subsystems/demo/../..//hal/freertos/lib\libFreeRTOSD.a(hooks.o)
                0x200208ac                vApplicationStackOverflowHook
 .text.vApplicationIdleHook
                0x200208f8       0x18 C:/ISIS/workspace/SecretGlobusSatProject/satellite-subsystems/demo/../..//hal/freertos/lib\libFreeRTOSD.a(hooks.o)
                0x200208f8                vApplicationIdleHook
 .text.pvPortMalloc
                0x20020910       0x28 C:/ISIS/workspace/SecretGlobusSatProject/satellite-subsystems/demo/../..//hal/freertos/lib\libFreeRTOSD.a(standardMemMang.o)
                0x20020910                pvPortMalloc
 .text.vPortFree
                0x20020938       0x20 C:/ISIS/workspace/SecretGlobusSatProject/satellite-subsystems/demo/../..//hal/freertos/lib\libFreeRTOSD.a(standardMemMang.o)
                0x20020938                vPortFree
 .text.pxPortInitialiseStack
                0x20020958      0x218 C:/ISIS/workspace/SecretGlobusSatProject/satellite-subsystems/demo/../..//hal/freertos/lib\libFreeRTOSD.a(port.o)
                0x20020958                pxPortInitialiseStack
 .text.xPortStartScheduler
                0x20020b70       0x1c C:/ISIS/workspace/SecretGlobusSatProject/satellite-subsystems/demo/../..//hal/freertos/lib\libFreeRTOSD.a(port.o)
                0x20020b70                xPortStartScheduler
 .text.prvSetupTimerInterrupt
                0x20020b8c       0x54 C:/ISIS/workspace/SecretGlobusSatProject/satellite-subsystems/demo/../..//hal/freertos/lib\libFreeRTOSD.a(port.o)
 .text.vPortISRStartFirstTask
                0x20020be0       0x64 C:/ISIS/workspace/SecretGlobusSatProject/satellite-subsystems/demo/../..//hal/freertos/lib\libFreeRTOSD.a(port.o)
 .text.vPortEnterCritical
                0x20020c44       0x40 C:/ISIS/workspace/SecretGlobusSatProject/satellite-subsystems/demo/../..//hal/freertos/lib\libFreeRTOSD.a(port.o)
                0x20020c44                vPortEnterCritical
 .text.vPortExitCritical
                0x20020c84       0x60 C:/ISIS/workspace/SecretGlobusSatProject/satellite-subsystems/demo/../..//hal/freertos/lib\libFreeRTOSD.a(port.o)
                0x20020c84                vPortExitCritical
 .text.vListInitialise
                0x20020ce4       0x64 C:/ISIS/workspace/SecretGlobusSatProject/satellite-subsystems/demo/../..//hal/freertos/lib\libFreeRTOSD.a(list.o)
                0x20020ce4                vListInitialise
 .text.vListInitialiseItem
                0x20020d48       0x28 C:/ISIS/workspace/SecretGlobusSatProject/satellite-subsystems/demo/../..//hal/freertos/lib\libFreeRTOSD.a(list.o)
                0x20020d48                vListInitialiseItem
 .text.vListInsertEnd
                0x20020d70       0x84 C:/ISIS/workspace/SecretGlobusSatProject/satellite-subsystems/demo/../..//hal/freertos/lib\libFreeRTOSD.a(list.o)
                0x20020d70                vListInsertEnd
 .text.vListInsert
                0x20020df4       0xd4 C:/ISIS/workspace/SecretGlobusSatProject/satellite-subsystems/demo/../..//hal/freertos/lib\libFreeRTOSD.a(list.o)
                0x20020df4                vListInsert
 .text.uxListRemove
                0x20020ec8       0xa0 C:/ISIS/workspace/SecretGlobusSatProject/satellite-subsystems/demo/../..//hal/freertos/lib\libFreeRTOSD.a(list.o)
                0x20020ec8                uxListRemove
 .text._read    0x20020f68       0xa4 C:/ISIS/workspace/SecretGlobusSatProject/satellite-subsystems/demo/../..//hal/at91/lib\libAt91D.a(syscalls.o)
                0x20020f68                _read
 .text._write   0x2002100c       0xb8 C:/ISIS/workspace/SecretGlobusSatProject/satellite-subsystems/demo/../..//hal/at91/lib\libAt91D.a(syscalls.o)
                0x2002100c                _write
 .text._lseek   0x200210c4       0x2c C:/ISIS/workspace/SecretGlobusSatProject/satellite-subsystems/demo/../..//hal/at91/lib\libAt91D.a(syscalls.o)
                0x200210c4                _lseek
 .text._close   0x200210f0       0x24 C:/ISIS/workspace/SecretGlobusSatProject/satellite-subsystems/demo/../..//hal/at91/lib\libAt91D.a(syscalls.o)
                0x200210f0                _close
 .text._fstat   0x20021114       0x28 C:/ISIS/workspace/SecretGlobusSatProject/satellite-subsystems/demo/../..//hal/at91/lib\libAt91D.a(syscalls.o)
                0x20021114                _fstat
 .text._isatty  0x2002113c       0x38 C:/ISIS/workspace/SecretGlobusSatProject/satellite-subsystems/demo/../..//hal/at91/lib\libAt91D.a(syscalls.o)
                0x2002113c                _isatty
 .text.exit     0x20021174       0x28 C:/ISIS/workspace/SecretGlobusSatProject/satellite-subsystems/demo/../..//hal/at91/lib\libAt91D.a(syscalls.o)
                0x20021174                exit
 .text._sbrk    0x2002119c       0xac C:/ISIS/workspace/SecretGlobusSatProject/satellite-subsystems/demo/../..//hal/at91/lib\libAt91D.a(syscalls.o)
                0x2002119c                _sbrk
 .text.AIC_ConfigureIT
                0x20021248       0x74 C:/ISIS/workspace/SecretGlobusSatProject/satellite-subsystems/demo/../..//hal/at91/lib\libAt91D.a(aic.o)
                0x20021248                AIC_ConfigureIT
 .text.AIC_EnableIT
                0x200212bc       0x34 C:/ISIS/workspace/SecretGlobusSatProject/satellite-subsystems/demo/../..//hal/at91/lib\libAt91D.a(aic.o)
                0x200212bc                AIC_EnableIT
 .text.AIC_DisableIT
                0x200212f0       0x34 C:/ISIS/workspace/SecretGlobusSatProject/satellite-subsystems/demo/../..//hal/at91/lib\libAt91D.a(aic.o)
                0x200212f0                AIC_DisableIT
 .text.CP15_Enable_I_Cache
                0x20021324       0x4c C:/ISIS/workspace/SecretGlobusSatProject/satellite-subsystems/demo/../..//hal/at91/lib\libAt91D.a(cp15.o)
                0x20021324                CP15_Enable_I_Cache
 .text.CP15_Disable_I_Cache
                0x20021370       0x5c C:/ISIS/workspace/SecretGlobusSatProject/satellite-subsystems/demo/../..//hal/at91/lib\libAt91D.a(cp15.o)
                0x20021370                CP15_Disable_I_Cache
 .text.CP15_DisableMMU
                0x200213cc       0x68 C:/ISIS/workspace/SecretGlobusSatProject/satellite-subsystems/demo/../..//hal/at91/lib\libAt91D.a(cp15.o)
                0x200213cc                CP15_DisableMMU
 .text.CP15_Disable_D_Cache
                0x20021434       0x5c C:/ISIS/workspace/SecretGlobusSatProject/satellite-subsystems/demo/../..//hal/at91/lib\libAt91D.a(cp15.o)
                0x20021434                CP15_Disable_D_Cache
 .text.DBGU_Configure
                0x20021490       0x84 C:/ISIS/workspace/SecretGlobusSatProject/satellite-subsystems/demo/../..//hal/at91/lib\libAt91D.a(dbgu.o)
                0x20021490                DBGU_Configure
 .text.DBGU_PutChar
                0x20021514       0x60 C:/ISIS/workspace/SecretGlobusSatProject/satellite-subsystems/demo/../..//hal/at91/lib\libAt91D.a(dbgu.o)
                0x20021514                DBGU_PutChar
 .text.DBGU_IsRxReady
                0x20021574       0x28 C:/ISIS/workspace/SecretGlobusSatProject/satellite-subsystems/demo/../..//hal/at91/lib\libAt91D.a(dbgu.o)
                0x20021574                DBGU_IsRxReady
 .text.DBGU_GetChar
                0x2002159c       0x40 C:/ISIS/workspace/SecretGlobusSatProject/satellite-subsystems/demo/../..//hal/at91/lib\libAt91D.a(dbgu.o)
                0x2002159c                DBGU_GetChar
 .text.PIO_SetPeripheralA
                0x200215dc       0x74 C:/ISIS/workspace/SecretGlobusSatProject/satellite-subsystems/demo/../..//hal/at91/lib\libAt91D.a(pio.o)
 .text.PIO_SetPeripheralB
                0x20021650       0x74 C:/ISIS/workspace/SecretGlobusSatProject/satellite-subsystems/demo/../..//hal/at91/lib\libAt91D.a(pio.o)
 .text.PIO_SetInput